SD boot...
Initializing....using SPD
2 GiB left unmapped


U-Boot 2016.092.0+ga06b209 (Jul 12 2018 - 23:44:34 +0200)

CPU0:  T2080E, Version: 1.1, (0x85380011)
Core:  e6500, Version: 2.0, (0x80400120)
Clock Configuration:
       CPU0:1799.820 MHz, CPU1:1799.820 MHz, CPU2:1799.820 MHz, CPU3:1799.820 MHz,
       CCB:599.940 MHz,
       DDR:933.310 MHz (1866.620 MT/s data rate) (Asynchronous), IFC:599.940 MHz
       FMAN1: 699.930 MHz
       QMAN:  299.970 MHz
       PME:   599.940 MHz
L1:    D-cache 32 KiB enabled
       I-cache 32 KiB enabled
Reset Configuration Word (RCW):
       00000000: 1207001b 15000000 00000000 00000000
       00000010: 66150002 00000000 68104000 c1000000
       00000020: 00800000 00000000 00000000 000307fc
       00000030: 00000000 00000000 00000000 00000004
Board: T2080RDB, Board rev: 0x01 CPLD ver: 0x03, boot from SD/MMC
SERDES Reference Clocks:
SD1_CLK1=156.25MHZ, SD1_CLK2=100.00MHZ
SD2_CLK1=100.00MHZ, SD2_CLK2=100.00MHZ
I2C:   ready
SPI:   ready
DRAM:  Detected UDIMM D3XP56082XL10AA
2 GiB left unmapped
4 GiB (DDR3, 64-bit, CL=13, ECC on)
       DDR Chip-Select Interleaving Mode: CS0+CS1
Flash: 128 MiB
L2:    2 MiB enabled
Corenet Platform Cache: 512 KiB enabled
Using SERDES1 Protocol: 102 (0x66)
Using SERDES2 Protocol: 21 (0x15)
SEC0: RNG instantiated
NAND:  512 MiB
MMC:   FSL_SDHC: 0
EEPROM: Invalid ID (ff ff ff ff)
PCIe1: Endpoint, undetermined, regs @ 0xfe240000
PCIe1: Bus 00 - 00
PCIe2: Root Complex, x1 gen1, regs @ 0xfe250000
PCIe2: Bus 01 - 02
PCIe3: disabled
PCIe4: Root Complex, x4 gen1, regs @ 0xfe270000
  04:00.0     - 1002:6758 - Display controller
  04:00.1     - 1002:aa90 - Multimedia device
PCIe4: Bus 03 - 04
Video: No radeon video card found!
In:    serial
Out:   serial
Err:   serial
Net:
MMC read: dev # 0, block # 2080, count 128 ...
Fman1: Uploading microcode version 106.4.18
MMC read: dev # 0, block # 2208, count 512 ...
Not found Cortina PHY ucode at 0x00114000
MMC read: dev # 0, block # 2208, count 512 ...
Not found Cortina PHY ucode at 0x00114000
FM1@DTSEC3 [PRIME], FM1@DTSEC4, FM1@TGEC1, FM1@TGEC2, FM1@TGEC3, FM1@TGEC4
Hit any key to stop autoboot:  0
Device: FSL_SDHC
Manufacturer ID: 3
OEM: 5344
Name: SU16G
Tran Speed: 50000000
Rd Block Len: 512
SD version 3.0
High Capacity: Yes
Capacity: 14.8 GiB
Bus Width: 4-bit
Erase Group Size: 512 Bytes
12886784 bytes read in 647 ms (19 MiB/s)
36545 bytes read in 56 ms (636.7 KiB/s)
WARNING: adjusting available memory to 30000000
## Booting kernel from Legacy Image at 03000000 ...
   Image Name:   Linux-5.7.10_e6500
   Image Type:   PowerPC Linux Kernel Image (gzip compressed)
   Data Size:    12886720 Bytes = 12.3 MiB
   Load Address: 00000000
   Entry Point:  00000000
   Verifying Checksum ... OK
## Flattened Device Tree blob at 05000000
   Booting using the fdt blob at 0x5000000
   Uncompressing Kernel Image ... OK
   Loading Device Tree to 03fe4000, end 03fffec0 ... OK
OF: reserved mem: initialized node qman-fqd, compatible id fsl,qman-fqd
OF: reserved mem: initialized node qman-pfdr, compatible id fsl,qman-pfdr
OF: reserved mem: initialized node bman-fbpr, compatible id fsl,bman-fbpr
MMU: Supported page sizes
         4 KB as direct
      2048 KB as direct & indirect
      4096 KB as direct
     16384 KB as direct
     65536 KB as direct
    262144 KB as direct
   1048576 KB as direct
MMU: Book3E HW tablewalk enabled
Linux version 5.7.10_e6500 (mario@mario-VirtualBox) (gcc version 9.2.1 20191008 (Ubuntu 9.2.1-9ubuntu1), GNU ld (GNU Binutils for Ubuntu) 2.33) #1 SMP PREEMPT Sat Jul 25 16:35:34 CEST 2020
Using CoreNet Generic machine description
ioremap() called early from .find_legacy_serial_ports+0x6d0/0x7c0. Use early_ioremap() instead
printk: bootconsole [udbg0] enabled
CPU maps initialized for 2 threads per core
-----------------------------------------------------
phys_mem_size     = 0x100000000
dcache_bsize      = 0x40
icache_bsize      = 0x40
cpu_features      = 0x00000003009003b6
  possible        = 0x00000003009003b6
  always          = 0x00000003008003b4
cpu_user_features = 0xdc008000 0x08000000
mmu_features      = 0x000a0010
firmware_features = 0x0000000000000000
-----------------------------------------------------
ioremap() called early from .of_iomap+0x3c/0x80. Use early_ioremap() instead
CoreNet Generic board
barrier-nospec: using isync; sync as speculation barrier
Zone ranges:
  DMA      [mem 0x0000000000000000-0x000000007fffffff]
  Normal   [mem 0x0000000080000000-0x00000000ffffffff]
Movable zone start for each node
Early memory node ranges
  node   0: [mem 0x0000000000000000-0x00000000ffffffff]
Initmem setup node 0 [mem 0x0000000000000000-0x00000000ffffffff]
MMU: Allocated 2112 bytes of context maps for 255 contexts
percpu: Embedded 21 pages/cpu s45392 r0 d40624 u131072
Built 1 zonelists, mobility grouping on.  Total pages: 1034240
Kernel command line: root=/dev/sda1 rw rootdelay=5 console=ttyS0,115200
Dentry cache hash table entries: 524288 (order: 10, 4194304 bytes, linear)
Inode-cache hash table entries: 262144 (order: 9, 2097152 bytes, linear)
mem auto-init: stack:off, heap alloc:off, heap free:off
Memory: 3948936K/4194304K available (17756K kernel code, 2140K rwdata, 9096K rodata, 468K init, 748K bss, 245368K reserved, 0K cma-reserved)
SLUB: HWalign=64, Order=0-3, MinObjects=0, CPUs=8, Nodes=1
rcu: Preemptible hierarchical RCU implementation.
        Tasks RCU enabled.
rcu: RCU calculated value of scheduler-enlistment delay is 100 jiffies.
NR_IRQS: 512, nr_irqs: 512, preallocated irqs: 16
mpic: Setting up MPIC " OpenPIC  " version 1.2 at ffe040000, max 8 CPUs
mpic: ISU size: 512, shift: 9, mask: 1ff
mpic: Initializing for 512 sources
random: get_random_u64 called from .start_kernel+0x6fc/0x954 with crng_init=0
clocksource: timebase: mask: 0xffffffffffffffff max_cycles: 0x8a5d528ca, max_idle_ns: 440795203517 ns
clocksource: timebase mult[1aab5972] shift[24] registered
Console: colour dummy device 80x25
pid_max: default: 32768 minimum: 301
Mount-cache hash table entries: 8192 (order: 4, 65536 bytes, linear)
Mountpoint-cache hash table entries: 8192 (order: 4, 65536 bytes, linear)
e6500 family performance monitor hardware support registered
rcu: Hierarchical SRCU implementation.
smp: Bringing up secondary CPUs ...
smp: Brought up 1 node, 8 CPUs
Using shared cache scheduler topology
devtmpfs: initialized
clocksource: jiffies: mask: 0xffffffff max_cycles: 0xffffffff, max_idle_ns: 1911260446275000 ns
futex hash table entries: 2048 (order: 5, 131072 bytes, linear)
xor: measuring software checksum speed
   8regs     :  3572.000 MB/sec
   8regs_prefetch:  3200.000 MB/sec
   32regs    :  2856.000 MB/sec
   32regs_prefetch:  2668.000 MB/sec
   altivec   :  5652.000 MB/sec
xor: using function: altivec (5652.000 MB/sec)
thermal_sys: Registered thermal governor 'step_wise'
NET: Registered protocol family 16
audit: initializing netlink subsys (disabled)
audit: type=2000 audit(0.078:1): state=initialized audit_enabled=0 res=1
cpuidle: using governor ladder
cpuidle: using governor menu
Machine: fsl,T2080RDB
SoC family: QorIQ T2080
SoC ID: svr:0x85380011, Revision: 1.1
OF: Can't handle multiple dma-ranges with different offsets on node(/pcie@ffe240000)
OF: Can't handle multiple dma-ranges with different offsets on node(/pcie@ffe240000)
fsl-pci ffe240000.pcie: Invalid size 0xfffff9 for dma-range
OF: Can't handle multiple dma-ranges with different offsets on node(/pcie@ffe250000)
OF: Can't handle multiple dma-ranges with different offsets on node(/pcie@ffe250000)
fsl-pci ffe250000.pcie: Invalid size 0xfffff9 for dma-range
Found FSL PCI host bridge at 0x0000000ffe250000. Firmware bus number: 0->1
PCI host bridge /pcie@ffe250000  ranges:
 MEM 0x0000000c20000000..0x0000000c2fffffff -> 0x00000000e0000000
  IO 0x0000000ff8010000..0x0000000ff801ffff -> 0x0000000000000000
/pcie@ffe250000: PCICSRBAR @ 0xff000007
setup_pci_atmu: end of DRAM 100000000
/pcie@ffe250000: Setup 64-bit PCI DMA window
/pcie@ffe250000: WARNING: Outbound window cfg leaves gaps in memory map. Adjusting the memory map could reduce unnecessary bounce buffering.
/pcie@ffe250000: DMA window size is 0xe0000000
OF: Can't handle multiple dma-ranges with different offsets on node(/pcie@ffe270000)
OF: Can't handle multiple dma-ranges with different offsets on node(/pcie@ffe270000)
fsl-pci ffe270000.pcie: Invalid size 0xfffff9 for dma-range
Found FSL PCI host bridge at 0x0000000ffe270000. Firmware bus number: 0->1
PCI host bridge /pcie@ffe270000  ranges:
 MEM 0x0000000c40000000..0x0000000c5fffffff -> 0x00000000e0000000
  IO 0x0000000ff8030000..0x0000000ff803ffff -> 0x0000000000000000
/pcie@ffe270000: PCICSRBAR @ 0xdf000007
setup_pci_atmu: end of DRAM 100000000
/pcie@ffe270000: Setup 64-bit PCI DMA window
/pcie@ffe270000: DMA window size is 0xdf000007
software IO TLB: mapped [mem 0x03ff7000-0x07ff7000] (64MB)
PCI: Probing PCI hardware
fsl-pci ffe250000.pcie: PCI host bridge to bus 0000:00
pci_bus 0000:00: root bus resource [io  0x8000080000010000-0x800008000001ffff] (bus address [0x0000-0xffff])
pci_bus 0000:00: root bus resource [mem 0xc20000000-0xc2fffffff] (bus address [0xe0000000-0xefffffff])
pci_bus 0000:00: root bus resource [bus 00-01]
pci_bus 0000:00: busn_res: [bus 00-01] end is updated to ff
pci 0000:00:00.0: [1957:0830] type 01 class 0x0b2000
pci 0000:00:00.0: [Firmware Bug]: reg 0x10: invalid BAR (can't size)
pci 0000:00:00.0: reg 0x38: [mem 0xc20000000-0xc20ffffff pref]
pci 0000:00:00.0: supports D1 D2
pci 0000:00:00.0: PME# supported from D0 D1 D2 D3hot
pci 0000:00:00.0: PCI bridge to [bus 01-ff]
pci 0000:00:00.0:   bridge window [mem 0xc20000000-0xc20ffffff]
pci_bus 0000:01: busn_res: [bus 01-ff] end is updated to 01
pci_bus 0000:00: busn_res: [bus 00-ff] end is updated to 01
fsl-pci ffe270000.pcie: PCI host bridge to bus 0001:00
pci_bus 0001:00: root bus resource [io  0x8000080000021000-0x8000080000030fff] (bus address [0x0000-0xffff])
pci_bus 0001:00: root bus resource [mem 0xc40000000-0xc5fffffff] (bus address [0xe0000000-0xffffffff])
pci_bus 0001:00: root bus resource [bus 00-01]
pci_bus 0001:00: busn_res: [bus 00-01] end is updated to ff
pci 0001:00:00.0: [1957:0830] type 01 class 0x0b2000
pci 0001:00:00.0: reg 0x10: [io  0xdf000004-0xdf000007]
pci 0001:00:00.0: reg 0x38: [mem 0xc40000000-0xc40ffffff pref]
pci 0001:00:00.0: supports D1 D2
pci 0001:00:00.0: PME# supported from D0 D1 D2 D3hot
pci 0001:01:00.0: [1002:6758] type 00 class 0x030000
pci 0001:01:00.0: reg 0x10: [mem 0xc50000000-0xc5fffffff 64bit pref]
pci 0001:01:00.0: reg 0x18: [mem 0x1000fffe0000-0x1000ffffffff 64bit]
pci 0001:01:00.0: reg 0x20: [io  0x8000080000022100-0x80000800000221ff]
pci 0001:01:00.0: reg 0x30: [mem 0xc5ffe0000-0xc5fffffff pref]
pci 0001:01:00.0: enabling Extended Tags
pci 0001:01:00.0: supports D1 D2
pci 0001:01:00.0: 8.000 Gb/s available PCIe bandwidth, limited by 2.5 GT/s PCIe x4 link at 0001:00:00.0 (capable of 32.000 Gb/s with 2.5 GT/s PCIe x16 link)
pci 0001:01:00.1: [1002:aa90] type 00 class 0x040300
pci 0001:01:00.1: reg 0x10: [mem 0x1200ffffc000-0x1200ffffffff 64bit]
pci 0001:01:00.1: enabling Extended Tags
pci 0001:01:00.1: supports D1 D2
pci 0001:00:00.0: PCI bridge to [bus 01-ff]
pci 0001:00:00.0:   bridge window [io  0x8000080000022000-0x8000080000022fff]
pci 0001:00:00.0:   bridge window [mem 0xc40000000-0xc5fffffff]
pci_bus 0001:01: busn_res: [bus 01-ff] end is updated to 01
pci_bus 0001:00: busn_res: [bus 00-ff] end is updated to 01
PCI: Cannot allocate resource region 6 of device 0000:00:00.0, will remap
PCI: Cannot allocate resource region 0 of device 0001:00:00.0, will remap
PCI: Cannot allocate resource region 6 of device 0001:00:00.0, will remap
PCI: Cannot allocate resource region 2 of device 0001:01:00.0, will remap
PCI: Cannot allocate resource region 6 of device 0001:01:00.0, will remap
PCI: Cannot allocate resource region 0 of device 0001:01:00.1, will remap
pci 0000:00:00.0: BAR 6: no space for [mem size 0x01000000 pref]
pci 0000:00:00.0: BAR 6: failed to assign [mem size 0x01000000 pref]
pci 0000:00:00.0: PCI bridge to [bus 01]
pci 0000:00:00.0:   bridge window [io  0x8000080000010000-0x800008000001ffff]
pci 0000:00:00.0:   bridge window [mem 0xc20000000-0xc2fffffff]
pci_bus 0000:00: resource 4 [io  0x8000080000010000-0x800008000001ffff]
pci_bus 0000:00: resource 5 [mem 0xc20000000-0xc2fffffff]
pci_bus 0000:01: resource 0 [io  0x8000080000010000-0x800008000001ffff]
pci_bus 0000:01: resource 1 [mem 0xc20000000-0xc2fffffff]
pci 0001:00:00.0: BAR 6: no space for [mem size 0x01000000 pref]
pci 0001:00:00.0: BAR 6: failed to assign [mem size 0x01000000 pref]
pci 0001:00:00.0: BAR 15: no space for [mem size 0x00100000 pref]
pci 0001:00:00.0: BAR 15: failed to assign [mem size 0x00100000 pref]
pci 0001:00:00.0: BAR 0: no space for [io  size 0x0004]
pci 0001:00:00.0: BAR 0: failed to assign [io  size 0x0004]
pci 0001:01:00.0: BAR 2: assigned [mem 0xc40000000-0xc4001ffff 64bit]
pci 0001:01:00.0: BAR 6: assigned [mem 0xc40020000-0xc4003ffff pref]
pci 0001:01:00.1: BAR 0: assigned [mem 0xc40040000-0xc40043fff 64bit]
pci 0001:00:00.0: PCI bridge to [bus 01]
pci 0001:00:00.0:   bridge window [io  0x8000080000021000-0x8000080000030fff]
pci 0001:00:00.0:   bridge window [mem 0xc40000000-0xc5fffffff]
pci_bus 0001:00: Some PCI device resources are unassigned, try booting with pci=realloc
pci_bus 0001:00: resource 4 [io  0x8000080000021000-0x8000080000030fff]
pci_bus 0001:00: resource 5 [mem 0xc40000000-0xc5fffffff]
pci_bus 0001:01: resource 0 [io  0x8000080000021000-0x8000080000030fff]
pci_bus 0001:01: resource 1 [mem 0xc40000000-0xc5fffffff]
Setting up RapidIO peer-to-peer network /rapidio@ffe0c0000
fsl-of-rio ffe0c0000.rapidio: Of-device full name /rapidio@ffe0c0000
fsl-of-rio ffe0c0000.rapidio: Regs: [mem 0xffe0c0000-0xffe0d0fff]
fsl-of-rio ffe0c0000.rapidio: No valid fsl,srio-rmu-handle property
fsl-of-rio: probe of ffe0c0000.rapidio failed with error -2
raid6: altivecx8 gen()  4582 MB/s
raid6: altivecx4 gen()  4649 MB/s
raid6: altivecx2 gen()  4458 MB/s
raid6: altivecx1 gen()  3789 MB/s
raid6: int64x8  gen()  2128 MB/s
raid6: int64x8  xor()  1154 MB/s
raid6: int64x4  gen()  2348 MB/s
raid6: int64x4  xor()  1187 MB/s
raid6: int64x2  gen()  2047 MB/s
raid6: int64x2  xor()  1000 MB/s
raid6: int64x1  gen()  1656 MB/s
raid6: int64x1  xor()   760 MB/s
raid6: using algorithm altivecx4 gen() 4649 MB/s
raid6: using intx1 recovery algorithm
Freescale Elo series DMA driver
fsl-elo-dma ffe100300.dma: #0 (fsl,eloplus-dma-channel), irq 28
fsl-elo-dma ffe100300.dma: #1 (fsl,eloplus-dma-channel), irq 29
fsl-elo-dma ffe100300.dma: #2 (fsl,eloplus-dma-channel), irq 30
fsl-elo-dma ffe100300.dma: #3 (fsl,eloplus-dma-channel), irq 31
fsl-elo-dma ffe100300.dma: #4 (fsl,eloplus-dma-channel), irq 76
fsl-elo-dma ffe100300.dma: #5 (fsl,eloplus-dma-channel), irq 77
fsl-elo-dma ffe100300.dma: #6 (fsl,eloplus-dma-channel), irq 78
fsl-elo-dma ffe100300.dma: #7 (fsl,eloplus-dma-channel), irq 79
fsl-elo-dma ffe101300.dma: #0 (fsl,eloplus-dma-channel), irq 32
fsl-elo-dma ffe101300.dma: #1 (fsl,eloplus-dma-channel), irq 33
fsl-elo-dma ffe101300.dma: #2 (fsl,eloplus-dma-channel), irq 34
fsl-elo-dma ffe101300.dma: #3 (fsl,eloplus-dma-channel), irq 35
fsl-elo-dma ffe101300.dma: #4 (fsl,eloplus-dma-channel), irq 80
fsl-elo-dma ffe101300.dma: #5 (fsl,eloplus-dma-channel), irq 81
fsl-elo-dma ffe101300.dma: #6 (fsl,eloplus-dma-channel), irq 82
fsl-elo-dma ffe101300.dma: #7 (fsl,eloplus-dma-channel), irq 83
fsl-elo-dma ffe102300.dma: #0 (fsl,eloplus-dma-channel), irq 464
fsl-elo-dma ffe102300.dma: #1 (fsl,eloplus-dma-channel), irq 465
fsl-elo-dma ffe102300.dma: #2 (fsl,eloplus-dma-channel), irq 466
fsl-elo-dma ffe102300.dma: #3 (fsl,eloplus-dma-channel), irq 467
fsl-elo-dma ffe102300.dma: #4 (fsl,eloplus-dma-channel), irq 473
fsl-elo-dma ffe102300.dma: #5 (fsl,eloplus-dma-channel), irq 474
fsl-elo-dma ffe102300.dma: #6 (fsl,eloplus-dma-channel), irq 475
fsl-elo-dma ffe102300.dma: #7 (fsl,eloplus-dma-channel), irq 476
pci 0001:01:00.0: vgaarb: VGA device added: decodes=io+mem,owns=none,locks=none
pci 0001:01:00.0: vgaarb: bridge control possible
pci 0001:01:00.0: vgaarb: setting as boot device (VGA legacy resources not available)
vgaarb: loaded
SCSI subsystem initialized
usbcore: registered new interface driver usbfs
usbcore: registered new interface driver hub
usbcore: registered new device driver usb
pps_core: LinuxPPS API ver. 1 registered
pps_core: Software ver. 5.3.6 - Copyright 2005-2007 Rodolfo Giometti <giometti@linux.it>
PTP clock support registered
EDAC MC: Ver: 3.0.0
Advanced Linux Sound Architecture Driver Initialized.
NET: Registered protocol family 8
NET: Registered protocol family 20
clocksource: Switched to clocksource timebase
FS-Cache: Loaded
CacheFiles: Loaded
NET: Registered protocol family 2
tcp_listen_portaddr_hash hash table entries: 2048 (order: 3, 32768 bytes, linear)
TCP established hash table entries: 32768 (order: 6, 262144 bytes, linear)
TCP bind hash table entries: 32768 (order: 7, 524288 bytes, linear)
TCP: Hash tables configured (established 32768 bind 32768)
UDP hash table entries: 2048 (order: 4, 65536 bytes, linear)
UDP-Lite hash table entries: 2048 (order: 4, 65536 bytes, linear)
NET: Registered protocol family 1
RPC: Registered named UNIX socket transport module.
RPC: Registered udp transport module.
RPC: Registered tcp transport module.
RPC: Registered tcp NFSv4.1 backchannel transport module.
pci 0001:01:00.1: D0 power state depends on 0001:01:00.0
PCI: CLS 32 bytes, default 64
Initialise system trusted keyrings
workingset: timestamp_bits=62 max_order=20 bucket_order=0
zbud: loaded
squashfs: version 4.0 (2009/01/31) Phillip Lougher
Key type cifs.idmap registered
ntfs: driver 2.1.32 [Flags: R/W].
jffs2: version 2.2. (NAND) (SUMMARY)  © 2001-2006 Red Hat, Inc.
fuse: init (API version 7.31)
NET: Registered protocol family 38
Key type asymmetric registered
Asymmetric key parser 'x509' registered
Block layer SCSI generic (bsg) driver version 0.4 loaded (major 248)
io scheduler mq-deadline registered
io scheduler kyber registered
crc32: CRC_LE_BITS = 64, CRC_BE BITS = 64
crc32: self tests passed, processed 225944 bytes in 314751 nsec
crc32c: CRC_LE_BITS = 64
crc32c: self tests passed, processed 225944 bytes in 145775 nsec
crc32_combine: 8373 self tests passed
crc32c_combine: 8373 self tests passed
OF: Can't handle multiple dma-ranges with different offsets on node(/pcie@ffe250000)
OF: Can't handle multiple dma-ranges with different offsets on node(/pcie@ffe250000)
pcieport 0000:00:00.0: Invalid size 0xfffff9 for dma-range
pcieport 0000:00:00.0: PME: Signaling with IRQ 21
pcieport 0000:00:00.0: AER: enabled with IRQ 21
OF: Can't handle multiple dma-ranges with different offsets on node(/pcie@ffe270000)
OF: Can't handle multiple dma-ranges with different offsets on node(/pcie@ffe270000)
pcieport 0001:00:00.0: Invalid size 0xfffff9 for dma-range
pcieport 0001:00:00.0: PME: Signaling with IRQ 23
pcieport 0001:00:00.0: AER: enabled with IRQ 23
bman_portal ff4000000.bman-portal: Portal initialised, cpu 0
bman_portal ff4004000.bman-portal: Portal initialised, cpu 1
bman_portal ff4008000.bman-portal: Portal initialised, cpu 2
bman_portal ff400c000.bman-portal: Portal initialised, cpu 3
bman_portal ff4010000.bman-portal: Portal initialised, cpu 4
bman_portal ff4014000.bman-portal: Portal initialised, cpu 5
bman_portal ff4018000.bman-portal: Portal initialised, cpu 6
bman_portal ff401c000.bman-portal: Portal initialised, cpu 7
qman_portal ff6000000.qman-portal: Portal initialised, cpu 0
qman_portal ff6004000.qman-portal: Portal initialised, cpu 1
qman_portal ff6008000.qman-portal: Portal initialised, cpu 2
qman_portal ff600c000.qman-portal: Portal initialised, cpu 3
qman_portal ff6010000.qman-portal: Portal initialised, cpu 4
qman_portal ff6014000.qman-portal: Portal initialised, cpu 5
qman_portal ff6018000.qman-portal: Portal initialised, cpu 6
qman_portal ff601c000.qman-portal: Portal initialised, cpu 7
Serial: 8250/16550 driver, 4 ports, IRQ sharing enabled
printk: console [ttyS0] disabled
serial8250.0: ttyS0 at MMIO 0xffe11c500 (irq = 36, base_baud = 18748125) is a 16550A
printk: console [ttyS0] enabled
printk: console [ttyS0] enabled
printk: bootconsole [udbg0] disabled
printk: bootconsole [udbg0] disabled
serial8250.0: ttyS1 at MMIO 0xffe11c600 (irq = 36, base_baud = 18748125) is a 16550A
serial8250.0: ttyS2 at MMIO 0xffe11d500 (irq = 37, base_baud = 18748125) is a 16550A
serial8250.0: ttyS3 at MMIO 0xffe11d600 (irq = 37, base_baud = 18748125) is a 16550A
ePAPR hypervisor byte channel driver
[drm] radeon kernel modesetting enabled.
OF: Can't handle multiple dma-ranges with different offsets on node(/pcie@ffe270000)
OF: Can't handle multiple dma-ranges with different offsets on node(/pcie@ffe270000)
radeon 0001:01:00.0: Invalid size 0xfffff9 for dma-range
radeon 0001:01:00.0: vgaarb: deactivate vga console
[drm] initializing kernel modesetting (TURKS 0x1002:0x6758 0x1043:0x03EA 0x00).
ATOM BIOS: 6758.13.12.0.9.AS02
[drm] GPU not posted. posting now...
radeon 0001:01:00.0: VRAM: 1024M 0x0000000000000000 - 0x000000003FFFFFFF (1024M used)
radeon 0001:01:00.0: GTT: 1024M 0x0000000040000000 - 0x000000007FFFFFFF
[drm] Detected VRAM RAM=1024M, BAR=256M
[drm] RAM width 128bits DDR
[TTM] Zone  kernel: Available graphics memory: 1974468 KiB
[TTM] Initializing pool allocator
[TTM] Initializing DMA pool allocator
[drm] radeon: 1024M of VRAM memory ready
[drm] radeon: 1024M of GTT memory ready.
[drm] Loading TURKS Microcode
[drm] Internal thermal controller with fan control
[drm] radeon: dpm initialized
[drm] GART: num cpu pages 262144, num gpu pages 262144
[drm] enabling PCIE gen 2 link speeds, disable with radeon.pcie_gen2=0
[drm] PCIE GART of 1024M enabled (table at 0x0000000000162000).
radeon 0001:01:00.0: WB enabled
radeon 0001:01:00.0: fence driver on ring 0 use gpu addr 0x0000000040000c00 and cpu addr 0x(____ptrval____)
radeon 0001:01:00.0: fence driver on ring 3 use gpu addr 0x0000000040000c0c and cpu addr 0x(____ptrval____)
radeon 0001:01:00.0: fence driver on ring 5 use gpu addr 0x0000000000072118 and cpu addr 0x(____ptrval____)
[drm] Supports vblank timestamp caching Rev 2 (21.10.2013).
radeon 0001:01:00.0: radeon: MSI limited to 32-bit
radeon 0001:01:00.0: radeon: using MSI.
[drm] radeon: irq initialized.
[drm] ring test on 0 succeeded in 1 usecs
[drm] ring test on 3 succeeded in 8 usecs
[drm] ring test on 5 succeeded in 2 usecs
[drm] UVD initialized successfully.
[drm] ib test on ring 0 succeeded in 0 usecs
[drm] ib test on ring 3 succeeded in 0 usecs
[drm] ib test on ring 5 succeeded
[drm] Radeon Display Connectors
[drm] Connector 0:
[drm]   DP-1
[drm]   HPD4
[drm]   DDC: 0x6480 0x6480 0x6484 0x6484 0x6488 0x6488 0x648c 0x648c
[drm]   Encoders:
[drm]     DFP1: INTERNAL_UNIPHY2
[drm] Connector 1:
[drm]   HDMI-A-1
[drm]   HPD2
[drm]   DDC: 0x6470 0x6470 0x6474 0x6474 0x6478 0x6478 0x647c 0x647c
[drm]   Encoders:
[drm]     DFP2: INTERNAL_UNIPHY2
[drm] Connector 2:
[drm]   DVI-I-1
[drm]   HPD1
[drm]   DDC: 0x6460 0x6460 0x6464 0x6464 0x6468 0x6468 0x646c 0x646c
[drm]   Encoders:
[drm]     DFP3: INTERNAL_UNIPHY
[drm]     CRT1: INTERNAL_KLDSCP_DAC1
[drm] fb mappable at 0xC50363000
[drm] vram apper at 0xC50000000
[drm] size 8294400
[drm] fb depth is 24
[drm]    pitch is 7680
Console: switching to colour frame buffer device 240x67
radeon 0001:01:00.0: fb0: radeondrmfb frame buffer device
[drm] Initialized radeon 2.50.0 20080528 for 0001:01:00.0 on minor 0
brd: module loaded
loop: module loaded
zram: Added device: zram0
eeprom 4-0050: eeprom driver is deprecated, please use at24 instead
eeprom 6-0050: eeprom driver is deprecated, please use at24 instead
fsl-sata ffe220000.sata: Sata FSL Platform/CSB Driver init
scsi host0: sata_fsl
ata1: SATA max UDMA/133 irq 68
fsl-sata ffe221000.sata: Sata FSL Platform/CSB Driver init
scsi host1: sata_fsl
ata2: SATA max UDMA/133 irq 69
fsl_espi ffe110000.spi: cs=0, init_csmode=0x100008
spi-nor spi0.0: found n25q512ax3, expected n25q512a
spi-nor spi0.0: n25q512ax3 (65536 Kbytes)
random: fast init done
ftl_cs: FTL header not found.
fsl_espi ffe110000.spi: at 0x(____ptrval____) (irq = 53)
libphy: Fixed MDIO Bus: probed
libphy: Freescale XGMAC MDIO Bus: probed
libphy: Freescale XGMAC MDIO Bus: probed
libphy: Freescale XGMAC MDIO Bus: probed
libphy: Freescale XGMAC MDIO Bus: probed
libphy: Freescale XGMAC MDIO Bus: probed
libphy: Freescale XGMAC MDIO Bus: probed
libphy: Freescale XGMAC MDIO Bus: probed
libphy: Freescale XGMAC MDIO Bus: probed
libphy: Freescale XGMAC MDIO Bus: probed
libphy: Freescale XGMAC MDIO Bus: probed
fsl_dpaa_mac ffe4e0000.ethernet: of_get_mac_address(/soc@ffe000000/fman@400000/ethernet@e0000) failed
fsl_dpaa_mac ffe4e0000.ethernet: of_count_phandle_with_args(/soc@ffe000000/fman@400000/ethernet@e0000, fsl,fman-ports) failed
fsl_dpaa_mac: probe of ffe4e0000.ethernet failed with error -2
fsl_dpaa_mac ffe4e2000.ethernet: of_get_mac_address(/soc@ffe000000/fman@400000/ethernet@e2000) failed
fsl_dpaa_mac ffe4e2000.ethernet: of_count_phandle_with_args(/soc@ffe000000/fman@400000/ethernet@e2000, fsl,fman-ports) failed
fsl_dpaa_mac: probe of ffe4e2000.ethernet failed with error -2
fsl_dpaa_mac ffe4e4000.ethernet: of_count_phandle_with_args(/soc@ffe000000/fman@400000/ethernet@e4000, fsl,fman-ports) failed
fsl_dpaa_mac: probe of ffe4e4000.ethernet failed with error -2
fsl_dpaa_mac ffe4e6000.ethernet: of_count_phandle_with_args(/soc@ffe000000/fman@400000/ethernet@e6000, fsl,fman-ports) failed
fsl_dpaa_mac: probe of ffe4e6000.ethernet failed with error -2
fsl_dpaa_mac ffe4f0000.ethernet: of_get_mac_address(/soc@ffe000000/fman@400000/ethernet@f0000) failed
fsl_dpaa_mac ffe4f0000.ethernet: of_count_phandle_with_args(/soc@ffe000000/fman@400000/ethernet@f0000, fsl,fman-ports) failed
fsl_dpaa_mac: probe of ffe4f0000.ethernet failed with error -2
fsl_dpaa_mac ffe4f2000.ethernet: of_get_mac_address(/soc@ffe000000/fman@400000/ethernet@f2000) failed
fsl_dpaa_mac ffe4f2000.ethernet: of_count_phandle_with_args(/soc@ffe000000/fman@400000/ethernet@f2000, fsl,fman-ports) failed
fsl_dpaa_mac: probe of ffe4f2000.ethernet failed with error -2
e1000: Intel(R) PRO/1000 Network Driver - version 7.3.21-k8-NAPI
e1000: Copyright (c) 1999-2006 Intel Corporation.
e1000e: Intel(R) PRO/1000 Network Driver - 3.2.6-k
e1000e: Copyright(c) 1999 - 2015 Intel Corporation.
PPP generic driver version 2.4.2
PPP BSD Compression module registered
PPP Deflate Compression module registered
PPP MPPE Compression module registered
NET: Registered protocol family 24
ehci_hcd: USB 2.0 'Enhanced' Host Controller (EHCI) Driver
ehci-pci: EHCI PCI platform driver
ohci_hcd: USB 1.1 'Open' Host Controller (OHCI) Driver
ohci-pci: OHCI PCI platform driver
ehci-fsl: Freescale EHCI Host controller driver
fsl-ehci fsl-ehci.0: Freescale On-Chip EHCI Host Controller
fsl-ehci fsl-ehci.0: new USB bus registered, assigned bus number 1
fsl-ehci fsl-ehci.0: irq 44, io mem 0xffe210000
fsl-ehci fsl-ehci.0: USB 2.0 started, EHCI 1.00
usb usb1: New USB device found, idVendor=1d6b, idProduct=0002, bcdDevice= 5.07
usb usb1: New USB device strings: Mfr=3, Product=2, SerialNumber=1
usb usb1: Product: Freescale On-Chip EHCI Host Controller
usb usb1: Manufacturer: Linux 5.7.10_e6500 ehci_hcd
usb usb1: SerialNumber: fsl-ehci.0
hub 1-0:1.0: USB hub found
hub 1-0:1.0: 1 port detected
fsl-ehci fsl-ehci.1: Freescale On-Chip EHCI Host Controller
fsl-ehci fsl-ehci.1: new USB bus registered, assigned bus number 2
fsl-ehci fsl-ehci.1: irq 45, io mem 0xffe211000
fsl-ehci fsl-ehci.1: USB 2.0 started, EHCI 1.00
usb usb2: New USB device found, idVendor=1d6b, idProduct=0002, bcdDevice= 5.07
usb usb2: New USB device strings: Mfr=3, Product=2, SerialNumber=1
usb usb2: Product: Freescale On-Chip EHCI Host Controller
usb usb2: Manufacturer: Linux 5.7.10_e6500 ehci_hcd
usb usb2: SerialNumber: fsl-ehci.1
hub 2-0:1.0: USB hub found
hub 2-0:1.0: 1 port detected
usbcore: registered new interface driver usblp
usbcore: registered new interface driver usb-storage
usbcore: registered new interface driver usbserial_generic
usbserial: USB Serial support registered for generic
usbcore: registered new interface driver ftdi_sio
usbserial: USB Serial support registered for FTDI USB Serial Device
mousedev: PS/2 mouse device common for all mice
i2c /dev entries driver
mpc-i2c ffe118000.i2c: timeout 1000000 us
rtc-ds1307 9-0068: SET TIME!
rtc-ds1307 9-0068: registered as rtc0
rtc-ds1307 9-0068: setting system clock to 2000-01-01T00:00:18 UTC (946684818)
ata1: Signature Update detected @ 503 msecs
mpc-i2c ffe118100.i2c: timeout 1000000 us
ata2: No Device OR PHYRDY change,Hstatus = 0xa0000000
mpc-i2c ffe119000.i2c: timeout 1000000 us
ata2: SATA link down (SStatus 10 SControl 300)
mpc-i2c ffe119100.i2c: timeout 1000000 us
i2c i2c-10: Added multiplexed i2c bus 13
i2c i2c-10: Added multiplexed i2c bus 14
i2c i2c-10: Added multiplexed i2c bus 15
i2c i2c-10: Added multiplexed i2c bus 16
pca954x 10-0077: registered 4 multiplexed busses for I2C switch pca9546
sdhci: Secure Digital Host Controller Interface driver
sdhci: Copyright(c) Pierre Ossman
sdhci-pltfm: SDHCI platform and OF driver helper
mmc0: SDHCI controller on ffe114000.sdhc [ffe114000.sdhc] using ADMA 64-bit
ledtrig-cpu: registered to indicate activity on CPUs
hid: raw HID events driver (C) Jiri Kosina
usbcore: registered new interface driver usbhid
usbhid: USB HID core driver
Freescale hypervisor management driver
fsl-hv: no hypervisor found
OF: Can't handle multiple dma-ranges with different offsets on node(/pcie@ffe270000)
OF: Can't handle multiple dma-ranges with different offsets on node(/pcie@ffe270000)
snd_hda_intel 0001:01:00.1: Invalid size 0xfffff9 for dma-range
snd_hda_intel 0001:01:00.1: Force to snoop mode by module option
usbcore: registered new interface driver snd-usb-audio
usbcore: registered new interface driver snd-ua101
usbcore: registered new interface driver snd-usb-usx2y
mmc0: new high speed SDHC card at address e624
ipip: IPv4 and MPLS over IPv4 tunneling driver
ata1: SATA link up 3.0 Gbps (SStatus 123 SControl 300)
mmcblk0: mmc0:e624 SU16G 14.8 GiB
ata1.00: supports DRM functions and may not be fully accessible
IPv4 over IPsec tunneling driver
Initializing XFRM netlink socket
NET: Registered protocol family 10
Segment Routing with IPv6
mip6: Mobile IPv6
sit: IPv6, IPv4 and MPLS over IPv4 tunneling driver
NET: Registered protocol family 17
NET: Registered protocol family 15
lec:lane_module_init: lec.c: initialized
mpoa:atm_mpoa_init: mpc.c: initialized
l2tp_core: L2TP core driver, V2.0
input: HDA ATI HDMI HDMI/DP,pcm=3 as /devices/platform/ffe270000.pcie/pci0001:00/0001:00:00.0/0001:01:00.1/sound/card1/input0
DCCP: Activated CCID 2 (TCP-like)
DCCP: Activated CCID 3 (TCP-Friendly Rate Control)
sctp: Hash tables configured (bind 256/256)
NET: Registered protocol family 21
Registered RDS/tcp transport
tipc: Activated (version 2.0.0)
NET: Registered protocol family 30
tipc: Started in single node mode
ata1.00: ATA-9: Samsung SSD 850 PRO 512GB, EXM02B6Q, max UDMA/133
Key type dns_resolver registered
batman_adv: B.A.T.M.A.N. advanced 2020.1 (compatibility version 15) loaded
drmem: No dynamic reconfiguration memory found
Loading compiled-in X.509 certificates
zswap: loaded using pool lzo/zbud
Key type ._fscrypt registered
Key type .fscrypt registered
Key type fscrypt-provisioning registered
 mmcblk0: p1
Btrfs loaded, crc32c=crc32c-generic
Key type encrypted registered
ALSA device list:
  #0: Virtual MIDI Card 1
usb 1-1: new high-speed USB device number 2 using fsl-ehci
ata1.00: 1000215216 sectors, multi 1: LBA48 NCQ (depth 16/32)
usb 2-1: new full-speed USB device number 2 using fsl-ehci
ata1.00: ATA Identify Device Log not supported
ata1.00: Security Log not supported
Waiting 5 sec before mounting root device...
ata1.00: supports DRM functions and may not be fully accessible
ata1.00: ATA Identify Device Log not supported
ata1.00: Security Log not supported
usb 1-1: New USB device found, idVendor=2109, idProduct=2811, bcdDevice=90.40
ata1.00: configured for UDMA/133
usb 1-1: New USB device strings: Mfr=1, Product=2, SerialNumber=0
scsi 0:0:0:0: Direct-Access     ATA      Samsung SSD 850  2B6Q PQ: 0 ANSI: 5
usb 1-1: Product: USB2.0 Hub
usb 1-1: Manufacturer: VIA Labs, Inc.
sd 0:0:0:0: Attached scsi generic sg0 type 0
sd 0:0:0:0: [sda] 1000215216 512-byte logical blocks: (512 GB/477 GiB)
sd 0:0:0:0: [sda] Write Protect is off
sd 0:0:0:0: [sda] Write cache: enabled, read cache: enabled, doesn't support DPO or FUA
hub 1-1:1.0: USB hub found
 sda: sda1 sda2
hub 1-1:1.0: 4 ports detected
sd 0:0:0:0: [sda] Attached SCSI disk
usb 2-1: New USB device found, idVendor=046d, idProduct=c534, bcdDevice=29.00
usb 2-1: New USB device strings: Mfr=1, Product=2, SerialNumber=0
usb 2-1: Product: USB Receiver
usb 2-1: Manufacturer: Logitech
logitech-djreceiver 0003:046D:C534.0001: hidraw0: USB HID v1.11 Keyboard [Logitech USB Receiver] on usb-fsl-ehci.1-1/input0
logitech-djreceiver 0003:046D:C534.0002: hiddev0,hidraw1: USB HID v1.11 Mouse [Logitech USB Receiver] on usb-fsl-ehci.1-1/input1
logitech-djreceiver 0003:046D:C534.0002: device of type eQUAD nano Lite (0x0a) connected on slot 1
logitech-djreceiver 0003:046D:C534.0002: device of type eQUAD nano Lite (0x0a) connected on slot 2
input: Logitech Wireless Keyboard PID:4023 as /devices/platform/ffe000000.soc/ffe211000.usb/fsl-ehci.1/usb2/2-1/2-1:1.1/0003:046D:C534.0002/0003:046D:4023.0003/input/input1
logitech-hidpp-device 0003:046D:4023.0003: input,hidraw2: USB HID v1.11 Keyboard [Logitech Wireless Keyboard PID:4023] on usb-fsl-ehci.1-1/input1:1
input: Logitech Wireless Mouse PID:4022 as /devices/platform/ffe000000.soc/ffe211000.usb/fsl-ehci.1/usb2/2-1/2-1:1.1/0003:046D:C534.0002/0003:046D:4022.0004/input/input2
logitech-hidpp-device 0003:046D:4022.0004: input,hidraw3: USB HID v1.11 Mouse [Logitech Wireless Mouse PID:4022] on usb-fsl-ehci.1-1/input1:2
EXT4-fs (sda1): mounted filesystem with ordered data mode. Opts: (null)
VFS: Mounted root (ext4 filesystem) on device 8:1.
devtmpfs: mounted
Freeing unused kernel memory: 468K
This architecture does not have kernel memory protection.
Run /sbin/init as init process
systemd[1]: System time before build time, advancing clock.
systemd[1]: systemd 245.5-3 running in system mode. (+PAM +AUDIT +SELINUX +IMA +APPARMOR +SMACK +SYSVINIT +UTMP +LIBCRYPTSETUP +GCRYPT +GNUTLS +ACL +XZ +LZ4 +SECCOMP +BLKID +ELFUTILS +KMOD +IDN2 -IDN +PCRE2 default-hierarchy=hybrid)
systemd[1]: Detected architecture ppc64.

Welcome to Debian GNU/Linux bullseye/sid!

systemd[1]: Set hostname to <t2080rdb>.
random: systemd: uninitialized urandom read (16 bytes read)
systemd[1]: system-getty.slice: unit configures an IP firewall, but the local system does not support BPF/cgroup firewalling.
systemd[1]: (This warning is only shown for the first unit using IP firewalling.)
systemd[1]: Created slice system-getty.slice.
[  OK  ] Created slice system-getty.slice.
random: systemd: uninitialized urandom read (16 bytes read)
systemd[1]: Created slice system-modprobe.slice.
[  OK  ] Created slice system-modprobe.slice.
random: systemd: uninitialized urandom read (16 bytes read)
systemd[1]: Created slice system-serial\x2dgetty.slice.
[  OK  ] Created slice system-serial\x2dgetty.slice.
systemd[1]: Created slice User and Session Slice.
[  OK  ] Created slice User and Session Slice.
systemd[1]: Started Forward Password Requests to Wall Directory Watch.
[  OK  ] Started Forward Password R…uests to Wall Directory Watch.
systemd[1]: Set up automount Arbitrary Executable File Formats File System Automount Point.
[  OK  ] Set up automount Arbitrary…s File System Automount Point.
systemd[1]: Reached target User and Group Name Lookups.
[  OK  ] Reached target User and Group Name Lookups.
systemd[1]: Reached target Remote File Systems.
[  OK  ] Reached target Remote File Systems.
systemd[1]: Reached target Slices.
[  OK  ] Reached target Slices.
systemd[1]: Listening on multipathd control socket.
[  OK  ] Listening on multipathd control socket.
systemd[1]: Listening on Syslog Socket.
[  OK  ] Listening on Syslog Socket.
systemd[1]: Listening on fsck to fsckd communication Socket.
[  OK  ] Listening on fsck to fsckd communication Socket.
systemd[1]: Listening on initctl Compatibility Named Pipe.
[  OK  ] Listening on initctl Compatibility Named Pipe.
systemd[1]: Listening on Journal Audit Socket.
[  OK  ] Listening on Journal Audit Socket.
systemd[1]: Listening on Journal Socket (/dev/log).
[  OK  ] Listening on Journal Socket (/dev/log).
systemd[1]: Listening on Journal Socket.
[  OK  ] Listening on Journal Socket.
systemd[1]: Listening on udev Control Socket.
[  OK  ] Listening on udev Control Socket.
systemd[1]: Listening on udev Kernel Socket.
[  OK  ] Listening on udev Kernel Socket.
systemd[1]: Condition check resulted in Huge Pages File System being skipped.
systemd[1]: Mounting POSIX Message Queue File System...
         Mounting POSIX Message Queue File System...
systemd[1]: Mounting Kernel Debug File System...
         Mounting Kernel Debug File System...
systemd[1]: Condition check resulted in Kernel Trace File System being skipped.
systemd[1]: Starting Set the console keyboard layout...
         Starting Set the console keyboard layout...
systemd[1]: Starting Create list of static device nodes for the current kernel...
         Starting Create list of st…odes for the current kernel...
systemd[1]: Condition check resulted in Load Kernel Module drm being skipped.
systemd[1]: Condition check resulted in Set Up Additional Binary Formats being skipped.
systemd[1]: Condition check resulted in File System Check on Root Device being skipped.
systemd[1]: Starting Journal Service...
         Starting Journal Service...
systemd[1]: Starting Load Kernel Modules...
         Starting Load Kernel Modules...
systemd[1]: Starting Remount Root and Kernel File Systems...
         Starting Remount Root and Kernel File Systems...
systemd[1]: Starting udev Coldplug all Devices...
         Starting udev Coldplug all Devices...
systemd[1]: Mounted POSIX Message Queue File System.
[  OK  ] Mounted POSIX Message Queue File System.
systemd[1]: Mounted Kernel Debug File System.
[  OK  ] Mounted Kernel Debug File System.
systemd[1]: Finished Create list of static device nodes for the current kernel.
[  OK  ] Finished Create list of st… nodes for the current kernel.
systemd[1]: Finished Load Kernel Modules.
[  OK  ] Finished Load Kernel Modules.
systemd[1]: Mounting FUSE Control File System...
         Mounting FUSE Control File System...
systemd[1]: Mounting Kernel Configuration File System...
         Mounting Kernel Configuration File System...
systemd[1]: Starting Apply Kernel Variables...
         Starting Apply Kernel Variables...
systemd[1]: Finished Set the console keyboard layout.
[  OK  ] Finished Set the console keyboard layout.
systemd[1]: Mounted FUSE Control File System.
[  OK  ] Mounted FUSE Control File System.
systemd[1]: Mounted Kernel Configuration File System.
[  OK  ] Mounted Kernel Configuration File System.
systemd[1]: Finished Apply Kernel Variables.
[  OK  ] Finished Apply Kernel Variables.
random: crng init done
random: 7 urandom warning(s) missed due to ratelimiting
systemd[1]: Finished udev Coldplug all Devices.
[  OK  ] Finished udev Coldplug all Devices.
systemd[1]: Starting Helper to synchronize boot up for ifupdown...
         Starting Helper to synchronize boot up for ifupdown...
systemd[1]: Starting udev Wait for Complete Device Initialization...
         Starting udev Wait for Complete Device Initialization...
systemd[1]: Finished Helper to synchronize boot up for ifupdown.
[  OK  ] Finished Helper to synchronize boot up for ifupdown.
systemd[1]: Started Journal Service.
XT4-fs (sda1): re-mounted. Opts: errors=remount-ro
;39mJournal Service.
[  OK  ] Finished Remount Root and Kernel File Systems.
         Starting Flush Journal to Persistent Storage...
         Starting Load/Save Random Seed...
         Starting Create System Users...
systemd-journald[2399]: Received client request to flush runtime journal.
systemd-journald[2399]: File /var/log/journal/ae7a26de747946b6aef72b962574d4f2/system.journal corrupted or uncleanly shut down, renaming and replacing.
[  OK  ] Finished Load/Save Random Seed.
[  OK  ] Finished Create System Users.
         Starting Create Static Device Nodes in /dev...
[  OK  ] Finished Create Static Device Nodes in /dev.
         Starting udev Kernel Device Manager...
[  OK  ] Finished Flush Journal to Persistent Storage.
[  OK  ] Started udev Kernel Device Manager.
         Starting Show Plymouth Boot Screen...
[  OK  ] Started Show Plymouth Boot Screen.
[  OK  ] Started Forward Password R…s to Plymouth Directory Watch.
[  OK  ] Reached target Local Encrypted Volumes.
[  OK  ] Found device /dev/ttyS0.
[  OK  ] Found device Samsung_SSD_850 2.
[  OK  ] Listening on Load/Save RF …itch Status /dev/rfkill Watch.
         Activating swap /dev/disk/…1a9c-410e-9f89-faac9fbb2501...
Adding 8388604k swap on /dev/sda2.  Priority:-2 extents:1 across:8388604k SSFS
[  OK  ] Activated swap /dev/disk/b…4-1a9c-410e-9f89-faac9fbb2501.
[  OK  ] Reached target Swap.
[  OK  ] Finished udev Wait for Complete Device Initialization.
         Starting Device-Mapper Multipath Device Controller...
device-mapper: ioctl: 4.42.0-ioctl (2020-02-27) initialised: dm-devel@redhat.com
[FAILED] Failed to start Device-Map…r Multipath Device Controller.
See 'systemctl status multipathd.service' for details.
         Starting Device-Mapper Multipath Device Controller...
[FAILED] Failed to start Device-Map…r Multipath Device Controller.
See 'systemctl status multipathd.service' for details.
         Starting Device-Mapper Multipath Device Controller...
[FAILED] Failed to start Device-Map…r Multipath Device Controller.
See 'systemctl status multipathd.service' for details.
         Starting Device-Mapper Multipath Device Controller...
[FAILED] Failed to start Device-Map…r Multipath Device Controller.
See 'systemctl status multipathd.service' for details.
         Starting Device-Mapper Multipath Device Controller...
[FAILED] Failed to start Device-Map…r Multipath Device Controller.
See 'systemctl status multipathd.service' for details.
[FAILED] Failed to start Device-Map…r Multipath Device Controller.
See 'systemctl status multipathd.service' for details.
[  OK  ] Reached target Local File Systems (Pre).
[  OK  ] Reached target Local File Systems.
         Starting Enable support fo…l executable binary formats...
         Starting Set console font and keymap...
         Starting Raise network interfaces...
         Starting Tell Plymouth To Write Out Runtime Data...
         Starting Create Volatile Files and Directories...
         Mounting Arbitrary Executable File Formats File System...
[  OK  ] Finished Set console font and keymap.
[  OK  ] Mounted Arbitrary Executable File Formats File System.
[  OK  ] Finished Tell Plymouth To Write Out Runtime Data.
[  OK  ] Finished Enable support fo…nal executable binary formats.
[  OK  ] Finished Create Volatile Files and Directories.
[  OK  ] Started Entropy Daemon based on the HAVEGE algorithm.
         Starting Network Time Synchronization...
         Starting Update UTMP about System Boot/Shutdown...
[  OK  ] Finished Raise network interfaces.
[  OK  ] Finished Update UTMP about System Boot/Shutdown.
[  OK  ] Started Network Time Synchronization.
[  OK  ] Reached target System Initialization.
[  OK  ] Started ACPI Events Check.
[  OK  ] Started CUPS Scheduler.
[  OK  ] Started Daily Cleanup of Temporary Directories.
[  OK  ] Reached target Paths.
[  OK  ] Reached target System Time Set.
[  OK  ] Reached target System Time Synchronized.
[  OK  ] Started Trigger anacron every hour.
[  OK  ]systemd-journald[2399]: Failed to read journal file /var/log/journal/ae7a26de747946b6aef72b962574d4f2/user-1000.journal for rotation, trying to move it out of the way: Text file busy
 Started Daily apt download activities.
[  OK  ] Started Daily apt upgrade and clean activities.
[  OK  ] Started Periodic ext4 Onli…ata Check for All Filesystems.
[  OK  ] Started Daily exim4-base housekeeping.
[  OK  ] Started Daily rotation of log files.
[  OK  ] Started Daily man-db regeneration.
[  OK  ] Reached target Timers.
[  OK  ] Listening on ACPID Listen Socket.
[  OK  ] Listening on Avahi mDNS/DNS-SD Stack Activation Socket.
[  OK  ] Listening on CUPS Scheduler.
[  OK  ] Listening on D-Bus System Message Bus Socket.
[  OK  ] Listening on Activation so… for spice guest agent daemon.
[  OK  ] Reached target Sockets.
[  OK  ] Reached target Basic System.
         Starting Accounts Service...
[  OK  ] Started ACPI event daemon.
         Starting Save/Restore Sound Card State...
[  OK  ] Started Run anacron jobs.
         Starting Deferred execution scheduler...
         Starting Avahi mDNS/DNS-SD Stack...
         Starting Bluetooth management mechanism...
[  OK  ] Started Regular background program processing daemon.
[  OK  ] Started CUPS Scheduler.
[  OK  ] Started D-Bus System Message Bus.
         Starting Network Manager...
         Starting Remove Stale Onli…t4 Metadata Check Snapshots...
         Starting Initialize hardware monitoring sensors...
         Starting LSB: LVM2 poll daemon...
         Starting LSB: handle speci… hotkeys of Apple computers...
         Starting Authorization Manager...
         Starting Restore /etc/reso… the ppp link was shut down...
         Starting LSB: Adaptive readahead daemon...
         Starting System Logging Service...
[  OK  ] Started 3Dconnexion Input Devices Usetipc: TX() has been purged, node left!
rspace Driver.
         Starting Login Service...
         Starting Disk Manager...
         Starting WPA supplicant...
[  OK  ] Finished Save/Restore Sound Card State.
[  OK  ] Started Deferred execution scheduler.
[  OK  ] Started LSB: handle special hotkeys of Apple computers.
[  OK  ] Finished Restore /etc/reso…re the ppp link was shut down.
[  OK  ] Reached target Sound Card.
[  OK  ] Finished Initialize hardware monitoring sensors.
[  OK  ] Started LSB: LVM2 poll daemon.
[  OK  ] Started System Logging Service.
[  OK  ] Finished Remove Stale Onli…ext4 Metadata Check Snapshots.
[  OK  ] Started LSB: Adaptive readahead daemon.
[  OK  ] Started Avahi mDNS/DNS-SD Stack.
[  OK  ] Started Make remote CUPS printers available locally.
[  OK  ] Started WPA supplicant.
[  OK  ] Started Network Manager.
[  OK  ] Reached target Network.
         Starting Network Manager Wait Online...
         Starting Manage, Install and Generate Color Profiles...
[  OK  ] Started Snapcast client.
         Starting OpenBSD Secure Shell server...
         Starting Permit User Sessions...
         Starting xrdp session manager...
[  OK  ] Started Authorization Manager.
         Starting Modem Manager...
[  OK  ] Started Accounts Service.
         Starting Hostname Service...
[  OK  ] Finished Permit User Sessions.
         Starting Light Display Manager...
         Starting Hold until boot process finishes up...
[  OK  ] Started xrdp session manager.
         Starting xrdp daemon...
[  OK  ] Started OpenBSD Secure Shell server.
[  OK  ] Started Manage, Install and Generate Color Profiles.
[  OK  ] Started Modem Manager.
[  OK  ] Started Disk Manager.
[  OK  ] Started Login Service.
[  OK  ] Started Unattended Upgrades Shutdown.
[  OK  ] Started Bluetooth management mechanism.
radeon_dp_aux_transfer_native: 90 callbacks suppressed

Debian GNU/Linux bullseye/sid t2080rdb ttyS0

t2080rdb login: 