SD boot...
Initializing....using SPD
2 GiB left unmapped


U-Boot 2016.092.0+ga06b209 (Jul 12 2018 - 23:44:34 +0200)

CPU0:  T2080E, Version: 1.1, (0x85380011)
Core:  e6500, Version: 2.0, (0x80400120)
Clock Configuration:
       CPU0:1799.820 MHz, CPU1:1799.820 MHz, CPU2:1799.820 MHz, CPU3:1799.820 MHz, 
       CCB:599.940 MHz,
       DDR:933.310 MHz (1866.620 MT/s data rate) (Asynchronous), IFC:599.940 MHz
       FMAN1: 699.930 MHz
       QMAN:  299.970 MHz
       PME:   599.940 MHz
L1:    D-cache 32 KiB enabled
       I-cache 32 KiB enabled
Reset Configuration Word (RCW):
       00000000: 1207001b 15000000 00000000 00000000
       00000010: 66150002 00000000 68104000 c1000000
       00000020: 00800000 00000000 00000000 000307fc
       00000030: 00000000 00000000 00000000 00000004
Board: T2080RDB, Board rev: 0x01 CPLD ver: 0x03, boot from SD/MMC
SERDES Reference Clocks:
SD1_CLK1=156.25MHZ, SD1_CLK2=100.00MHZ
SD2_CLK1=100.00MHZ, SD2_CLK2=100.00MHZ
I2C:   ready
SPI:   ready
DRAM:  Detected UDIMM D3XP56082XL10AA   
2 GiB left unmapped
4 GiB (DDR3, 64-bit, CL=13, ECC on)
       DDR Chip-Select Interleaving Mode: CS0+CS1
Flash: 128 MiB
L2:    2 MiB enabled
Corenet Platform Cache: 512 KiB enabled
Using SERDES1 Protocol: 102 (0x66)
Using SERDES2 Protocol: 21 (0x15)
SEC0: RNG instantiated
NAND:  512 MiB
MMC:   FSL_SDHC: 0
EEPROM: Invalid ID (ff ff ff ff)
PCIe1: Endpoint, undetermined, regs @ 0xfe240000
PCIe1: Bus 00 - 00
PCIe2: Root Complex, x1 gen1, regs @ 0xfe250000
PCIe2: Bus 01 - 02
PCIe3: disabled
PCIe4: Root Complex, x4 gen1, regs @ 0xfe270000
  04:00.0     - 1002:6758 - Display controller
  04:00.1     - 1002:aa90 - Multimedia device
PCIe4: Bus 03 - 04
Video: No radeon video card found!
In:    serial
Out:   serial
Err:   serial
Net:   
MMC read: dev # 0, block # 2080, count 128 ...
Fman1: Uploading microcode version 106.4.18
MMC read: dev # 0, block # 2208, count 512 ...
Not found Cortina PHY ucode at 0x00114000
MMC read: dev # 0, block # 2208, count 512 ...
Not found Cortina PHY ucode at 0x00114000
FM1@DTSEC3 [PRIME], FM1@DTSEC4, FM1@TGEC1, FM1@TGEC2, FM1@TGEC3, FM1@TGEC4
Hit any key to stop autoboot: 10  9  8  7  6  5  4  3  2  1  0 
Device: FSL_SDHC
Manufacturer ID: 3
OEM: 5344
Name: SU16G 
Tran Speed: 50000000
Rd Block Len: 512
SD version 3.0
High Capacity: Yes
Capacity: 14.8 GiB
Bus Width: 4-bit
Erase Group Size: 512 Bytes
21564535 bytes read in 1016 ms (20.2 MiB/s)
36545 bytes read in 57 ms (626 KiB/s)
WARNING: adjusting available memory to 30000000
## Booting kernel from Legacy Image at 03000000 ...
   Image Name:   Linux-5.4.11_T2080RDB
   Image Type:   PowerPC Linux Kernel Image (gzip compressed)
   Data Size:    21564471 Bytes = 20.6 MiB
   Load Address: 00000000
   Entry Point:  00000000
   Verifying Checksum ... OK
## Flattened Device Tree blob at 05000000
   Booting using the fdt blob at 0x5000000
   Uncompressing Kernel Image ... OK
   Loading Device Tree to 03fe4000, end 03fffec0 ... OK
[    0.000000] OF: reserved mem: initialized node qman-fqd, compatible id fsl,qman-fqd
[    0.000000] OF: reserved mem: initialized node qman-pfdr, compatible id fsl,qman-pfdr
[    0.000000] OF: reserved mem: initialized node bman-fbpr, compatible id fsl,bman-fbpr
[    0.000000] MMU: Supported page sizes
[    0.000000]          4 KB as direct
[    0.000000]       2048 KB as direct & indirect
[    0.000000]       4096 KB as direct
[    0.000000]      16384 KB as direct
[    0.000000]      65536 KB as direct
[    0.000000]     262144 KB as direct
[    0.000000]    1048576 KB as direct
[    0.000000] MMU: Book3E HW tablewalk enabled
[    0.000000] Linux version 5.4.11_T2080RDB (mario@mario-VirtualBox) (gcc version 9.2.1 20191008 (Ubuntu 9.2.1-9ubuntu1)) #1 SMP PREEMPT Mon Jan 13 22:59:36 CET 2020
[    0.000000] Using CoreNet Generic machine description
[    0.000000] printk: bootconsole [udbg0] enabled
[    0.000000] CPU maps initialized for 2 threads per core
[    0.000000] -----------------------------------------------------
[    0.000000] phys_mem_size     = 0x100000000
[    0.000000] dcache_bsize      = 0x40
[    0.000000] icache_bsize      = 0x40
[    0.000000] cpu_features      = 0x00000003009003b6
[    0.000000]   possible        = 0x00000003009003b6
[    0.000000]   always          = 0x00000003008003b4
[    0.000000] cpu_user_features = 0xdc008000 0x08000000
[    0.000000] mmu_features      = 0x000a0010
[    0.000000] firmware_features = 0x0000000000000000
[    0.000000] -----------------------------------------------------
[    0.000000] numa:   NODE_DATA [mem 0xfff1c740-0xfff23fff]
[    0.000000] CoreNet Generic board
[    0.000000] barrier-nospec: using isync; sync as speculation barrier
[    0.000000] Zone ranges:
[    0.000000]   DMA      [mem 0x0000000000000000-0x000000007fffffff]
[    0.000000]   Normal   [mem 0x0000000080000000-0x00000000ffffffff]
[    0.000000] Movable zone start for each node
[    0.000000] Early memory node ranges
[    0.000000]   node   0: [mem 0x0000000000000000-0x00000000ffffffff]
[    0.000000] Initmem setup node 0 [mem 0x0000000000000000-0x00000000ffffffff]
[    0.000000] MMU: Allocated 2112 bytes of context maps for 255 contexts
[    0.000000] percpu: Embedded 31 pages/cpu s88976 r0 d38000 u131072
[    0.000000] Built 1 zonelists, mobility grouping on.  Total pages: 1032192
[    0.000000] Policy zone: Normal
[    0.000000] Kernel command line: root=/dev/sda1 rw rootdelay=5 console=ttyS0,115200
[    0.000000] printk: log_buf_len individual max cpu contribution: 4096 bytes
[    0.000000] printk: log_buf_len total cpu_extra contributions: 28672 bytes
[    0.000000] printk: log_buf_len min size: 16384 bytes
[    0.000000] printk: log_buf_len: 65536 bytes
[    0.000000] printk: early log buf free: 12212(74%)
[    0.000000] Dentry cache hash table entries: 524288 (order: 10, 4194304 bytes, linear)
[    0.000000] Inode-cache hash table entries: 262144 (order: 9, 2097152 bytes, linear)
[    0.000000] mem auto-init: stack:off, heap alloc:off, heap free:off
[    0.000000] Memory: 3911400K/4194304K available (31168K kernel code, 5212K rwdata, 10796K rodata, 10340K init, 1003K bss, 282904K reserved, 0K cma-reserved)
[    0.000000] random: get_random_u64 called from .__kmem_cache_create+0x48/0x6e0 with crng_init=0
[    0.000000] SLUB: HWalign=64, Order=0-3, MinObjects=0, CPUs=8, Nodes=1
[    0.000000] rcu: Preemptible hierarchical RCU implementation.
[    0.000000] rcu: 	RCU event tracing is enabled.
[    0.000000] rcu: 	RCU restricting CPUs from NR_CPUS=24 to nr_cpu_ids=8.
[    0.000000] 	Tasks RCU enabled.
[    0.000000] rcu: RCU calculated value of scheduler-enlistment delay is 100 jiffies.
[    0.000000] rcu: Adjusting geometry for rcu_fanout_leaf=16, nr_cpu_ids=8
[    0.000000] NR_IRQS: 512, nr_irqs: 512, preallocated irqs: 16
[    0.000000] mpic: Setting up MPIC " OpenPIC  " version 1.2 at ffe040000, max 8 CPUs
[    0.000000] mpic: ISU size: 512, shift: 9, mask: 1ff
[    0.000000] mpic: Initializing for 512 sources
[    0.000003] clocksource: timebase: mask: 0xffffffffffffffff max_cycles: 0x8a5d528ca, max_idle_ns: 440795203517 ns
[    0.010181] clocksource: timebase mult[1aab5972] shift[24] registered
[    0.018624] Console: colour dummy device 80x25
[    0.023031] pid_max: default: 32768 minimum: 301
[    0.027695] Mount-cache hash table entries: 8192 (order: 4, 65536 bytes, linear)
[    0.035019] Mountpoint-cache hash table entries: 8192 (order: 4, 65536 bytes, linear)
[    0.048897] e6500 family performance monitor hardware support registered
[    0.057537] rcu: Hierarchical SRCU implementation.
[    0.071320] smp: Bringing up secondary CPUs ...
[    0.146581] smp: Brought up 1 node, 8 CPUs
[    0.150606] Using shared cache scheduler topology
[    0.156199] devtmpfs: initialized
[    0.163637] clocksource: jiffies: mask: 0xffffffff max_cycles: 0xffffffff, max_idle_ns: 1911260446275000 ns
[    0.173321] futex hash table entries: 2048 (order: 5, 131072 bytes, linear)
[    0.180415] xor: measuring software checksum speed
[    0.195154]    8regs     :  3564.000 MB/sec
[    0.209282]    8regs_prefetch:  3196.000 MB/sec
[    0.223757]    32regs    :  2856.000 MB/sec
[    0.237884]    32regs_prefetch:  2664.000 MB/sec
[    0.252446]    altivec   :  5444.000 MB/sec
[    0.256542] xor: using function: altivec (5444.000 MB/sec)
[    0.262562] NET: Registered protocol family 16
[    0.267259] audit: initializing netlink subsys (disabled)
[    0.272644] audit: type=2000 audit(0.181:1): state=initialized audit_enabled=0 res=1
[    0.280336] cpuidle: using governor ladder
[    0.284472] cpuidle: using governor menu
[    0.305569] Machine: fsl,T2080RDB
[    0.308801] SoC family: QorIQ T2080
[    0.312276] SoC ID: svr:0x85380011, Revision: 1.1
[    0.320449] Found FSL PCI host bridge at 0x0000000ffe250000. Firmware bus number: 0->1
[    0.328288] PCI host bridge /pcie@ffe250000  ranges:
[    0.333247]  MEM 0x0000000c20000000..0x0000000c2fffffff -> 0x00000000e0000000 
[    0.340459]   IO 0x0000000ff8010000..0x0000000ff801ffff -> 0x0000000000000000
[    0.347626] /pcie@ffe250000: PCICSRBAR @ 0xff000007
[    0.352455] setup_pci_atmu: end of DRAM 100000000
[    0.357156] /pcie@ffe250000: Setup 64-bit PCI DMA window
[    0.362454] /pcie@ffe250000: WARNING: Outbound window cfg leaves gaps in memory map. Adjusting the memory map could reduce unnecessary bounce buffering.
[    0.376103] /pcie@ffe250000: DMA window size is 0xe0000000
[    0.381900] Found FSL PCI host bridge at 0x0000000ffe270000. Firmware bus number: 0->1
[    0.389737] PCI host bridge /pcie@ffe270000  ranges:
[    0.394697]  MEM 0x0000000c40000000..0x0000000c5fffffff -> 0x00000000e0000000 
[    0.401910]   IO 0x0000000ff8030000..0x0000000ff803ffff -> 0x0000000000000000
[    0.409054] /pcie@ffe270000: PCICSRBAR @ 0xdf000007
[    0.413907] setup_pci_atmu: end of DRAM 100000000
[    0.418607] /pcie@ffe270000: Setup 64-bit PCI DMA window
[    0.423904] /pcie@ffe270000: DMA window size is 0xdf000007
[    0.431448] platform ff6000000.qman-portal: Adding to iommu group 0
[    0.437655] platform ff6004000.qman-portal: Adding to iommu group 1
[    0.443910] platform ff6008000.qman-portal: Adding to iommu group 2
[    0.450172] platform ff600c000.qman-portal: Adding to iommu group 3
[    0.456429] platform ff6010000.qman-portal: Adding to iommu group 4
[    0.462692] platform ff6014000.qman-portal: Adding to iommu group 5
[    0.468955] platform ff6018000.qman-portal: Adding to iommu group 6
[    0.475209] platform ff601c000.qman-portal: Adding to iommu group 7
[    0.481472] platform ff6020000.qman-portal: Adding to iommu group 8
[    0.487733] platform ff6024000.qman-portal: Adding to iommu group 9
[    0.493993] platform ff6028000.qman-portal: Adding to iommu group 10
[    0.500336] platform ff602c000.qman-portal: Adding to iommu group 11
[    0.506685] platform ff6030000.qman-portal: Adding to iommu group 12
[    0.513029] platform ff6034000.qman-portal: Adding to iommu group 13
[    0.519377] platform ff6038000.qman-portal: Adding to iommu group 14
[    0.525723] platform ff603c000.qman-portal: Adding to iommu group 15
[    0.532072] platform ff6040000.qman-portal: Adding to iommu group 16
[    0.538417] platform ff6044000.qman-portal: Adding to iommu group 17
[    0.544783] platform ffe114000.sdhc: Adding to iommu group 18
[    0.550538] platform ffe488000.port: Adding to iommu group 19
[    0.556244] platform ffe489000.port: Adding to iommu group 20
[    0.561980] platform ffe48a000.port: Adding to iommu group 21
[    0.567719] platform ffe48b000.port: Adding to iommu group 22
[    0.573459] platform ffe48c000.port: Adding to iommu group 23
[    0.579195] platform ffe48d000.port: Adding to iommu group 24
[    0.584933] platform ffe490000.port: Adding to iommu group 25
[    0.590671] platform ffe491000.port: Adding to iommu group 26
[    0.596432] platform ffe100300.dma: Adding to iommu group 27
[    0.602058] platform ffe101300.dma: Adding to iommu group 28
[    0.607708] platform ffe102300.dma: Adding to iommu group 29
[    0.613372] platform ffe210000.usb: Adding to iommu group 30
[    0.619014] platform ffe211000.usb: Adding to iommu group 31
[    0.624664] platform ffe316000.pme: Adding to iommu group 32
[    0.630314] platform ffe31a000.bman: Adding to iommu group 33
[    0.636051] platform ffe318000.qman: Adding to iommu group 34
[    0.641793] platform ffe220000.sata: Adding to iommu group 35
[    0.647528] platform ffe221000.sata: Adding to iommu group 36
[    0.653267] platform ffe240000.pcie: Adding to iommu group 37
[    0.659014] fsl-pci ffe250000.pcie: Adding to iommu group 38
[    0.664659] fsl-pci ffe270000.pcie: Adding to iommu group 39
[    0.679608] software IO TLB: mapped [mem 0x03ff7000-0x07ff7000] (64MB)
[    0.686060] PCI: Probing PCI hardware
[    0.689796] fsl-pci ffe250000.pcie: PCI host bridge to bus 0000:00
[    0.695898] pci_bus 0000:00: root bus resource [io  0x8000080000010000-0x800008000001ffff] (bus address [0x0000-0xffff])
[    0.706763] pci_bus 0000:00: root bus resource [mem 0xc20000000-0xc2fffffff] (bus address [0xe0000000-0xefffffff])
[    0.717109] pci_bus 0000:00: root bus resource [bus 00-01]
[    0.722586] pci_bus 0000:00: busn_res: [bus 00-01] end is updated to ff
[    0.729212] pci 0000:00:00.0: [1957:0830] type 01 class 0x0b2000
[    0.735216] pci 0000:00:00.0: [Firmware Bug]: reg 0x10: invalid BAR (can't size)
[    0.742592] pci 0000:00:00.0: reg 0x38: [mem 0xc20000000-0xc20ffffff pref]
[    0.749513] pci 0000:00:00.0: supports D1 D2
[    0.753710] pci 0000:00:00.0: PME# supported from D0 D1 D2 D3hot
[    0.759820] fsl-pci ffe250000.pcie: Removing from iommu group 38
[    0.765768] pci 0000:00:00.0: Adding to iommu group 40
[    0.775090] pci 0000:00:00.0: PCI bridge to [bus 01-ff]
[    0.780236] pci 0000:00:00.0:   bridge window [mem 0xc20000000-0xc20ffffff]
[    0.787196] pci_bus 0000:01: busn_res: [bus 01-ff] end is updated to 01
[    0.793799] pci_bus 0000:00: busn_res: [bus 00-ff] end is updated to 01
[    0.800481] fsl-pci ffe270000.pcie: PCI host bridge to bus 0001:00
[    0.806582] pci_bus 0001:00: root bus resource [io  0x8000080000021000-0x8000080000030fff] (bus address [0x0000-0xffff])
[    0.817450] pci_bus 0001:00: root bus resource [mem 0xc40000000-0xc5fffffff] (bus address [0xe0000000-0xffffffff])
[    0.827794] pci_bus 0001:00: root bus resource [bus 00-01]
[    0.833270] pci_bus 0001:00: busn_res: [bus 00-01] end is updated to ff
[    0.839892] pci 0001:00:00.0: [1957:0830] type 01 class 0x0b2000
[    0.845894] pci 0001:00:00.0: reg 0x10: [io  0xdf000004-0xdf000007]
[    0.852146] pci 0001:00:00.0: reg 0x38: [mem 0xc40000000-0xc40ffffff pref]
[    0.859057] pci 0001:00:00.0: supports D1 D2
[    0.863265] pci 0001:00:00.0: PME# supported from D0 D1 D2 D3hot
[    0.869356] fsl-pci ffe270000.pcie: Removing from iommu group 39
[    0.875299] pci 0001:00:00.0: Adding to iommu group 38
[    0.882608] pci 0001:01:00.0: [1002:6758] type 00 class 0x030000
[    0.888571] pci 0001:01:00.0: reg 0x10: [mem 0xc50000000-0xc5fffffff 64bit pref]
[    0.895937] pci 0001:01:00.0: reg 0x18: [mem 0x1000fffe0000-0x1000ffffffff 64bit]
[    0.903408] pci 0001:01:00.0: reg 0x20: [io  0x8000080000022100-0x80000800000221ff]
[    0.911070] pci 0001:01:00.0: reg 0x30: [mem 0xc5ffe0000-0xc5fffffff pref]
[    0.917934] pci 0001:01:00.0: enabling Extended Tags
[    0.922956] pci 0001:01:00.0: supports D1 D2
[    0.927185] pci 0001:01:00.0: 8.000 Gb/s available PCIe bandwidth, limited by 2.5 GT/s x4 link at 0001:00:00.0 (capable of 32.000 Gb/s with 2.5 GT/s x16 link)
[    0.941395] pci 0001:01:00.0: Adding to iommu group 38
[    0.946494] pci 0001:01:00.1: [1002:aa90] type 00 class 0x040300
[    0.952487] pci 0001:01:00.1: reg 0x10: [mem 0x1200ffffc000-0x1200ffffffff 64bit]
[    0.959983] pci 0001:01:00.1: enabling Extended Tags
[    0.964961] pci 0001:01:00.1: supports D1 D2
[    0.969249] pci 0001:01:00.1: Adding to iommu group 38
[    0.979364] pci 0001:00:00.0: PCI bridge to [bus 01-ff]
[    0.984508] pci 0001:00:00.0:   bridge window [io  0x8000080000022000-0x8000080000022fff]
[    0.992680] pci 0001:00:00.0:   bridge window [mem 0xc40000000-0xc5fffffff]
[    0.999710] pci_bus 0001:01: busn_res: [bus 01-ff] end is updated to 01
[    1.006246] pci_bus 0001:00: busn_res: [bus 00-ff] end is updated to 01
[    1.012857] PCI: Cannot allocate resource region 6 of device 0000:00:00.0, will remap
[    1.020678] PCI: Cannot allocate resource region 0 of device 0001:00:00.0, will remap
[    1.028499] PCI: Cannot allocate resource region 6 of device 0001:00:00.0, will remap
[    1.036328] PCI: Cannot allocate resource region 2 of device 0001:01:00.0, will remap
[    1.044148] PCI: Cannot allocate resource region 6 of device 0001:01:00.0, will remap
[    1.051978] PCI: Cannot allocate resource region 0 of device 0001:01:00.1, will remap
[    1.059827] pci 0000:00:00.0: BAR 6: no space for [mem size 0x01000000 pref]
[    1.066841] pci 0000:00:00.0: BAR 6: failed to assign [mem size 0x01000000 pref]
[    1.074232] pci 0000:00:00.0: PCI bridge to [bus 01]
[    1.079188] pci 0000:00:00.0:   bridge window [io  0x8000080000010000-0x800008000001ffff]
[    1.087362] pci 0000:00:00.0:   bridge window [mem 0xc20000000-0xc2fffffff]
[    1.094324] pci_bus 0000:00: resource 4 [io  0x8000080000010000-0x800008000001ffff]
[    1.101967] pci_bus 0000:00: resource 5 [mem 0xc20000000-0xc2fffffff]
[    1.108402] pci_bus 0000:01: resource 0 [io  0x8000080000010000-0x800008000001ffff]
[    1.116050] pci_bus 0000:01: resource 1 [mem 0xc20000000-0xc2fffffff]
[    1.122488] pci 0001:00:00.0: BAR 6: no space for [mem size 0x01000000 pref]
[    1.129526] pci 0001:00:00.0: BAR 6: failed to assign [mem size 0x01000000 pref]
[    1.136917] pci 0001:00:00.0: BAR 15: no space for [mem size 0x00100000 pref]
[    1.144045] pci 0001:00:00.0: BAR 15: failed to assign [mem size 0x00100000 pref]
[    1.151523] pci 0001:00:00.0: BAR 0: no space for [io  size 0x0004]
[    1.157782] pci 0001:00:00.0: BAR 0: failed to assign [io  size 0x0004]
[    1.164393] pci 0001:01:00.0: BAR 2: assigned [mem 0xc40000000-0xc4001ffff 64bit]
[    1.171878] pci 0001:01:00.0: BAR 6: assigned [mem 0xc40020000-0xc4003ffff pref]
[    1.179259] pci 0001:01:00.1: BAR 0: assigned [mem 0xc40040000-0xc40043fff 64bit]
[    1.186744] pci 0001:00:00.0: PCI bridge to [bus 01]
[    1.191691] pci 0001:00:00.0:   bridge window [io  0x8000080000021000-0x8000080000030fff]
[    1.199865] pci 0001:00:00.0:   bridge window [mem 0xc40000000-0xc5fffffff]
[    1.206825] pci_bus 0001:00: Some PCI device resources are unassigned, try booting with pci=realloc
[    1.215861] pci_bus 0001:00: resource 4 [io  0x8000080000021000-0x8000080000030fff]
[    1.223511] pci_bus 0001:00: resource 5 [mem 0xc40000000-0xc5fffffff]
[    1.229944] pci_bus 0001:01: resource 0 [io  0x8000080000021000-0x8000080000030fff]
[    1.237597] pci_bus 0001:01: resource 1 [mem 0xc40000000-0xc5fffffff]
[    1.247226] Setting up RapidIO peer-to-peer network /rapidio@ffe0c0000
[    1.253678] fsl-of-rio ffe0c0000.rapidio: Of-device full name /rapidio@ffe0c0000
[    1.261062] fsl-of-rio ffe0c0000.rapidio: Regs: [mem 0xffe0c0000-0xffe0d0fff]
[    1.268196] fsl-of-rio ffe0c0000.rapidio: No valid fsl,srio-rmu-handle property
[    1.275502] fsl-of-rio: probe of ffe0c0000.rapidio failed with error -2
[    1.305463] HugeTLB registered 4.00 MiB page size, pre-allocated 0 pages
[    1.312153] HugeTLB registered 16.0 MiB page size, pre-allocated 0 pages
[    1.318782] HugeTLB registered 64.0 MiB page size, pre-allocated 0 pages
[    1.325475] HugeTLB registered 256 MiB page size, pre-allocated 0 pages
[    1.332082] HugeTLB registered 1.00 GiB page size, pre-allocated 0 pages
[    1.365524] raid6: altivecx8 gen()  3152 MB/s
[    1.386612] raid6: altivecx4 gen()  2835 MB/s
[    1.407700] raid6: altivecx2 gen()  1976 MB/s
[    1.428808] raid6: altivecx1 gen()  1167 MB/s
[    1.449862] raid6: int64x8  gen()  1597 MB/s
[    1.470930] raid6: int64x8  xor()   992 MB/s
[    1.491985] raid6: int64x4  gen()  1328 MB/s
[    1.513082] raid6: int64x4  xor()  1007 MB/s
[    1.534199] raid6: int64x2  gen()   933 MB/s
[    1.555237] raid6: int64x2  xor()   927 MB/s
[    1.576356] raid6: int64x1  gen()   585 MB/s
[    1.597405] raid6: int64x1  xor()   728 MB/s
[    1.601589] raid6: using algorithm altivecx8 gen() 3152 MB/s
[    1.607242] raid6: using intx1 recovery algorithm
[    1.612012] Freescale Elo series DMA driver
[    1.616548] fsl-elo-dma ffe100300.dma: #0 (fsl,eloplus-dma-channel), irq 28
[    1.623486] fsl-elo-dma ffe100300.dma: #1 (fsl,eloplus-dma-channel), irq 29
[    1.630436] fsl-elo-dma ffe100300.dma: #2 (fsl,eloplus-dma-channel), irq 30
[    1.637392] fsl-elo-dma ffe100300.dma: #3 (fsl,eloplus-dma-channel), irq 31
[    1.644349] fsl-elo-dma ffe100300.dma: #4 (fsl,eloplus-dma-channel), irq 76
[    1.651311] fsl-elo-dma ffe100300.dma: #5 (fsl,eloplus-dma-channel), irq 77
[    1.658269] fsl-elo-dma ffe100300.dma: #6 (fsl,eloplus-dma-channel), irq 78
[    1.665213] fsl-elo-dma ffe100300.dma: #7 (fsl,eloplus-dma-channel), irq 79
[    1.672608] fsl-elo-dma ffe101300.dma: #0 (fsl,eloplus-dma-channel), irq 32
[    1.679541] fsl-elo-dma ffe101300.dma: #1 (fsl,eloplus-dma-channel), irq 33
[    1.686502] fsl-elo-dma ffe101300.dma: #2 (fsl,eloplus-dma-channel), irq 34
[    1.693452] fsl-elo-dma ffe101300.dma: #3 (fsl,eloplus-dma-channel), irq 35
[    1.700406] fsl-elo-dma ffe101300.dma: #4 (fsl,eloplus-dma-channel), irq 80
[    1.707364] fsl-elo-dma ffe101300.dma: #5 (fsl,eloplus-dma-channel), irq 81
[    1.714317] fsl-elo-dma ffe101300.dma: #6 (fsl,eloplus-dma-channel), irq 82
[    1.721273] fsl-elo-dma ffe101300.dma: #7 (fsl,eloplus-dma-channel), irq 83
[    1.728650] fsl-elo-dma ffe102300.dma: #0 (fsl,eloplus-dma-channel), irq 464
[    1.735671] fsl-elo-dma ffe102300.dma: #1 (fsl,eloplus-dma-channel), irq 465
[    1.742711] fsl-elo-dma ffe102300.dma: #2 (fsl,eloplus-dma-channel), irq 466
[    1.749757] fsl-elo-dma ffe102300.dma: #3 (fsl,eloplus-dma-channel), irq 467
[    1.756798] fsl-elo-dma ffe102300.dma: #4 (fsl,eloplus-dma-channel), irq 473
[    1.763844] fsl-elo-dma ffe102300.dma: #5 (fsl,eloplus-dma-channel), irq 474
[    1.770886] fsl-elo-dma ffe102300.dma: #6 (fsl,eloplus-dma-channel), irq 475
[    1.777923] fsl-elo-dma ffe102300.dma: #7 (fsl,eloplus-dma-channel), irq 476
[    1.785757] iommu: Default domain type: Translated 
[    1.790649] pci 0001:01:00.0: vgaarb: VGA device added: decodes=io+mem,owns=none,locks=none
[    1.798929] pci 0001:01:00.0: vgaarb: bridge control possible
[    1.804661] pci 0001:01:00.0: vgaarb: setting as boot device (VGA legacy resources not available)
[    1.813525] vgaarb: loaded
[    1.816511] SCSI subsystem initialized
[    1.820480] usbcore: registered new interface driver usbfs
[    1.825928] usbcore: registered new interface driver hub
[    1.831246] usbcore: registered new device driver usb
[    1.836551] pps_core: LinuxPPS API ver. 1 registered
[    1.841433] pps_core: Software ver. 5.3.6 - Copyright 2005-2007 Rodolfo Giometti <giometti@linux.it>
[    1.850573] PTP clock support registered
[    1.854619] EDAC MC: Ver: 3.0.0
[    1.858005] fsl-ifc ffe124000.localbus: Freescale Integrated Flash Controller
[    1.865081] fsl-ifc ffe124000.localbus: IFC version 1.3, 8 banks
[    1.871627] NET: Registered protocol family 8
[    1.875899] NET: Registered protocol family 20
[    1.880938] clocksource: Switched to clocksource timebase
[    2.265392] VFS: Disk quotas dquot_6.6.0
[    2.269270] VFS: Dquot-cache hash table entries: 512 (order 0, 4096 bytes)
[    2.276184] FS-Cache: Loaded
[    2.279184] CacheFiles: Loaded
[    2.287092] thermal_sys: Registered thermal governor 'step_wise'
[    2.287094] thermal_sys: Registered thermal governor 'user_space'
[    2.293428] NET: Registered protocol family 2
[    2.304099] tcp_listen_portaddr_hash hash table entries: 2048 (order: 3, 32768 bytes, linear)
[    2.312579] TCP established hash table entries: 32768 (order: 6, 262144 bytes, linear)
[    2.320580] TCP bind hash table entries: 32768 (order: 7, 524288 bytes, linear)
[    2.328013] TCP: Hash tables configured (established 32768 bind 32768)
[    2.334533] UDP hash table entries: 2048 (order: 4, 65536 bytes, linear)
[    2.341196] UDP-Lite hash table entries: 2048 (order: 4, 65536 bytes, linear)
[    2.348426] NET: Registered protocol family 1
[    2.353025] RPC: Registered named UNIX socket transport module.
[    2.358865] RPC: Registered udp transport module.
[    2.363570] RPC: Registered tcp transport module.
[    2.368257] RPC: Registered tcp NFSv4.1 backchannel transport module.
[    2.374919] NET: Registered protocol family 44
[    2.379327] pci 0001:01:00.1: D0 power state depends on 0001:01:00.0
[    2.385711] PCI: CLS 32 bytes, default 64
[    2.391536] Initialise system trusted keyrings
[    2.395992] workingset: timestamp_bits=38 max_order=20 bucket_order=0
[    2.407194] zbud: loaded
[    2.410757] squashfs: version 4.0 (2009/01/31) Phillip Lougher
[    2.417230] FS-Cache: Netfs 'nfs' registered for caching
[    2.422758] NFS: Registering the id_resolver key type
[    2.427741] Key type id_resolver registered
[    2.431902] Key type id_legacy registered
[    2.435906] nfs4filelayout_init: NFSv4 File Layout Driver Registering...
[    2.442921] FS-Cache: Netfs 'cifs' registered for caching
[    2.448443] Key type cifs.spnego registered
[    2.452547] Key type cifs.idmap registered
[    2.456631] ntfs: driver 2.1.32 [Flags: R/W].
[    2.461141] romfs: ROMFS MTD (C) 2007 Red Hat, Inc.
[    2.466194] JFS: nTxBlock = 8192, nTxLock = 65536
[    2.473670] SGI XFS with ACLs, security attributes, realtime, no debug enabled
[    2.482096] NILFS version 2 loaded
[    2.486337] gfs2: GFS2 installed
[    2.504097] NET: Registered protocol family 38
[    2.508494] async_tx: api initialized (async)
[    2.512808] Key type asymmetric registered
[    2.516891] Asymmetric key parser 'x509' registered
[    2.521782] Block layer SCSI generic (bsg) driver version 0.4 loaded (major 246)
[    2.529237] io scheduler mq-deadline registered
[    2.533687] io scheduler kyber registered
[    2.537755] io scheduler bfq registered
[    2.542186] crc32: CRC_LE_BITS = 64, CRC_BE BITS = 64
[    2.547156] crc32: self tests passed, processed 225944 bytes in 314831 nsec
[    2.554410] crc32c: CRC_LE_BITS = 64
[    2.557899] crc32c: self tests passed, processed 225944 bytes in 145615 nsec
[    2.597105] crc32_combine: 8373 self tests passed
[    2.633003] crc32c_combine: 8373 self tests passed
[    2.639431] pcieport 0000:00:00.0: PME: Signaling with IRQ 21
[    2.645240] pcieport 0000:00:00.0: AER: enabled with IRQ 21
[    2.651025] pcieport 0001:00:00.0: PME: Signaling with IRQ 23
[    2.656819] pcieport 0001:00:00.0: AER: enabled with IRQ 23
[    2.663428] switchtec: loaded.
[    2.681134] bman_portal ff4000000.bman-portal: Portal initialised, cpu 0
[    2.687822] bman_portal ff4004000.bman-portal: Portal initialised, cpu 1
[    2.694519] bman_portal ff4008000.bman-portal: Portal initialised, cpu 2
[    2.701207] bman_portal ff400c000.bman-portal: Portal initialised, cpu 3
[    2.707904] bman_portal ff4010000.bman-portal: Portal initialised, cpu 4
[    2.714603] bman_portal ff4014000.bman-portal: Portal initialised, cpu 5
[    2.721291] bman_portal ff4018000.bman-portal: Portal initialised, cpu 6
[    2.727995] bman_portal ff401c000.bman-portal: Portal initialised, cpu 7
[    2.735470] qman_portal ff6000000.qman-portal: Portal initialised, cpu 0
[    2.742171] qman_portal ff6004000.qman-portal: Portal initialised, cpu 1
[    2.748878] qman_portal ff6008000.qman-portal: Portal initialised, cpu 2
[    2.755581] qman_portal ff600c000.qman-portal: Portal initialised, cpu 3
[    2.762285] qman_portal ff6010000.qman-portal: Portal initialised, cpu 4
[    2.768993] qman_portal ff6014000.qman-portal: Portal initialised, cpu 5
[    2.775703] qman_portal ff6018000.qman-portal: Portal initialised, cpu 6
[    2.782541] qman_portal ff601c000.qman-portal: Portal initialised, cpu 7
[    2.821541] Serial: 8250/16550 driver, 4 ports, IRQ sharing enabled
[    2.829098] printk: console [ttyS0] disabled serial8250.0: ttyS0 at MMIO 0xffe11c500 (irq = 36, base_baud = 18748125) is a 16550A
[    2.842064] printk: console [ttyS0] enabled
[    2.842064] printk: console [ttyS0] enabled
[    2.850394] printk: bootconsole [udbg0] disabled
[    2.850394] printk: bootconsole [udbg0] disabled
[    2.860100] serial8250.0: ttyS1 at MMIO 0xffe11c600 (irq = 36, base_baud = 18748125) is a 16550A
[    2.869367] serial8250.0: ttyS2 at MMIO 0xffe11d500 (irq = 37, base_baud = 18748125) is a 16550A
[    2.878620] serial8250.0: ttyS3 at MMIO 0xffe11d600 (irq = 37, base_baud = 18748125) is a 16550A
[    2.888709] printk: console [ttyS0] disabled
[    2.893043] printk: console [ttyS0] enabled
[    2.897779] ffe11c600.serial: ttyS1 at MMIO 0xffe11c600 (irq = 36, base_baud = 18748125) is a 16550
[    2.907369] ffe11d500.serial: ttyS2 at MMIO 0xffe11d500 (irq = 37, base_baud = 18748125) is a 16550
[    2.916977] ffe11d600.serial: ttyS3 at MMIO 0xffe11d600 (irq = 37, base_baud = 18748125) is a 16550
[    2.926781] ePAPR hypervisor byte channel driver
[    2.931724] [drm] radeon kernel modesetting enabled.
[    2.936773] radeon 0001:01:00.0: remove_conflicting_pci_framebuffers: bar 0: 0xc50000000 -> 0xc5fffffff
[    2.946183] radeon 0001:01:00.0: remove_conflicting_pci_framebuffers: bar 2: 0xc40000000 -> 0xc4001ffff
[    2.955589] radeon 0001:01:00.0: vgaarb: deactivate vga console
[    2.961789] [drm] initializing kernel modesetting (TURKS 0x1002:0x6758 0x1043:0x03EA 0x00).
[    3.103618] ATOM BIOS: 6758.13.12.0.9.AS02
[    3.107809] [drm] GPU not posted. posting now...
[    3.116906] radeon 0001:01:00.0: VRAM: 1024M 0x0000000000000000 - 0x000000003FFFFFFF (1024M used)
[    3.125795] radeon 0001:01:00.0: GTT: 1024M 0x0000000040000000 - 0x000000007FFFFFFF
[    3.133460] [drm] Detected VRAM RAM=1024M, BAR=256M
[    3.138342] [drm] RAM width 128bits DDR
[    3.142274] [TTM] Zone  kernel: Available graphics memory: 1955700 KiB
[    3.148810] [TTM] Initializing pool allocator
[    3.153176] [TTM] Initializing DMA pool allocator
[    3.157914] [drm] radeon: 1024M of VRAM memory ready
[    3.162884] [drm] radeon: 1024M of GTT memory ready.
[    3.167872] [drm] Loading TURKS Microcode
[    3.171898] [drm] Internal thermal controller with fan control
[    3.183437] [drm] radeon: dpm initialized
[    3.187495] [drm] GART: num cpu pages 262144, num gpu pages 262144
[    3.195399] [drm] enabling PCIE gen 2 link speeds, disable with radeon.pcie_gen2=0
[    3.228704] [drm] PCIE GART of 1024M enabled (table at 0x0000000000162000).
[    3.235853] radeon 0001:01:00.0: WB enabled
[    3.240044] radeon 0001:01:00.0: fence driver on ring 0 use gpu addr 0x0000000040000c00 and cpu addr 0x(____ptrval____)
[    3.250840] radeon 0001:01:00.0: fence driver on ring 3 use gpu addr 0x0000000040000c0c and cpu addr 0x(____ptrval____)
[    3.265826] radeon 0001:01:00.0: fence driver on ring 5 use gpu addr 0x0000000000072118 and cpu addr 0x(____ptrval____)
[    3.276621] [drm] Supports vblank timestamp caching Rev 2 (21.10.2013).
[    3.283242] [drm] Driver supports precise vblank timestamp query.
[    3.289342] radeon 0001:01:00.0: radeon: MSI limited to 32-bit
[    3.295256] radeon 0001:01:00.0: radeon: using MSI.
[    3.300199] [drm] radeon: irq initialized.
[    3.321038] [drm] ring test on 0 succeeded in 1 usecs
[    3.326107] [drm] ring test on 3 succeeded in 8 usecs
[    3.505986] [drm] ring test on 5 succeeded in 2 usecs
[    3.511053] [drm] UVD initialized successfully.
[    3.516065] [drm] ib test on ring 0 succeeded in 0 usecs
[    3.521559] [drm] ib test on ring 3 succeeded in 0 usecs
[    4.177026] [drm] ib test on ring 5 succeeded
[    4.182448] [drm] Radeon Display Connectors
[    4.186652] [drm] Connector 0:
[    4.189711] [drm]   DP-1
[    4.192247] [drm]   HPD4
[    4.194782] [drm]   DDC: 0x6480 0x6480 0x6484 0x6484 0x6488 0x6488 0x648c 0x648c
[    4.202185] [drm]   Encoders:
[    4.205153] [drm]     DFP1: INTERNAL_UNIPHY2
[    4.209426] [drm] Connector 1:
[    4.212480] [drm]   HDMI-A-1
[    4.215361] [drm]   HPD2
[    4.217895] [drm]   DDC: 0x6470 0x6470 0x6474 0x6474 0x6478 0x6478 0x647c 0x647c
[    4.225299] [drm]   Encoders:
[    4.228267] [drm]     DFP2: INTERNAL_UNIPHY2
[    4.232541] [drm] Connector 2:
[    4.235595] [drm]   DVI-I-1
[    4.238389] [drm]   HPD1
[    4.240924] [drm]   DDC: 0x6460 0x6460 0x6464 0x6464 0x6468 0x6468 0x646c 0x646c
[    4.248326] [drm]   Encoders:
[    4.251294] [drm]     DFP3: INTERNAL_UNIPHY
[    4.255481] [drm]     CRT1: INTERNAL_KLDSCP_DAC1
[    4.297280] [drm] Cannot find any crtc or sizes
[    4.302734] [drm] Initialized radeon 2.50.0 20080528 for 0001:01:00.0 on minor 0
[    4.310280] [drm] amdgpu kernel modesetting enabled.
[    4.320741] brd: module loaded
[    4.329187] loop: module loaded
[    4.365865] zram: Added device: zram0
[    5.440357] [drm] Cannot find any crtc or sizes
[    5.792741] pcieport 0001:00:00.0: AER: Multiple Corrected error received: 0001:00:00.0
[    5.792755] radeon 0001:01:00.0: 16.000 Gb/s available PCIe bandwidth, limited by 5 GT/s x4 link at 0001:00:00.0 (capable of 64.000 Gb/s with 5 GT/s x16 link)
[    5.800775] pcieport 0001:00:00.0: AER: PCIe Bus Error: severity=Corrected, type=Data Link Layer, (Transmitter ID)
[    5.825304] pcieport 0001:00:00.0: AER:   device [1957:0830] error status/mask=00001000/00006000
[    5.834099] pcieport 0001:00:00.0: AER:    [12] Timeout               
[    5.853207] st: Version 20160209, fixed bufsize 32768, s/g segs 256
[    5.860713] fsl-sata ffe220000.sata: Sata FSL Platform/CSB Driver init
[    5.867633] scsi host0: sata_fsl
[    5.871062] ata1: SATA max UDMA/133 irq 68
[    5.875213] fsl-sata ffe221000.sata: Sata FSL Platform/CSB Driver init
[    5.882074] scsi host1: sata_fsl
[    5.885417] ata2: SATA max UDMA/133 irq 69
[    5.890716] fsl_espi ffe110000.spi: cs=0, init_csmode=0x100008
[    5.897061] spi-nor spi0.0: n25q512ax3 (65536 Kbytes)
[    5.906158] random: fast init done
[    5.925447] ftl_cs: FTL header not found.
[    5.931467] fsl_espi ffe110000.spi: at 0x(____ptrval____) (irq = 53)
[    5.938519] Ethernet Channel Bonding Driver: v3.7.1 (April 27, 2011)
[    5.946178] MACsec IEEE 802.1AE
[    5.951058] libphy: Fixed MDIO Bus: probed
[    5.955648] tun: Universal TUN/TAP device driver, 1.6
[    5.960949] Atheros(R) L2 Ethernet Driver - version 2.2.3
[    5.966354] Copyright (c) 2007 Atheros Corporation.
[    5.971785] cnic: QLogic cnicDriver v2.5.22 (July 20, 2015)
[    5.977433] bnx2x: QLogic 5771x/578xx 10/20-Gigabit Ethernet Driver bnx2x 1.713.36-0 (2014/02/10)
[    5.986708] bna: QLogic BR-series 10G Ethernet driver - version: 3.2.25.1
[    5.993569] enic: Cisco VIC Ethernet NIC Driver, ver 2.3.0.53
[    5.999976] libphy: Freescale XGMAC MDIO Bus: probed
[    6.005883] libphy: Freescale XGMAC MDIO Bus: probed
[    6.017797] libphy: Freescale XGMAC MDIO Bus: probed
[    6.022895] libphy: Freescale XGMAC MDIO Bus: probed
[    6.027983] libphy: Freescale XGMAC MDIO Bus: probed
[    6.033061] libphy: Freescale XGMAC MDIO Bus: probed
[    6.038137] libphy: Freescale XGMAC MDIO Bus: probed
[    6.043216] libphy: Freescale XGMAC MDIO Bus: probed
[    6.048296] libphy: Freescale XGMAC MDIO Bus: probed
[    6.053372] libphy: Freescale XGMAC MDIO Bus: probed
[    6.066843] fsl_dpaa_mac ffe4e0000.ethernet: of_get_mac_address(/soc@ffe000000/fman@400000/ethernet@e0000) failed
[    6.077132] fsl_dpaa_mac: probe of ffe4e0000.ethernet failed with error -22
[    6.084189] fsl_dpaa_mac ffe4e2000.ethernet: of_get_mac_address(/soc@ffe000000/fman@400000/ethernet@e2000) failed
[    6.094471] fsl_dpaa_mac: probe of ffe4e2000.ethernet failed with error -22
[    6.101502] fsl_dpaa_mac ffe4e4000.ethernet: of_count_phandle_with_args(/soc@ffe000000/fman@400000/ethernet@e4000, fsl,fman-ports) failed
[    6.113870] fsl_dpaa_mac: probe of ffe4e4000.ethernet failed with error -2
[    6.120817] fsl_dpaa_mac ffe4e6000.ethernet: of_count_phandle_with_args(/soc@ffe000000/fman@400000/ethernet@e6000, fsl,fman-ports) failed
[    6.133186] fsl_dpaa_mac: probe of ffe4e6000.ethernet failed with error -2
[    6.140156] fsl_dpaa_mac ffe4f0000.ethernet: of_get_mac_address(/soc@ffe000000/fman@400000/ethernet@f0000) failed
[    6.150438] fsl_dpaa_mac: probe of ffe4f0000.ethernet failed with error -22
[    6.157495] fsl_dpaa_mac ffe4f2000.ethernet: of_get_mac_address(/soc@ffe000000/fman@400000/ethernet@f2000) failed
[    6.167776] fsl_dpaa_mac: probe of ffe4f2000.ethernet failed with error -22
[    6.174983] e100: Intel(R) PRO/100 Network Driver, 3.5.24-k2-NAPI
[    6.181083] e100: Copyright(c) 1999-2006 Intel Corporation
[    6.186614] e1000: Intel(R) PRO/1000 Network Driver - version 7.3.21-k8-NAPI
[    6.193671] e1000: Copyright (c) 1999-2006 Intel Corporation.
[    6.199458] e1000e: Intel(R) PRO/1000 Network Driver - 3.2.6-k
[    6.205300] e1000e: Copyright(c) 1999 - 2015 Intel Corporation.
[    6.211262] igb: Intel(R) Gigabit Ethernet Network Driver - version 5.6.0-k
[    6.218231] igb: Copyright (c) 2007-2014 Intel Corporation.
[    6.223842] Intel(R) 2.5G Ethernet Linux Driver - version 0.0.1-k
[    6.229943] Copyright(c) 2018 Intel Corporation.
[    6.234603] igbvf: Intel(R) Gigabit Virtual Function Network Driver - version 2.4.0-k
[    6.242441] igbvf: Copyright (c) 2009 - 2012 Intel Corporation.
[    6.248397] ixgbe: Intel(R) 10 Gigabit PCI Express Network Driver - version 5.1.0-k
[    6.256062] ixgbe: Copyright (c) 1999-2016 Intel Corporation.
[    6.261917] ixgbevf: Intel(R) 10 Gigabit PCI Express Virtual Function Network Driver - version 4.1.0-k
[    6.271237] ixgbevf: Copyright (c) 2009 - 2018 Intel Corporation.
[    6.277421] i40e: Intel(R) Ethernet Connection XL710 Network Driver - version 2.8.20-k
[    6.285350] i40e: Copyright (c) 2013 - 2019 Intel Corporation.
[    6.291307] ixgb: Intel(R) PRO/10GbE Network Driver - version 1.0.135-k2-NAPI
[    6.298454] ixgb: Copyright (c) 1999-2008 Intel Corporation.
[    6.304153] iavf: Intel(R) Ethernet Adaptive Virtual Function Network Driver - version 3.2.3-k
[    6.312776] Copyright (c) 2013 - 2018 Intel Corporation.
[    6.318182] Intel(R) Ethernet Switch Host Interface Driver - version 0.26.1-k
[    6.325328] Copyright(c) 2013 - 2019 Intel Corporation.
[    6.330669] ice: Intel(R) Ethernet Connection E800 Series Linux Driver - version 0.8.1-k
[    6.338772] ice: Copyright (c) 2018, Intel Corporation.
[    6.344102] jme: JMicron JMC2XX ethernet driver version 1.0.8
[    6.350254] PPP generic driver version 2.4.2
[    6.354635] PPP BSD Compression module registered
[    6.359346] PPP Deflate Compression module registered
[    6.364420] PPP MPPE Compression module registered
[    6.369216] NET: Registered protocol family 24
[    6.373749] usbcore: registered new interface driver ath9k_htc
[    6.379663] Loaded prism54 driver, version 1.2
[    6.384205] usbcore: registered new interface driver rtl8187
[    6.384947] ata1: Signature Update detected @ 508 msecs
[    6.389952] usbcore: registered new interface driver rtl8192cu
[    6.390233] ata2: No Device OR PHYRDY change,Hstatus = 0xa0000000
[    6.390244] ata2: SATA link down (SStatus 10 SControl 300)
[    6.412813] usbcore: registered new interface driver rtl8xxxu
[    6.418647] usbcore: registered new interface driver zd1211rw
[    6.424430] usbcore: registered new interface driver zd1201
[    6.430009] VMware vmxnet3 virtual NIC driver - version 1.4.17.0-k-NAPI
[    6.436691] usbcore: registered new interface driver catc
[    6.442123] usbcore: registered new interface driver kaweth
[    6.447704] pegasus: v0.9.3 (2013/04/25), Pegasus/Pegasus II USB Ethernet driver
[    6.455135] usbcore: registered new interface driver pegasus
[    6.460831] usbcore: registered new interface driver rtl8150
[    6.466528] usbcore: registered new interface driver r8152
[    6.472047] usbcore: registered new interface driver lan78xx
[    6.477739] usbcore: registered new interface driver cdc_subset
[    6.483996] VFIO - User Level meta-driver version: 0.3
[    6.489562] ehci_hcd: USB 2.0 'Enhanced' Host Controller (EHCI) Driver
[    6.496261] ehci-pci: EHCI PCI platform driver
[    6.500741] ehci-platform: EHCI generic platform driver
[    6.507131] ehci-fsl: Freescale EHCI Host controller driver
[    6.512817] fsl-ehci fsl-ehci.0: Freescale On-Chip EHCI Host Controller
[    6.519447] fsl-ehci fsl-ehci.0: new USB bus registered, assigned bus number 1
[    6.536593] fsl-ehci fsl-ehci.0: irq 44, io mem 0xffe210000
[    6.548949] fsl-ehci fsl-ehci.0: USB 2.0 started, EHCI 1.00
[    6.552955] ata1: SATA link up 3.0 Gbps (SStatus 123 SControl 300)
[    6.554669] usb usb1: New USB device found, idVendor=1d6b, idProduct=0002, bcdDevice= 5.04
[    6.560954] ata1.00: supports DRM functions and may not be fully accessible
[    6.568984] usb usb1: New USB device strings: Mfr=3, Product=2, SerialNumber=1
[    6.575951] ata1.00: ATA-9: Samsung SSD 850 PRO 512GB, EXM02B6Q, max UDMA/133
[    6.583178] usb usb1: Product: Freescale On-Chip EHCI Host Controller
[    6.590316] ata1.00: 1000215216 sectors, multi 1: LBA48 NCQ (depth 16/32)
[    6.596763] usb usb1: Manufacturer: Linux 5.4.11_T2080RDB ehci_hcd
[    6.603555] ata1.00: ATA Identify Device Log not supported
[    6.609739] usb usb1: SerialNumber: fsl-ehci.0
[    6.615224] ata1.00: Security Log not supported
[    6.615503] ata1.00: supports DRM functions and may not be fully accessible
[    6.619926] hub 1-0:1.0: USB hub found
[    6.631188] hub 1-0:1.0: 1 port detected
[    6.634919] ata1.00: ATA Identify Device Log not supported
[    6.634922] ata1.00: Security Log not supported
[    6.639065] fsl-ehci fsl-ehci.1: Freescale On-Chip EHCI Host Controller
[    6.644336] ata1.00: configured for UDMA/133
[    6.648872] fsl-ehci fsl-ehci.1: new USB bus registered, assigned bus number 2
[    6.655720] scsi 0:0:0:0: Direct-Access     ATA      Samsung SSD 850  2B6Q PQ: 0 ANSI: 5
[    6.669657] fsl-ehci fsl-ehci.1: irq 45, io mem 0xffe211000
[    6.675641] sd 0:0:0:0: [sda] 1000215216 512-byte logical blocks: (512 GB/477 GiB)
[    6.686948] fsl-ehci fsl-ehci.1: USB 2.0 started, EHCI 1.00
[    6.688267] sd 0:0:0:0: [sda] Write Protect is off
[    6.693937] usb usb2: New USB device found, idVendor=1d6b, idProduct=0002, bcdDevice= 5.04
[    6.706882] usb usb2: New USB device strings: Mfr=3, Product=2, SerialNumber=1
[    6.706927] sd 0:0:0:0: [sda] Write cache: enabled, read cache: enabled, doesn't support DPO or FUA
[    6.714112] usb usb2: Product: Freescale On-Chip EHCI Host Controller
[    6.729616] usb usb2: Manufacturer: Linux 5.4.11_T2080RDB ehci_hcd
[    6.731896]  sda: sda1 sda2
[    6.735808] usb usb2: SerialNumber: fsl-ehci.1
[    6.739548] sd 0:0:0:0: [sda] Attached SCSI disk
[    6.743279] hub 2-0:1.0: USB hub found
[    6.751623] hub 2-0:1.0: 1 port detected
[    6.755855] usbcore: registered new interface driver usb-storage
[    6.762609] mousedev: PS/2 mouse device common for all mice
[    6.768737] i2c /dev entries driver
[    6.773127] mpc-i2c ffe118000.i2c: timeout 1000000 us
[    6.779876] rtc-ds1307 9-0068: SET TIME!
[    6.790015] rtc-ds1307 9-0068: registered as rtc0
[    6.795504] at24 9-0050: 32768 byte 24c256 EEPROM, writable, 1 bytes/write
[    6.802488] mpc-i2c ffe118100.i2c: timeout 1000000 us
[    6.807995] mpc-i2c ffe119000.i2c: timeout 1000000 us
[    6.813245] mpc-i2c ffe119100.i2c: timeout 1000000 us
[    6.819321] i2c i2c-10: Added multiplexed i2c bus 13
[    6.824430] i2c i2c-10: Added multiplexed i2c bus 14
[    6.829539] i2c i2c-10: Added multiplexed i2c bus 15
[    6.834637] i2c i2c-10: Added multiplexed i2c bus 16
[    6.839616] pca954x 10-0077: registered 4 multiplexed busses for I2C switch pca9546
[    6.848796] booke_wdt: powerpc book-e watchdog driver loaded
[    6.855054] device-mapper: uevent: version 1.0.3
[    6.859887] device-mapper: ioctl: 4.41.0-ioctl (2019-09-16) initialised: dm-devel@redhat.com
[    6.868336] Freescale(R) MPC85xx EDAC driver, (C) 2006 Montavista Software
[    6.876032] EDAC MC0: Giving out device to module fsl_ddr_edac controller fsl_mc_err: DEV fsl_mc_err (INTERRUPT)
[    6.886250] fsl_ddr_edac acquired irq 490 for MC
[    6.890872] fsl_ddr_edac MC err registered
[    6.896188] EDAC PCI0: Giving out device to module MPC85xx_edac controller mpc85xx_pci_err: DEV mpc85xx-pci-edac.0.auto (INTERRUPT)
[    6.908039] MPC85xx_edac acquired irq 21 for PCI Err
[    6.913008] MPC85xx_edac PCI err registered
[    6.917244] EDAC PCI1: Giving out device to module MPC85xx_edac controller mpc85xx_pci_err: DEV mpc85xx-pci-edac.1.auto (INTERRUPT)
[    6.929097] MPC85xx_edac acquired irq 23 for PCI Err
[    6.934066] MPC85xx_edac PCI err registered
[    6.939270] sdhci: Secure Digital Host Controller Interface driver
[    6.945457] sdhci: Copyright(c) Pierre Ossman
[    6.949888] sdhci-pltfm: SDHCI platform and OF driver helper
[    6.982134] mmc0: SDHCI controller on ffe114000.sdhc [ffe114000.sdhc] using ADMA 64-bit
[    6.990691] ledtrig-cpu: registered to indicate activity on CPUs
[    6.997284] caam ffe300000.crypto: Linux CAAM Queue I/F driver initialised
[    7.004297] platform ffe301000.jr: Adding to iommu group 39
[    7.010219] platform ffe302000.jr: Adding to iommu group 41
[    7.016133] platform ffe303000.jr: Adding to iommu group 42
[    7.022005] platform ffe304000.jr: Adding to iommu group 43
[    7.027981] caam ffe300000.crypto: Instantiated RNG4 SH1
[    7.033300] caam ffe300000.crypto: device ID = 0x0a13020000000000 (Era 6)
[    7.040095] caam ffe300000.crypto: job rings = 4, qi = 1
[    7.042477] mmc0: new high speed SDHC card at address e624
[    7.051256] mmcblk0: mmc0:e624 SU16G 14.8 GiB 
[    7.055840] caam algorithms registered in /proc/crypto
[    7.059898]  mmcblk0: p1
[    7.063349] caam ffe300000.crypto: caam pkc algorithms registered in /proc/crypto
[    7.071535] caam_jr ffe301000.jr: registering rng-caam
[    7.074949] usb 2-1: new high-speed USB device number 2 using fsl-ehci
[    7.083478] caam ffe300000.crypto: algorithms registered in /proc/crypto
[    7.090551] hidraw: raw HID events driver (C) Jiri Kosina
[    7.096150] usbcore: registered new interface driver usbhid
[    7.098412] usb 2-1: New USB device found, idVendor=0bda, idProduct=8152, bcdDevice=20.00
[    7.101731] usbhid: USB HID core driver
[    7.109916] usb 2-1: New USB device strings: Mfr=1, Product=2, SerialNumber=3
[    7.109920] usb 2-1: Product: USB 10/100 LAN
[    7.113992] NET: Registered protocol family 40
[    7.120897] usb 2-1: Manufacturer: Realtek
[    7.120899] usb 2-1: SerialNumber: 00145C98FE57
[    7.125230] exFAT: Version 1.3.0
[    7.141558] Freescale hypervisor management driver
[    7.146364] fsl-hv: no hypervisor found
[    7.150746] drop_monitor: Initializing network drop monitor service
[    7.157128] ipip: IPv4 and MPLS over IPv4 tunneling driver
[    7.162879] gre: GRE over IPv4 demultiplexor driver
[    7.167763] ip_gre: GRE over IPv4 tunneling driver
[    7.173168] Initializing XFRM netlink socket
[    7.177757] NET: Registered protocol family 10
[    7.183797] Segment Routing with IPv6
[    7.187509] mip6: Mobile IPv6
[    7.190776] sit: IPv6, IPv4 and MPLS over IPv4 tunneling driver
[    7.197202] NET: Registered protocol family 17
[    7.201675] NET: Registered protocol family 15
[    7.206212] lec:lane_module_init: lec.c: initialized
[    7.211198] mpoa:atm_mpoa_init: mpc.c: initialized
[    7.216005] l2tp_core: L2TP core driver, V2.0
[    7.220366] l2tp_netlink: L2TP netlink interface
[    7.225025] sctp: Hash tables configured (bind 256/256)
[    7.230528] NET: Registered protocol family 21
[    7.235080] Registered RDS/tcp transport
[    7.239009] lib80211: common routines for IEEE802.11 drivers
[    7.244685] tipc: Activated (version 2.0.0)
[    7.248903] NET: Registered protocol family 30
[    7.248950] usb 2-1: reset high-speed USB device number 2 using fsl-ehci
[    7.253404] tipc: Started in single node mode
[    7.264431] Key type dns_resolver registered
[    7.268942] batman_adv: B.A.T.M.A.N. advanced 2019.4 (compatibility version 15) loaded
[    7.276872] mpls_gso: MPLS GSO support
[    7.280844] drmem: No dynamic reconfiguration memory found
[    7.286490] registered taskstats version 1
[    7.290596] Loading compiled-in X.509 certificates
[    7.295476] zswap: loaded using pool lzo/zbud
[    7.299904] Key type ._fscrypt registered
[    7.303919] Key type .fscrypt registered
[    7.308566] Btrfs loaded, crc32c=crc32c-generic
[    7.313560] Key type encrypted registered
[    7.319449] gtp: GTP module loaded (pdp ctx size 104 bytes)
[    7.326247] rtc-ds1307 9-0068: setting system clock to 2000-01-01T00:00:21 UTC (946684821)
[    7.326410] r8152 2-1:1.0 eth0: v1.10.10
[    7.334782] cfg80211: Loading compiled-in X.509 certificates for regulatory database
[    7.346949] cfg80211: Loaded X.509 cert 'sforshee: 00b28ddf47aef9cea7'
[    7.353563] platform regulatory.0: Direct firmware load for regulatory.db failed with error -2
[    7.362197] platform regulatory.0: Falling back to sysfs fallback for: regulatory.db
[    7.370413] Waiting 5 sec before mounting root device...
[   12.864973] md: Waiting for all devices to be available before autodetect
[   12.871775] md: If you don't use raid, use raid=noautodetect
[   12.877748] md: Autodetecting RAID arrays.
[   12.881862] md: autorun ...
[   12.884662] md: ... autorun DONE.
[   12.921594] EXT4-fs (sda1): mounted filesystem with ordered data mode. Opts: (null)
[   12.929286] VFS: Mounted root (ext4 filesystem) on device 8:1.
[   12.936468] devtmpfs: mounted
[   12.942262] Freeing unused kernel memory: 10340K
[   12.946898] This architecture does not have kernel memory protection.
[   12.953349] Run /sbin/init as init process
[   13.100419] systemd[1]: System time before build time, advancing clock.
[   13.159857] systemd[1]: systemd 244-3 running in system mode. (+PAM +AUDIT +SELINUX +IMA +APPARMOR +SMACK +SYSVINIT +UTMP +LIBCRYPTSETUP +GCRYPT +GNUTLS +ACL +XZ +LZ4 +SECCOMP +BLKID +ELFUTILS +KMOD +IDN2 -IDN +PCRE2 default-hierarchy=hybrid)
[   13.181681] systemd[1]: Detected architecture ppc64.

Welcome to Debian GNU/Linux bullseye/sid!

[   13.213209] systemd[1]: Set hostname to <t2080rdb>.
[   13.444008] systemd[1]: /lib/systemd/system/dbus.socket:5: ListenStream= references a path below legacy directory /var/run/, updating /var/run/dbus/system_bus_socket  /run/dbus/system_bus_socket; please update the unit file accordingly.
[   13.565353] random: systemd: uninitialized urandom read (16 bytes read)
[   13.573872] systemd[1]: Created slice system-getty.slice.
[  OK  ] Created slice system-getty.slice.
[   13.588015] random: systemd: uninitialized urandom read (16 bytes read)
[   13.595297] systemd[1]: Created slice system-serial\x2dgetty.slice.
[  OK  ] Created slice system-serial\x2dgetty.slice.
[   13.610997] random: systemd: uninitialized urandom read (16 bytes read)
[   13.618184] systemd[1]: Created slice User and Session Slice.
[  OK  ] Created slice User and Session Slice.
[   13.633129] systemd[1]: Started Forward Password Requests to Wall Directory Watch.
[  OK  ] Started Forward Password Ruests to Wall Directory Watch.
[   13.652766] systemd[1]: Set up automount Arbitrary Executable File Formats File System Automount Point.
[  OK  ] Set up automount Arbitrarys File System Automount Point.
[   13.673111] systemd[1]: Reached target User and Group Name Lookups.
[  OK  ] Reached target User and Group Name Lookups.
[   13.689023] systemd[1]: Reached target Remote File Systems.
[  OK  ] Reached target Remote File Systems.
[   13.703011] systemd[1]: Reached target Slices.
[  OK  ] Reached target Slices.
[   13.717886] systemd[1]: Listening on multipathd control socket.
[  OK  ] Listening on multipathd control socket.
[   13.734550] systemd[1]: Listening on Syslog Socket.
[  OK  ] Listening on Syslog Socket.
[   13.747179] systemd[1]: Listening on fsck to fsckd communication Socket.
[  OK  ] Listening on fsck to fsckd communication Socket.
[   13.764106] systemd[1]: Listening on initctl Compatibility Named Pipe.
[  OK  ] Listening on initctl Compatibility Named Pipe.
[   13.780348] systemd[1]: Listening on Journal Audit Socket.
[  OK  ] Listening on Journal Audit Socket.
[   13.795178] systemd[1]: Listening on Journal Socket (/dev/log).
[  OK  ] Listening on Journal Socket (/dev/log).
[   13.810237] systemd[1]: Listening on Journal Socket.
[  OK  ] Listening on Journal Socket.
[   13.823233] systemd[1]: Listening on udev Control Socket.
[  OK  ] Listening on udev Control Socket.
[   13.837134] systemd[1]: Listening on udev Kernel Socket.
[  OK  ] Listening on udev Kernel Socket.
[   13.853684] systemd[1]: Mounting Huge Pages File System...
         Mounting Huge Pages File System...
[   13.869690] systemd[1]: Mounting POSIX Message Queue File System...
         Mounting POSIX Message Queue File System...
[   13.887749] systemd[1]: Mounting Kernel Debug File System...
         Mounting Kernel Debug File System...
[   13.906004] systemd[1]: Starting Set the console keyboard layout...
         Starting Set the console keyboard layout...
[   13.924063] systemd[1]: Starting Create list of static device nodes for the current kernel...
         Starting Create list of stodes for the current kernel...
[   13.944039] systemd[1]: Condition check resulted in Set Up Additional Binary Formats being skipped.
[   13.953290] systemd[1]: Condition check resulted in File System Check on Root Device being skipped.
[   13.966153] systemd[1]: Starting Journal Service...
         Starting Journal Service...
[   13.981851] systemd[1]: Starting Load Kernel Modules...
         Starting Load Kernel Modules...
[   13.997839] systemd[1]: Starting Remount Root and Kernel File Systems...
         Starting Remount Root and Kernel File Systems...
[   14.017050] systemd[1]: Starting udev Coldplug all Devices...
         Starting udev Coldplug all Devices...
[   14.035714] systemd[1]: Mounted Huge Pages File System.
[  OK  ] Mounted Huge Pages File System.
[   14.050731] systemd[1]: Mounted POSIX Message Queue File System.
[  OK  ] Mounted POSIX Message Queue File System.
[   14.066767] systemd[1]: Mounted Kernel Debug File System.
[  OK  ] Mounted Kernel Debug File System.
[   14.083705] systemd[1]: Started Create list of static device nodes for the current kernel.
[  OK  ] Started Create list of sta nodes for the current kernel.
[   14.105077] systemd[1]: Started Load Kernel Modules.
[  OK  ] Started Load Kernel Modules.
[   14.120255] systemd[1]: Started Set the console keyboard layout.
[  OK  ] Started Set the console keyboard layout.
[   14.137173] systemd[1]: Condition check resulted in FUSE Control File System being skipped.
[   14.150864] systemd[1]: Mounting Kernel Configuration File System...
         Mounting Kernel Configuration File System...
[   14.170320] systemd[1]: Starting Apply Kernel Variables...
         Starting Apply Kernel Variables...
[   14.190617] systemd[1]: Mounted Kernel Configuration File System.
[  OK  ] Mounted Kernel Configuration File System.
[   14.209305] systemd[1]: Started Apply Kernel Variables.
[  OK  ] Started Apply Kernel Variables.
[   14.236015] random: crng init done
[   14.239417] random: 7 urandom warning(s) missed due to ratelimiting
[   14.569481] systemd[1]: Started udev Coldplug all Devices.
[  OK  ] Started udev Coldplug all Devices.
[   14.588990] systemd[1]: Starting Helper to synchronize boot up for ifupdown...
         Starting Helper to synchronize boot up for ifupdown...
[   14.608787] systemd[1]: Starting udev Wait for Complete Device Initialization...
         Starting udev Wait for Complete Device Initialization...
[   14.627831] systemd[1]: Started Helper to synchronize boot up for ifupdown.
[  OK  ] Started Helper to synchronize boot up for ifupdown.
[   15.020240] systemd[1]: Started Journal Service.
[  OK  ] Started Journal Service.
[   15.141586] EXT4-fs (sda1): re-mounted. Opts: errors=remount-ro
[  OK  ] Started Remount Root and Kernel File Systems.
         Starting Flush Journal to Persistent Storage...
         Starting Load/Save Random Seed...
         Starting Create System Users..
[   15.196174] systemd-journald[3196]: Received client request to flush runtime journal.
.
[  OK  ] Started Flush Journal to Persistent Storage.
[  OK  ] Started Load/Save Random Seed.
[  OK  ] Started Create System Users.
         Starting Create Static Device Nodes in /dev...
[  OK  ] Started Create Static Device Nodes in /dev.
         Starting udev Kernel Device Manager...
[  OK  ] Started udev Kernel Device Manager.
         Starting Show Plymouth Boot Screen...
[  OK  ] Started Show Plymouth Boot Screen.
[  OK  ] Started Forward Password Rs to Plymouth Directory Watch.
[  OK  ] Reached target Local Encrypted Volumes.
[  OK  ] Found device /dev/ttyS0.
[   15.959930] sd 0:0:0:0: Attached scsi generic sg0 type 0
[   16.131507] r8152 2-1:1.0 enx00145c98fe57: renamed from eth0
[   16.192845] cfg80211: failed to load regulatory.db
[   16.428583] nand: device found, Manufacturer ID: 0x2c, Chip ID: 0xac
[   16.435260] nand: Micron MT29F4G08ABBDAH4
[   16.439680] nand: 512 MiB, SLC, erase size: 128 KiB, page size: 2048, OOB size: 64
[   16.448111] Bad block table found at page 262080, version 0x01
[   16.455310] Bad block table found at page 262016, version 0x01
[  OK  ] Listening on Load/Save RF itch Status /dev/rfkill Watch.
[   16.493523] ftl_cs: FTL header not found.
[   16.501958] fsl,ifc-nand fff800000.nand: IFC NAND device at 0xfff800000, bank 1
[   16.805443] snd_hda_intel 0001:01:00.1: Force to snoop mode by module option
[   16.840465] input: HDA ATI HDMI HDMI/DP,pcm=3 as /devices/platform/ffe270000.pcie/pci0001:00/0001:00:00.0/0001:01:00.1/sound/card0/input0
[  OK  ] Found device Samsung_SSD_850 2.
[  OK  ] Started udev Wait for Complete Device Initialization.
         Activating swap /dev/disk/1a9c-410e-9f89-faac9fbb2501...
         Starting Device-Mapper Multipath Device Controller...
[   17.242389] alua: device handler registered
[   17.248955] Adding 8388604k swap on /dev/sda2.  Priority:-2 extents:1 across:8388604k SSFS
[   17.252533] emc: device handler registered
[   17.268682] rdac: device handler registered
[  OK  ] Activated swap /dev/disk/b4-1a9c-410e-9f89-faac9fbb2501.
[  OK  ] Reached target Swap.
[  OK  ] Started Device-Mapper Multipath Device Controller.
[  OK  ] Reached target Local File Systems (Pre).
[  OK  ] Reached target Local File Systems.
         Starting Enable support fol executable binary formats...
         Starting Set console font and keymap...
         Starting Raise network interfaces...
         Starting Tell Plymouth To Write Out Runtime Data...
         Starting Create Volatile Files and Directories...
         Mounting Arbitrary Executable File Formats File System...
[  OK  ] Started Set console font and keymap.
[  OK  ] Started Tell Plymouth To Write Out Runtime Data.
[  OK  ] Mounted Arbitrary Executable File Formats File System.
[  OK  ] Started Enable support fornal executable binary formats.
[  OK  ] Started Create Volatile Files and Directories.
[  OK  ] Started Entropy daemon using the HAVEGE algorithm.
         Starting Network Time Synchronization...
         Starting Update UTMP about System Boot/Shutdown...
[  OK  ] Started Raise network interfaces.
[  OK  ] Started Update UTMP about System Boot/Shutdown.
[  OK  ] Started Network Time Synchronization.
[  OK  ] Reached target System Initialization.
[  OK  ] Started CUPS Scheduler.
[  OK  ] Started Daily Cleanup of Temporary Directories.
[  OK  ] Reached target Paths.
[  OK  ] Reached target System Time Set.
[  OK  ] Reached target System Time Synchronized.
[  OK  ] Started Trigger anacron every hour.
[  OK  ] Started Daily apt download activities.
[  OK  ] Started Daily apt upgrade and clean activities.
[  OK  ] Started Periodic ext4 Onliata Check for All Filesystems.
[  OK  ] Started Daily exim4-base housekeeping.
[  OK  ] Started Daily rotation of log files.
[  OK  ] Started Daily man-db regeneration.
[  OK  ] Reached target Timers.
[  OK  ] Listening on Avahi mDNS/DNS-SD Stack Activation Socket.
[  OK  ] Listening on CUPS Scheduler.
[  OK  ] Listening on D-Bus System Message Bus Socket.
[  OK  ] Listening on Activation so for spice guest agent daemon.
[  OK  ] Reached target Sockets.
[  OK  ] Reached target Basic System.
         Starting Modem Manager...
         Starting Accounts Service...
         Starting Save/Restore Sound Card State...
[  OK  ] Started Run anacron jobs.
         Starting Avahi mDNS/DNS-SD Stack...
[  OK  ] Started Regular background program processing daemon.
[  OK  ] Started CUPS Scheduler.
[  OK  ] Started D-Bus System Message Bus.
         Starting Network Manager...
         Starting Remove Stale Onlit4 Metadata Check Snapshots...
         Starting Initialize hardware monitoring sensors...
         Starting LSB: LVM2 poll daemon...
         Starting LSB: handle speci hotkeys of Apple computers...
         Starting Restore /etc/reso the ppp link was shut down...
         Starting LSB: Adaptive readahead daemon...
         Starting System Logging Service...
         Starting Login Service...
         Starting Disk Manager...
         Starting WPA supplicant...
[  OK  ] Started Save/Restore Sound Card State.
[  OK  ] Started LSB: handle special hotkeys of Apple computers.
[  OK  ] Started Restore /etc/resolre the ppp link was shut down.
[  OK  ] Started Initialize hardware monitoring sensors.
[  OK  ] Reached target Sound Card.
[  OK  ] Started System Logging Service.
[  OK  ] Started Remove Stale Onlinext4 Metadata Check Snapshots.
[  OK  ] Started LSB: LVM2 poll daemon.
[  OK  ] Started LSB: Adaptive readahead daemon.
[  OK  ] Started WPA supplicant.
         Starting Authorization Manager...
[  OK  ] Started Avahi mDNS/DNS-SD Stack.
[  OK  ] Started Make remote CUPS printers available locally.
[  OK  ] Started Network Manager.
[  OK  ] Reached target Network.
         Starting Network Manager Wait Online...
[  OK  ] Started Snapcast client.
         Starting OpenBSD Secure Shell server...
         Starting Permit User Sessions...
         Starting Manage, Install and Generate Color Profiles...
[  OK  ] Started Authorization Manager.
         Starting Hostname Service...
[  OK  ] Started Accounts Service.
[  OK  ] Started Permit User Sessions.
         Starting Light Display Manager...
         Starting Hold until boot process finishes up...
[  OK  ] Started Manage, Install and Generate Color Profiles.
[  OK  ] Started OpenBSD Secure Shell server.
[  OK  ] Started Modem Manager.
[  OK  ] Started Disk Manager.
[  OK  ] Started Hostname Service.
[  OK  ] Started Login Service.
[  OK  ] Started Unattended Upgrades Shutdown.
         Starting Network Manager Script Dispatcher Service...
[  OK  ] Started Network Manager Script Dispatcher Service.
[   21.564744] IPv6: ADDRCONF(NETDEV_CHANGE): enx00145c98fe57: link becomes ready
[   21.572410] r8152 2-1:1.0 enx00145c98fe57: carrier on
[   22.156972] radeon_dp_aux_transfer_native: 90 callbacks suppressed

Debian GNU/Linux bullseye/sid t2080rdb ttyS0

t2080rdb login:

poweroff
Session terminated
[  OK  ] Stopped xrdp session manager.
[  OK  ] Started Show Plymouth Power Off Screen.
[  OK  ] Stopped User Manager for UID 112.
         Stopping User Runtime Directory /run/user/112...
[  OK  ] Unmounted /run/user/112.
[  OK  ] Stopped User Runtime Directory /run/user/112.
[  OK  ] Removed slice User Slice of UID 112.
[  OK  ] Stopped Snapcast client.
[  OK  ] Stopped target Sound Card.
         Stopping Save/Restore Sound Card State...
         Stopping Avahi mDNS/DNS-SD Stack...
[  OK  ] Stopped Avahi mDNS/DNS-SD Stack.
[  OK  ] Stopped Save/Restore Sound Card State.
[  OK  ] Stopped LSB: Adaptive readahead daemon.
[  OK  ] Stopped target System Time Synchronized.
[  OK  ] Stopped target System Time Set.
[  OK  ] Stopped Session 2 of user ppc64.
         Stopping Login Service...
         Stopping User Manager for UID 1000...
[  OK  ] Stopped Login Service.
[  OK  ] Stopped User Manager for UID 1000.
         Stopping User Runtime Directory /run/user/1000...
[  OK  ] Unmounted /run/user/1000.
[  OK  ] Stopped User Runtime Directory /run/user/1000.
[  OK  ] Removed slice User Slice of UID 1000.
         Stopping Permit User Sessions...
[  OK  ] Stopped Permit User Sessions.
[  OK  ] Stopped target Network.
[  OK  ] Stopped target User and Group Name Lookups.
[  OK  ] Stopped target Remote File Systems.
         Stopping Network Manager...
         Stopping Raise network interfaces...
         Stopping WPA supplicant...
[  OK  ] Stopped WPA supplicant.
[  OK  ] Stopped Raise network interfaces.
[  OK  ] Stopped Network Manager.
         Stopping D-Bus System Message Bus...
[  OK  ] Stopped D-Bus System Message Bus.
[  OK  ] Stopped target Basic System.
[  OK  ] Stopped Forward Password Rs to Plymouth Directory Watch.
[  OK  ] Stopped target Paths.
[  OK  ] Stopped CUPS Scheduler.
[  OK  ] Stopped target Slices.
[  OK  ] Removed slice User and Session Slice.
[  OK  ] Stopped target Sockets.
[  OK  ] Closed Avahi mDNS/DNS-SD Stack Activation Socket.
[  OK  ] Closed CUPS Scheduler.
[  OK  ] Closed D-Bus System Message Bus Socket.
[  OK  ] Closed Activation socket for spice guest agent daemon.
[  OK  ] Stopped target System Initialization.
[  OK  ] Stopped target Local Encrypted Volumes.
[  OK  ] Stopped Forward Password Ruests to Wall Directory Watch.
[  OK  ] Stopped target Swap.
[  OK  ] Closed Syslog Socket.
         Deactivating swap /dev/dis512GB_S39FNWAH921721V-part2...
[  OK  ] Stopped Apply Kernel Variables.
[  OK  ] Stopped Load Kernel Modules.
         Stopping Network Time Synchronization...
         Stopping Update UTMP about System Boot/Shutdown...
[  OK  ] Stopped Network Time Synchronization.
[  OK  ] Deactivated swap /dev/diskrm-ffe220000.sata-ata-1-part2.
[  OK  ] Deactivated swap /dev/diskO_512GB_S39FNWAH921721V-part2.
[  OK  ] Deactivated swap /dev/disk/wwn-0x5002538d703965c3-part2.
[  OK  ] Deactivated swap /dev/diskO_512GB_S39FNWAH921721V-part2.
[  OK  ] Deactivated swap /dev/disk/scsi-35002538d703965c3-par[ 1895.041492] systemd-shutdown[1]: Syncing filesystems and block devices.
t2.
[  OK  ] Deactivated swap /dev/diskSSD_850_S39[ 1895.054986] systemd-shutdown[1]: Sending SIGTERM to remaining processes...
FNWAH921721V-part2.
[  OK  ] Deactivated swap /dev/diskSSD_850_S39FNWAH921721V-part2.
[  OK  ] Deactiva[ 1895.074872] systemd-journald[3196]: Received SIGTERM from PID 1 (systemd-shutdow).
ted swap /dev/disk/by-partuuid/83bd1d8c-02.
[  OK  ] Deactivated swap /dev/sda2.
[  OK  ] Deactivated swap /dev/disk4-1a9c-410e-9f8[ 1895.099374] systemd-shutdown[1]: Sending SIGKILL to remaining processes...
9-faac9fbb2501.
[  OK  ] Reached target Unmount All Filesystems.
[  OK  ] Stopped Upd[ 1895.118163] systemd-shutdown[1]: Unmounting file systems.
ate UTMP about System Boot/[ 1895.125888] [79002]: Remounting '/' read-only in with options 'errors=remount-ro,stripe=8191'.
Shutdown.
[  OK  ] Stopped Create Volatile Files and Directories.
[  OK  ] Stopped target Local File Systems.
[  OK  ] Stopped target Local File Systems (Pre).
         Stopping Device-Mapper Multipath Device Controller...
[  OK  ] Stopped Create Static Device Nodes in /dev.
[  OK  ] Stopped Create System Users.
[  OK  ] Stopped Remount Root and Kernel File Systems.
[  OK  ] Reached target Shutdown.
[  OK  ] Reached target Final Step.
[  OK  ] Started Power-Off.
[  OK  ] Reached target Power-Off.
[ 1895.403024] EXT4-fs (sda1): re-mounted. Opts: errors=remount-ro,stripe=8191
[ 1895.567552] systemd-shutdown[1]: All filesystems unmounted.
[ 1895.573152] systemd-shutdown[1]: Deactivating swaps.
[ 1895.578229] systemd-shutdown[1]: All swaps deactivated.
[ 1895.583467] systemd-shutdown[1]: Detaching loop devices.
[ 1895.591312] systemd-shutdown[1]: All loop devices detached.
[ 1895.596900] systemd-shutdown[1]: Detaching DM devices.
[ 1895.602233] systemd-shutdown[1]: All DM devices detached.
[ 1895.607648] systemd-shutdown[1]: All filesystems, swaps, loop devices and DM devices detached.
[ 1895.621596] systemd-shutdown[1]: Syncing filesystems and block devices.
[ 1895.628312] systemd-shutdown[1]: Powering off.
[ 1896.619536] kvm: exiting hardware virtualization
[ 1896.628269] sd 0:0:0:0: [sda] Synchronizing SCSI cache
[ 1896.634966] sd 0:0:0:0: [sda] Stopping disk
[ 1897.112266] r8152 2-1:1.0 enx00145c98fe57: carrier off
[ 1897.989656] reboot: System halted
[ 1897.992996] System Halted, OK to turn off power
