SD boot...
Initializing....using SPD
2 GiB left unmapped


U-Boot 2016.092.0+ga06b209 (Jul 12 2018 - 23:44:34 +0200)

CPU0:  T2080E, Version: 1.1, (0x85380011)
Core:  e6500, Version: 2.0, (0x80400120)
Clock Configuration:
       CPU0:1799.820 MHz, CPU1:1799.820 MHz, CPU2:1799.820 MHz, CPU3:1799.820 MHz,
       CCB:599.940 MHz,
       DDR:933.310 MHz (1866.620 MT/s data rate) (Asynchronous), IFC:599.940 MHz
       FMAN1: 699.930 MHz
       QMAN:  299.970 MHz
       PME:   599.940 MHz
L1:    D-cache 32 KiB enabled
       I-cache 32 KiB enabled
Reset Configuration Word (RCW):
       00000000: 1207001b 15000000 00000000 00000000
       00000010: 66150002 00000000 68104000 c1000000
       00000020: 00800000 00000000 00000000 000307fc
       00000030: 00000000 00000000 00000000 00000004
Board: T2080RDB, Board rev: 0x01 CPLD ver: 0x03, boot from SD/MMC
SERDES Reference Clocks:
SD1_CLK1=156.25MHZ, SD1_CLK2=100.00MHZ
SD2_CLK1=100.00MHZ, SD2_CLK2=100.00MHZ
I2C:   ready
SPI:   ready
DRAM:  Detected UDIMM D3XP56082XL10AA
2 GiB left unmapped
4 GiB (DDR3, 64-bit, CL=13, ECC on)
       DDR Chip-Select Interleaving Mode: CS0+CS1
Flash: 128 MiB
L2:    2 MiB enabled
Corenet Platform Cache: 512 KiB enabled
Using SERDES1 Protocol: 102 (0x66)
Using SERDES2 Protocol: 21 (0x15)
SEC0: RNG instantiated
NAND:  512 MiB
MMC:   FSL_SDHC: 0
EEPROM: Invalid ID (ff ff ff ff)
PCIe1: Endpoint, undetermined, regs @ 0xfe240000
PCIe1: Bus 00 - 00
PCIe2: Root Complex, x1 gen1, regs @ 0xfe250000
PCIe2: Bus 01 - 02
PCIe3: disabled
PCIe4: Root Complex, x1 gen1, regs @ 0xfe270000
  04:00.0     - 10ec:8168 - Network controller
PCIe4: Bus 03 - 04
Video: No radeon video card found!
In:    serial
Out:   serial
Err:   serial
Net:
MMC read: dev # 0, block # 2080, count 128 ...
Fman1: Uploading microcode version 106.4.18
MMC read: dev # 0, block # 2208, count 512 ...
Not found Cortina PHY ucode at 0x00114000
MMC read: dev # 0, block # 2208, count 512 ...
Not found Cortina PHY ucode at 0x00114000
FM1@DTSEC3 [PRIME], FM1@DTSEC4, FM1@TGEC1, FM1@TGEC2, FM1@TGEC3, FM1@TGEC4
Hit any key to stop autoboot:  0
Device: FSL_SDHC
Manufacturer ID: 3
OEM: 5344
Name: SU16G
Tran Speed: 50000000
Rd Block Len: 512
SD version 3.0
High Capacity: Yes
Capacity: 14.8 GiB
Bus Width: 4-bit
Erase Group Size: 512 Bytes
22136195 bytes read in 997 ms (21.2 MiB/s)
36545 bytes read in 57 ms (626 KiB/s)
WARNING: adjusting available memory to 30000000
## Booting kernel from Legacy Image at 03000000 ...
   Image Name:   Linux-5.5.3_T2080RDB
   Image Type:   PowerPC Linux Kernel Image (gzip compressed)
   Data Size:    22136131 Bytes = 21.1 MiB
   Load Address: 00000000
   Entry Point:  00000000
   Verifying Checksum ... OK
## Flattened Device Tree blob at 05000000
   Booting using the fdt blob at 0x5000000
   Uncompressing Kernel Image ... OK
   Loading Device Tree to 03fe4000, end 03fffec0 ... OK
[    0.000000] OF: reserved mem: initialized node qman-fqd, compatible id fsl,qman-fqd
[    0.000000] OF: reserved mem: initialized node qman-pfdr, compatible id fsl,qman-pfdr
[    0.000000] OF: reserved mem: initialized node bman-fbpr, compatible id fsl,bman-fbpr
[    0.000000] MMU: Supported page sizes
[    0.000000]          4 KB as direct
[    0.000000]       2048 KB as direct & indirect
[    0.000000]       4096 KB as direct
[    0.000000]      16384 KB as direct
[    0.000000]      65536 KB as direct
[    0.000000]     262144 KB as direct
[    0.000000]    1048576 KB as direct
[    0.000000] MMU: Book3E HW tablewalk enabled
[    0.000000] Linux version 5.5.3_T2080RDB (mario@mario-VirtualBox) (gcc version 9.2.1 20191008 (Ubuntu 9.2.1-9ubuntu1)) #1 SMP PREEMPT Tue Feb 11 15:58:58 CET 2020
[    0.000000] Argh, can't find dcache properties !
[    0.000000] Argh, can't find icache properties !
[    0.000000] Using CoreNet Generic machine description
[    0.000000] ioremap() called early from .find_legacy_serial_ports+0x6fc/0x7f0. Use early_ioremap() instead
[    0.000000] printk: bootconsole [udbg0] enabled
[    0.000000] CPU maps initialized for 2 threads per core
[    0.000000] -----------------------------------------------------
[    0.000000] phys_mem_size     = 0x100000000
[    0.000000] dcache_bsize      = 0x40
[    0.000000] icache_bsize      = 0x40
[    0.000000] cpu_features      = 0x00000003009003b6
[    0.000000]   possible        = 0x00000003009003b6
[    0.000000]   always          = 0x00000003008003b4
[    0.000000] cpu_user_features = 0xdc008000 0x08000000
[    0.000000] mmu_features      = 0x000a0010
[    0.000000] firmware_features = 0x0000000000000000
[    0.000000] -----------------------------------------------------
[    0.000000] numa:   NODE_DATA [mem 0xfff1c740-0xfff23fff]
[    0.000000] ioremap() called early from .of_iomap+0x3c/0x80. Use early_ioremap() instead
[    0.000000] CoreNet Generic board
[    0.000000] barrier-nospec: using isync; sync as speculation barrier
[    0.000000] Zone ranges:
[    0.000000]   DMA      [mem 0x0000000000000000-0x000000007fffffff]
[    0.000000]   Normal   [mem 0x0000000080000000-0x00000000ffffffff]
[    0.000000] Movable zone start for each node
[    0.000000] Early memory node ranges
[    0.000000]   node   0: [mem 0x0000000000000000-0x00000000ffffffff]
[    0.000000] Initmem setup node 0 [mem 0x0000000000000000-0x00000000ffffffff]
[    0.000000] MMU: Allocated 2112 bytes of context maps for 255 contexts
[    0.000000] percpu: Embedded 31 pages/cpu s89424 r0 d37552 u131072
[    0.000000] Built 1 zonelists, mobility grouping on.  Total pages: 1032192
[    0.000000] Policy zone: Normal
[    0.000000] Kernel command line: root=/dev/sda1 rw rootdelay=5 console=ttyS0,115200
[    0.000000] printk: log_buf_len individual max cpu contribution: 4096 bytes
[    0.000000] printk: log_buf_len total cpu_extra contributions: 28672 bytes
[    0.000000] printk: log_buf_len min size: 16384 bytes
[    0.000000] printk: log_buf_len: 65536 bytes
[    0.000000] printk: early log buf free: 11904(72%)
[    0.000000] Dentry cache hash table entries: 524288 (order: 10, 4194304 bytes, linear)
[    0.000000] Inode-cache hash table entries: 262144 (order: 9, 2097152 bytes, linear)
[    0.000000] mem auto-init: stack:off, heap alloc:off, heap free:off
[    0.000000] Memory: 3909724K/4194304K available (31764K kernel code, 5324K rwdata, 11212K rodata, 10832K init, 1072K bss, 284580K reserved, 0K cma-reserved)
[    0.000000] random: get_random_u64 called from .__kmem_cache_create+0x48/0x6e0 with crng_init=0
[    0.000000] SLUB: HWalign=64, Order=0-3, MinObjects=0, CPUs=8, Nodes=1
[    0.000000] rcu: Preemptible hierarchical RCU implementation.
[    0.000000] rcu:     RCU event tracing is enabled.
[    0.000000] rcu:     RCU restricting CPUs from NR_CPUS=24 to nr_cpu_ids=8.
[    0.000000]  Tasks RCU enabled.
[    0.000000] rcu: RCU calculated value of scheduler-enlistment delay is 100 jiffies.
[    0.000000] rcu: Adjusting geometry for rcu_fanout_leaf=16, nr_cpu_ids=8
[    0.000000] NR_IRQS: 512, nr_irqs: 512, preallocated irqs: 16
[    0.000000] mpic: Setting up MPIC " OpenPIC  " version 1.2 at ffe040000, max 8 CPUs
[    0.000000] mpic: ISU size: 512, shift: 9, mask: 1ff
[    0.000000] mpic: Initializing for 512 sources
[    0.000003] clocksource: timebase: mask: 0xffffffffffffffff max_cycles: 0x8a5d528ca, max_idle_ns: 440795203517 ns
[    0.010181] clocksource: timebase mult[1aab5972] shift[24] registered
[    0.018637] Console: colour dummy device 80x25
[    0.023046] pid_max: default: 32768 minimum: 301
[    0.027709] Mount-cache hash table entries: 8192 (order: 4, 65536 bytes, linear)
[    0.035032] Mountpoint-cache hash table entries: 8192 (order: 4, 65536 bytes, linear)
[    0.048912] e6500 family performance monitor hardware support registered
[    0.057552] rcu: Hierarchical SRCU implementation.
[    0.071336] smp: Bringing up secondary CPUs ...
[    0.146599] smp: Brought up 1 node, 8 CPUs
[    0.150623] Using shared cache scheduler topology
[    0.156216] devtmpfs: initialized
[    0.163594] clocksource: jiffies: mask: 0xffffffff max_cycles: 0xffffffff, max_idle_ns: 1911260446275000 ns
[    0.173268] futex hash table entries: 2048 (order: 5, 131072 bytes, linear)
[    0.180378] xor: measuring software checksum speed
[    0.194463]    8regs     :  3572.000 MB/sec
[    0.208517]    8regs_prefetch:  3200.000 MB/sec
[    0.222571]    32regs    :  2860.000 MB/sec
[    0.236626]    32regs_prefetch:  2668.000 MB/sec
[    0.250680]    altivec   :  5472.000 MB/sec
[    0.254777] xor: using function: altivec (5472.000 MB/sec)
[    0.260661] thermal_sys: Registered thermal governor 'step_wise'
[    0.260662] thermal_sys: Registered thermal governor 'user_space'
[    0.266887] NET: Registered protocol family 16
[    0.277676] audit: initializing netlink subsys (disabled)
[    0.283069] audit: type=2000 audit(0.224:1): state=initialized audit_enabled=0 res=1
[    0.290756] cpuidle: using governor ladder
[    0.294835] cpuidle: using governor menu
[    0.315454] Machine: fsl,T2080RDB
[    0.318685] SoC family: QorIQ T2080
[    0.322161] SoC ID: svr:0x85380011, Revision: 1.1
[    0.329962] fsl-pci ffe240000.pcie: Invalid size 0xfffff9 for dma-range
[    0.336754] fsl-pci ffe250000.pcie: Invalid size 0xfffff9 for dma-range
[    0.343326] Found FSL PCI host bridge at 0x0000000ffe250000. Firmware bus number: 0->1
[    0.351200] PCI host bridge /pcie@ffe250000  ranges:
[    0.356159]  MEM 0x0000000c20000000..0x0000000c2fffffff -> 0x00000000e0000000
[    0.363372]   IO 0x0000000ff8010000..0x0000000ff801ffff -> 0x0000000000000000
[    0.370546] /pcie@ffe250000: PCICSRBAR @ 0xff000007
[    0.375368] setup_pci_atmu: end of DRAM 100000000
[    0.380071] /pcie@ffe250000: Setup 64-bit PCI DMA window
[    0.385368] /pcie@ffe250000: WARNING: Outbound window cfg leaves gaps in memory map. Adjusting the memory map could reduce unnecessary bounce buffering.
[    0.399018] /pcie@ffe250000: DMA window size is 0xe0000000
[    0.404770] fsl-pci ffe270000.pcie: Invalid size 0xfffff9 for dma-range
[    0.411343] Found FSL PCI host bridge at 0x0000000ffe270000. Firmware bus number: 0->1
[    0.419219] PCI host bridge /pcie@ffe270000  ranges:
[    0.424175]  MEM 0x0000000c40000000..0x0000000c5fffffff -> 0x00000000e0000000
[    0.431389]   IO 0x0000000ff8030000..0x0000000ff803ffff -> 0x0000000000000000
[    0.438539] /pcie@ffe270000: PCICSRBAR @ 0xdf000007
[    0.443384] setup_pci_atmu: end of DRAM 100000000
[    0.448086] /pcie@ffe270000: Setup 64-bit PCI DMA window
[    0.453383] /pcie@ffe270000: DMA window size is 0xdf000007
[    0.460900] platform ff6000000.qman-portal: Adding to iommu group 0
[    0.467105] platform ff6004000.qman-portal: Adding to iommu group 1
[    0.473363] platform ff6008000.qman-portal: Adding to iommu group 2
[    0.479623] platform ff600c000.qman-portal: Adding to iommu group 3
[    0.485885] platform ff6010000.qman-portal: Adding to iommu group 4
[    0.492143] platform ff6014000.qman-portal: Adding to iommu group 5
[    0.498409] platform ff6018000.qman-portal: Adding to iommu group 6
[    0.504662] platform ff601c000.qman-portal: Adding to iommu group 7
[    0.510925] platform ff6020000.qman-portal: Adding to iommu group 8
[    0.517188] platform ff6024000.qman-portal: Adding to iommu group 9
[    0.523442] platform ff6028000.qman-portal: Adding to iommu group 10
[    0.529788] platform ff602c000.qman-portal: Adding to iommu group 11
[    0.536138] platform ff6030000.qman-portal: Adding to iommu group 12
[    0.542484] platform ff6034000.qman-portal: Adding to iommu group 13
[    0.548832] platform ff6038000.qman-portal: Adding to iommu group 14
[    0.555176] platform ff603c000.qman-portal: Adding to iommu group 15
[    0.561526] platform ff6040000.qman-portal: Adding to iommu group 16
[    0.567870] platform ff6044000.qman-portal: Adding to iommu group 17
[    0.574232] platform ffe114000.sdhc: Adding to iommu group 18
[    0.579987] platform ffe488000.port: Adding to iommu group 19
[    0.585698] platform ffe489000.port: Adding to iommu group 20
[    0.591433] platform ffe48a000.port: Adding to iommu group 21
[    0.597172] platform ffe48b000.port: Adding to iommu group 22
[    0.602909] platform ffe48c000.port: Adding to iommu group 23
[    0.608650] platform ffe48d000.port: Adding to iommu group 24
[    0.614386] platform ffe490000.port: Adding to iommu group 25
[    0.620124] platform ffe491000.port: Adding to iommu group 26
[    0.625880] platform ffe100300.dma: Adding to iommu group 27
[    0.631513] platform ffe101300.dma: Adding to iommu group 28
[    0.637162] platform ffe102300.dma: Adding to iommu group 29
[    0.642825] platform ffe210000.usb: Adding to iommu group 30
[    0.648464] platform ffe211000.usb: Adding to iommu group 31
[    0.654121] platform ffe316000.pme: Adding to iommu group 32
[    0.659768] platform ffe31a000.bman: Adding to iommu group 33
[    0.665504] platform ffe318000.qman: Adding to iommu group 34
[    0.671244] platform ffe220000.sata: Adding to iommu group 35
[    0.676985] platform ffe221000.sata: Adding to iommu group 36
[    0.682722] platform ffe240000.pcie: Adding to iommu group 37
[    0.688464] fsl-pci ffe250000.pcie: Adding to iommu group 38
[    0.694111] fsl-pci ffe270000.pcie: Adding to iommu group 39
[    0.709060] software IO TLB: mapped [mem 0x03ff7000-0x07ff7000] (64MB)
[    0.715511] PCI: Probing PCI hardware
[    0.719247] fsl-pci ffe250000.pcie: PCI host bridge to bus 0000:00
[    0.725349] pci_bus 0000:00: root bus resource [io  0x8000080000010000-0x800008000001ffff] (bus address [0x0000-0xffff])
[    0.736215] pci_bus 0000:00: root bus resource [mem 0xc20000000-0xc2fffffff] (bus address [0xe0000000-0xefffffff])
[    0.746561] pci_bus 0000:00: root bus resource [bus 00-01]
[    0.752038] pci_bus 0000:00: busn_res: [bus 00-01] end is updated to ff
[    0.758664] pci 0000:00:00.0: [1957:0830] type 01 class 0x0b2000
[    0.764668] pci 0000:00:00.0: [Firmware Bug]: reg 0x10: invalid BAR (can't size)
[    0.772044] pci 0000:00:00.0: reg 0x38: [mem 0xc20000000-0xc20ffffff pref]
[    0.778966] pci 0000:00:00.0: supports D1 D2
[    0.783162] pci 0000:00:00.0: PME# supported from D0 D1 D2 D3hot
[    0.789279] fsl-pci ffe250000.pcie: Removing from iommu group 38
[    0.795225] pci 0000:00:00.0: Adding to iommu group 40
[    0.804590] pci 0000:00:00.0: PCI bridge to [bus 01-ff]
[    0.809736] pci 0000:00:00.0:   bridge window [mem 0xc20000000-0xc20ffffff]
[    0.816696] pci_bus 0000:01: busn_res: [bus 01-ff] end is updated to 01
[    0.823298] pci_bus 0000:00: busn_res: [bus 00-ff] end is updated to 01
[    0.829979] fsl-pci ffe270000.pcie: PCI host bridge to bus 0001:00
[    0.836081] pci_bus 0001:00: root bus resource [io  0x8000080000021000-0x8000080000030fff] (bus address [0x0000-0xffff])
[    0.846954] pci_bus 0001:00: root bus resource [mem 0xc40000000-0xc5fffffff] (bus address [0xe0000000-0xffffffff])
[    0.857293] pci_bus 0001:00: root bus resource [bus 00-01]
[    0.862769] pci_bus 0001:00: busn_res: [bus 00-01] end is updated to ff
[    0.869391] pci 0001:00:00.0: [1957:0830] type 01 class 0x0b2000
[    0.875393] pci 0001:00:00.0: reg 0x10: [io  0xdf000004-0xdf000007]
[    0.881646] pci 0001:00:00.0: reg 0x38: [mem 0xc40000000-0xc40ffffff pref]
[    0.888556] pci 0001:00:00.0: supports D1 D2
[    0.892764] pci 0001:00:00.0: PME# supported from D0 D1 D2 D3hot
[    0.898865] fsl-pci ffe270000.pcie: Removing from iommu group 39
[    0.904808] pci 0001:00:00.0: Adding to iommu group 38
[    0.912131] pci 0001:01:00.0: [10ec:8168] type 00 class 0x020000
[    0.918089] pci 0001:01:00.0: reg 0x10: [io  0x8000080000022000-0x80000800000220ff]
[    0.925733] pci 0001:01:00.0: reg 0x18: [mem 0xc41000000-0xc41000fff 64bit]
[    0.932677] pci 0001:01:00.0: reg 0x20: [mem 0xc41004000-0xc41007fff 64bit pref]
[    0.940180] pci 0001:01:00.0: supports D1 D2
[    0.944371] pci 0001:01:00.0: PME# supported from D0 D1 D2 D3hot D3cold
[    0.951122] pci 0001:01:00.0: Adding to iommu group 38
[    0.961261] pci 0001:00:00.0: PCI bridge to [bus 01-ff]
[    0.966405] pci 0001:00:00.0:   bridge window [io  0x8000080000022000-0x8000080000022fff]
[    0.974577] pci 0001:00:00.0:   bridge window [mem 0xc40000000-0xc410fffff]
[    0.981578] pci_bus 0001:01: busn_res: [bus 01-ff] end is updated to 01
[    0.988141] pci_bus 0001:00: busn_res: [bus 00-ff] end is updated to 01
[    0.994753] PCI: Cannot allocate resource region 6 of device 0000:00:00.0, will remap
[    1.002572] PCI: Cannot allocate resource region 0 of device 0001:00:00.0, will remap
[    1.010394] PCI: Cannot allocate resource region 6 of device 0001:00:00.0, will remap
[    1.018247] pci 0000:00:00.0: BAR 6: no space for [mem size 0x01000000 pref]
[    1.025262] pci 0000:00:00.0: BAR 6: failed to assign [mem size 0x01000000 pref]
[    1.032653] pci 0000:00:00.0: PCI bridge to [bus 01]
[    1.037609] pci 0000:00:00.0:   bridge window [io  0x8000080000010000-0x800008000001ffff]
[    1.045782] pci 0000:00:00.0:   bridge window [mem 0xc20000000-0xc2fffffff]
[    1.052739] pci_bus 0000:00: resource 4 [io  0x8000080000010000-0x800008000001ffff]
[    1.060387] pci_bus 0000:00: resource 5 [mem 0xc20000000-0xc2fffffff]
[    1.066822] pci_bus 0000:01: resource 0 [io  0x8000080000010000-0x800008000001ffff]
[    1.074477] pci_bus 0000:01: resource 1 [mem 0xc20000000-0xc2fffffff]
[    1.080909] pci 0001:00:00.0: BAR 6: no space for [mem size 0x01000000 pref]
[    1.087950] pci 0001:00:00.0: BAR 6: failed to assign [mem size 0x01000000 pref]
[    1.095338] pci 0001:00:00.0: BAR 0: no space for [io  size 0x0004]
[    1.101597] pci 0001:00:00.0: BAR 0: failed to assign [io  size 0x0004]
[    1.108206] pci 0001:00:00.0: PCI bridge to [bus 01]
[    1.113161] pci 0001:00:00.0:   bridge window [io  0x8000080000021000-0x8000080000030fff]
[    1.121334] pci 0001:00:00.0:   bridge window [mem 0xc40000000-0xc5fffffff]
[    1.128291] pci_bus 0001:00: Some PCI device resources are unassigned, try booting with pci=realloc
[    1.137331] pci_bus 0001:00: resource 4 [io  0x8000080000021000-0x8000080000030fff]
[    1.144981] pci_bus 0001:00: resource 5 [mem 0xc40000000-0xc5fffffff]
[    1.151415] pci_bus 0001:01: resource 0 [io  0x8000080000021000-0x8000080000030fff]
[    1.159066] pci_bus 0001:01: resource 1 [mem 0xc40000000-0xc5fffffff]
[    1.168569] Setting up RapidIO peer-to-peer network /rapidio@ffe0c0000
[    1.175024] fsl-of-rio ffe0c0000.rapidio: Of-device full name /rapidio@ffe0c0000
[    1.182406] fsl-of-rio ffe0c0000.rapidio: Regs: [mem 0xffe0c0000-0xffe0d0fff]
[    1.189540] fsl-of-rio ffe0c0000.rapidio: No valid fsl,srio-rmu-handle property
[    1.196845] fsl-of-rio: probe of ffe0c0000.rapidio failed with error -2
[    1.227026] HugeTLB registered 4.00 MiB page size, pre-allocated 0 pages
[    1.233675] HugeTLB registered 16.0 MiB page size, pre-allocated 0 pages
[    1.240384] HugeTLB registered 64.0 MiB page size, pre-allocated 0 pages
[    1.247038] HugeTLB registered 256 MiB page size, pre-allocated 0 pages
[    1.253645] HugeTLB registered 1.00 GiB page size, pre-allocated 0 pages
[    1.287677] raid6: altivecx8 gen()  3152 MB/s
[    1.308762] raid6: altivecx4 gen()  2835 MB/s
[    1.329819] raid6: altivecx2 gen()  1972 MB/s
[    1.350903] raid6: altivecx1 gen()  1164 MB/s
[    1.371987] raid6: int64x8  gen()  1597 MB/s
[    1.393076] raid6: int64x8  xor()   992 MB/s
[    1.414136] raid6: int64x4  gen()  1328 MB/s
[    1.435228] raid6: int64x4  xor()  1007 MB/s
[    1.456344] raid6: int64x2  gen()   933 MB/s
[    1.477369] raid6: int64x2  xor()   927 MB/s
[    1.498489] raid6: int64x1  gen()   585 MB/s
[    1.519541] raid6: int64x1  xor()   728 MB/s
[    1.523724] raid6: using algorithm altivecx8 gen() 3152 MB/s
[    1.529377] raid6: using intx1 recovery algorithm
[    1.534156] Freescale Elo series DMA driver
[    1.538680] fsl-elo-dma ffe100300.dma: #0 (fsl,eloplus-dma-channel), irq 28
[    1.545615] fsl-elo-dma ffe100300.dma: #1 (fsl,eloplus-dma-channel), irq 29
[    1.552566] fsl-elo-dma ffe100300.dma: #2 (fsl,eloplus-dma-channel), irq 30
[    1.559521] fsl-elo-dma ffe100300.dma: #3 (fsl,eloplus-dma-channel), irq 31
[    1.566480] fsl-elo-dma ffe100300.dma: #4 (fsl,eloplus-dma-channel), irq 76
[    1.573440] fsl-elo-dma ffe100300.dma: #5 (fsl,eloplus-dma-channel), irq 77
[    1.580388] fsl-elo-dma ffe100300.dma: #6 (fsl,eloplus-dma-channel), irq 78
[    1.587342] fsl-elo-dma ffe100300.dma: #7 (fsl,eloplus-dma-channel), irq 79
[    1.594767] fsl-elo-dma ffe101300.dma: #0 (fsl,eloplus-dma-channel), irq 32
[    1.601698] fsl-elo-dma ffe101300.dma: #1 (fsl,eloplus-dma-channel), irq 33
[    1.608652] fsl-elo-dma ffe101300.dma: #2 (fsl,eloplus-dma-channel), irq 34
[    1.615612] fsl-elo-dma ffe101300.dma: #3 (fsl,eloplus-dma-channel), irq 35
[    1.622566] fsl-elo-dma ffe101300.dma: #4 (fsl,eloplus-dma-channel), irq 80
[    1.629519] fsl-elo-dma ffe101300.dma: #5 (fsl,eloplus-dma-channel), irq 81
[    1.636474] fsl-elo-dma ffe101300.dma: #6 (fsl,eloplus-dma-channel), irq 82
[    1.643429] fsl-elo-dma ffe101300.dma: #7 (fsl,eloplus-dma-channel), irq 83
[    1.650837] fsl-elo-dma ffe102300.dma: #0 (fsl,eloplus-dma-channel), irq 464
[    1.657856] fsl-elo-dma ffe102300.dma: #1 (fsl,eloplus-dma-channel), irq 465
[    1.664899] fsl-elo-dma ffe102300.dma: #2 (fsl,eloplus-dma-channel), irq 466
[    1.671939] fsl-elo-dma ffe102300.dma: #3 (fsl,eloplus-dma-channel), irq 467
[    1.678982] fsl-elo-dma ffe102300.dma: #4 (fsl,eloplus-dma-channel), irq 473
[    1.686028] fsl-elo-dma ffe102300.dma: #5 (fsl,eloplus-dma-channel), irq 474
[    1.693069] fsl-elo-dma ffe102300.dma: #6 (fsl,eloplus-dma-channel), irq 475
[    1.700108] fsl-elo-dma ffe102300.dma: #7 (fsl,eloplus-dma-channel), irq 476
[    1.707947] iommu: Default domain type: Translated
[    1.712831] vgaarb: loaded
[    1.715748] SCSI subsystem initialized
[    1.719712] usbcore: registered new interface driver usbfs
[    1.725150] usbcore: registered new interface driver hub
[    1.730478] usbcore: registered new device driver usb
[    1.735757] pps_core: LinuxPPS API ver. 1 registered
[    1.740639] pps_core: Software ver. 5.3.6 - Copyright 2005-2007 Rodolfo Giometti <giometti@linux.it>
[    1.749778] PTP clock support registered
[    1.753815] EDAC MC: Ver: 3.0.0
[    1.757192] fsl-ifc ffe124000.localbus: Freescale Integrated Flash Controller
[    1.764269] fsl-ifc ffe124000.localbus: IFC version 1.3, 8 banks
[    1.770767] NET: Registered protocol family 8
[    1.775041] NET: Registered protocol family 20
[    1.780085] clocksource: Switched to clocksource timebase
[    2.173314] VFS: Disk quotas dquot_6.6.0
[    2.177188] VFS: Dquot-cache hash table entries: 512 (order 0, 4096 bytes)
[    2.184112] FS-Cache: Loaded
[    2.187107] CacheFiles: Loaded
[    2.195253] NET: Registered protocol family 2
[    2.199829] tcp_listen_portaddr_hash hash table entries: 2048 (order: 3, 32768 bytes, linear)
[    2.208315] TCP established hash table entries: 32768 (order: 6, 262144 bytes, linear)
[    2.216311] TCP bind hash table entries: 32768 (order: 7, 524288 bytes, linear)
[    2.223742] TCP: Hash tables configured (established 32768 bind 32768)
[    2.230257] UDP hash table entries: 2048 (order: 4, 65536 bytes, linear)
[    2.236923] UDP-Lite hash table entries: 2048 (order: 4, 65536 bytes, linear)
[    2.244172] NET: Registered protocol family 1
[    2.248755] RPC: Registered named UNIX socket transport module.
[    2.254606] RPC: Registered udp transport module.
[    2.259291] RPC: Registered tcp transport module.
[    2.263983] RPC: Registered tcp NFSv4.1 backchannel transport module.
[    2.270647] NET: Registered protocol family 44
[    2.275038] PCI: CLS 32 bytes, default 64
[    2.280845] Initialise system trusted keyrings
[    2.285277] workingset: timestamp_bits=38 max_order=20 bucket_order=0
[    2.296471] zbud: loaded
[    2.299923] squashfs: version 4.0 (2009/01/31) Phillip Lougher
[    2.306406] FS-Cache: Netfs 'nfs' registered for caching
[    2.311934] NFS: Registering the id_resolver key type
[    2.316919] Key type id_resolver registered
[    2.321082] Key type id_legacy registered
[    2.325089] nfs4filelayout_init: NFSv4 File Layout Driver Registering...
[    2.332104] FS-Cache: Netfs 'cifs' registered for caching
[    2.337599] Key type cifs.spnego registered
[    2.341706] Key type cifs.idmap registered
[    2.345787] ntfs: driver 2.1.32 [Flags: R/W].
[    2.350296] romfs: ROMFS MTD (C) 2007 Red Hat, Inc.
[    2.355342] JFS: nTxBlock = 8192, nTxLock = 65536
[    2.362846] SGI XFS with ACLs, security attributes, realtime, quota, no debug enabled
[    2.371858] NILFS version 2 loaded
[    2.376090] gfs2: GFS2 installed
[    2.393885] NET: Registered protocol family 38
[    2.398283] async_tx: api initialized (async)
[    2.402595] Key type asymmetric registered
[    2.406679] Asymmetric key parser 'x509' registered
[    2.411568] Block layer SCSI generic (bsg) driver version 0.4 loaded (major 246)
[    2.419022] io scheduler mq-deadline registered
[    2.423472] io scheduler kyber registered
[    2.427540] io scheduler bfq registered
[    2.431962] crc32: CRC_LE_BITS = 64, CRC_BE BITS = 64
[    2.436930] crc32: self tests passed, processed 225944 bytes in 314752 nsec
[    2.444194] crc32c: CRC_LE_BITS = 64
[    2.447683] crc32c: self tests passed, processed 225944 bytes in 145721 nsec
[    2.486317] crc32_combine: 8373 self tests passed
[    2.521652] crc32c_combine: 8373 self tests passed
[    2.527764] pcieport 0000:00:00.0: Invalid size 0xfffff9 for dma-range
[    2.534319] pcieport 0000:00:00.0: PME: Signaling with IRQ 21
[    2.540128] pcieport 0000:00:00.0: AER: enabled with IRQ 21
[    2.545839] pcieport 0001:00:00.0: Invalid size 0xfffff9 for dma-range
[    2.552366] pcieport 0001:00:00.0: PME: Signaling with IRQ 23
[    2.558167] pcieport 0001:00:00.0: AER: enabled with IRQ 23
[    2.564470] switchtec: loaded.
[    2.582017] bman_portal ff4000000.bman-portal: Portal initialised, cpu 0
[    2.588710] bman_portal ff4004000.bman-portal: Portal initialised, cpu 1
[    2.595401] bman_portal ff4008000.bman-portal: Portal initialised, cpu 2
[    2.602106] bman_portal ff400c000.bman-portal: Portal initialised, cpu 3
[    2.608791] bman_portal ff4010000.bman-portal: Portal initialised, cpu 4
[    2.615484] bman_portal ff4014000.bman-portal: Portal initialised, cpu 5
[    2.622176] bman_portal ff4018000.bman-portal: Portal initialised, cpu 6
[    2.628870] bman_portal ff401c000.bman-portal: Portal initialised, cpu 7
[    2.636322] qman_portal ff6000000.qman-portal: Portal initialised, cpu 0
[    2.643022] qman_portal ff6004000.qman-portal: Portal initialised, cpu 1
[    2.649729] qman_portal ff6008000.qman-portal: Portal initialised, cpu 2
[    2.656432] qman_portal ff600c000.qman-portal: Portal initialised, cpu 3
[    2.663159] qman_portal ff6010000.qman-portal: Portal initialised, cpu 4
[    2.669863] qman_portal ff6014000.qman-portal: Portal initialised, cpu 5
[    2.676572] qman_portal ff6018000.qman-portal: Portal initialised, cpu 6
[    2.683409] qman_portal ff601c000.qman-portal: Portal initialised, cpu 7
[    2.722668] Serial: 8250/16550 driver, 4 ports, IRQ sharing enabled
serial8250.0: ttyS0 at MMIO 0xffe11c500 (irq = 36, base_baud = 18748125) is a 16550A
[    2.743018] printk: console [ttyS0] enabled
[    2.743018] printk: console [ttyS0] enabled
[    2.751342] printk: bootconsole [udbg0] disabled
[    2.751342] printk: bootconsole [udbg0] disabled
[    2.760975] serial8250.0: ttyS1 at MMIO 0xffe11c600 (irq = 36, base_baud = 18748125) is a 16550A
[    2.770153] serial8250.0: ttyS2 at MMIO 0xffe11d500 (irq = 37, base_baud = 18748125) is a 16550A
[    2.779333] serial8250.0: ttyS3 at MMIO 0xffe11d600 (irq = 37, base_baud = 18748125) is a 16550A
[    2.789325] printk: console [ttyS0] disabled
[    2.793657] printk: console [ttyS0] enabled
[    2.798321] ffe11c600.serial: ttyS1 at MMIO 0xffe11c600 (irq = 36, base_baud = 18748125) is a 16550
[    2.807838] ffe11d500.serial: ttyS2 at MMIO 0xffe11d500 (irq = 37, base_baud = 18748125) is a 16550
[    2.817373] ffe11d600.serial: ttyS3 at MMIO 0xffe11d600 (irq = 37, base_baud = 18748125) is a 16550
[    2.827160] ePAPR hypervisor byte channel driver
[    2.832116] [drm] radeon kernel modesetting enabled.
[    2.837184] [drm] amdgpu kernel modesetting enabled.
[    2.842245] CRAT table error: (null)
[    2.845825] DSDT table not found for OEM information
[    2.850794] IO link not available for non x86 platforms
[    2.856024] Virtual CRAT table created for CPU
[    2.860471] Parsing CRAT table with 1 nodes
[    2.864658] Creating topology SYSFS entries
[    2.868864] Topology: Add CPU node
[    2.872267] Finished initializing topology
[    2.881924] brd: module loaded
[    2.890308] loop: module loaded
[    2.923987] zram: Added device: zram0
[    2.927823] st: Version 20160209, fixed bufsize 32768, s/g segs 256
[    2.935271] fsl-sata ffe220000.sata: Sata FSL Platform/CSB Driver init
[    2.942183] scsi host0: sata_fsl
[    2.945631] ata1: SATA max UDMA/133 irq 68
[    2.949789] fsl-sata ffe221000.sata: Sata FSL Platform/CSB Driver init
[    2.956653] scsi host1: sata_fsl
[    2.959979] ata2: SATA max UDMA/133 irq 69
[    2.965235] fsl_espi ffe110000.spi: cs=0, init_csmode=0x100008
[    2.971400] spi-nor spi0.0: found n25q512ax3, expected n25q512a
[    2.977513] spi-nor spi0.0: n25q512ax3 (65536 Kbytes)
[    2.986606] random: fast init done
[    3.005872] ftl_cs: FTL header not found.
[    3.011307] fsl_espi ffe110000.spi: at 0x(____ptrval____) (irq = 53)
[    3.018282] Ethernet Channel Bonding Driver: v3.7.1 (April 27, 2011)
[    3.025955] MACsec IEEE 802.1AE
[    3.030728] libphy: Fixed MDIO Bus: probed
[    3.035287] tun: Universal TUN/TAP device driver, 1.6
[    3.040567] Atheros(R) L2 Ethernet Driver - version 2.2.3
[    3.045973] Copyright (c) 2007 Atheros Corporation.
[    3.051387] cnic: QLogic cnicDriver v2.5.22 (July 20, 2015)
[    3.057038] bnx2x: QLogic 5771x/578xx 10/20-Gigabit Ethernet Driver bnx2x 1.713.36-0 (2014/02/10)
[    3.066285] bna: QLogic BR-series 10G Ethernet driver - version: 3.2.25.1
[    3.073143] enic: Cisco VIC Ethernet NIC Driver, ver 2.3.0.53
[    3.079520] libphy: Freescale XGMAC MDIO Bus: probed
[    3.085405] libphy: Freescale XGMAC MDIO Bus: probed
[    3.097336] libphy: Freescale XGMAC MDIO Bus: probed
[    3.102412] libphy: Freescale XGMAC MDIO Bus: probed
[    3.107491] libphy: Freescale XGMAC MDIO Bus: probed
[    3.112565] libphy: Freescale XGMAC MDIO Bus: probed
[    3.117643] libphy: Freescale XGMAC MDIO Bus: probed
[    3.122718] libphy: Freescale XGMAC MDIO Bus: probed
[    3.127796] libphy: Freescale XGMAC MDIO Bus: probed
[    3.132880] libphy: Freescale XGMAC MDIO Bus: probed
[    3.146243] fsl_dpaa_mac ffe4e0000.ethernet: of_get_mac_address(/soc@ffe000000/fman@400000/ethernet@e0000) failed
[    3.156529] fsl_dpaa_mac: probe of ffe4e0000.ethernet failed with error -22
[    3.163568] fsl_dpaa_mac ffe4e2000.ethernet: of_get_mac_address(/soc@ffe000000/fman@400000/ethernet@e2000) failed
[    3.173849] fsl_dpaa_mac: probe of ffe4e2000.ethernet failed with error -22
[    3.180873] fsl_dpaa_mac ffe4e4000.ethernet: of_count_phandle_with_args(/soc@ffe000000/fman@400000/ethernet@e4000, fsl,fman-ports) failed
[    3.193242] fsl_dpaa_mac: probe of ffe4e4000.ethernet failed with error -2
[    3.200178] fsl_dpaa_mac ffe4e6000.ethernet: of_count_phandle_with_args(/soc@ffe000000/fman@400000/ethernet@e6000, fsl,fman-ports) failed
[    3.212550] fsl_dpaa_mac: probe of ffe4e6000.ethernet failed with error -2
[    3.219503] fsl_dpaa_mac ffe4f0000.ethernet: of_get_mac_address(/soc@ffe000000/fman@400000/ethernet@f0000) failed
[    3.229784] fsl_dpaa_mac: probe of ffe4f0000.ethernet failed with error -22
[    3.236824] fsl_dpaa_mac ffe4f2000.ethernet: of_get_mac_address(/soc@ffe000000/fman@400000/ethernet@f2000) failed
[    3.247107] fsl_dpaa_mac: probe of ffe4f2000.ethernet failed with error -22
[    3.254269] e100: Intel(R) PRO/100 Network Driver, 3.5.24-k2-NAPI
[    3.260371] e100: Copyright(c) 1999-2006 Intel Corporation
[    3.265907] e1000: Intel(R) PRO/1000 Network Driver - version 7.3.21-k8-NAPI
[    3.272965] e1000: Copyright (c) 1999-2006 Intel Corporation.
[    3.278746] e1000e: Intel(R) PRO/1000 Network Driver - 3.2.6-k
[    3.284586] e1000e: Copyright(c) 1999 - 2015 Intel Corporation.
[    3.290545] igb: Intel(R) Gigabit Ethernet Network Driver - version 5.6.0-k
[    3.297514] igb: Copyright (c) 2007-2014 Intel Corporation.
[    3.303122] Intel(R) 2.5G Ethernet Linux Driver - version 0.0.1-k
[    3.309222] Copyright(c) 2018 Intel Corporation.
[    3.313874] igbvf: Intel(R) Gigabit Virtual Function Network Driver - version 2.4.0-k
[    3.321712] igbvf: Copyright (c) 2009 - 2012 Intel Corporation.
[    3.327665] ixgbe: Intel(R) 10 Gigabit PCI Express Network Driver - version 5.1.0-k
[    3.335330] ixgbe: Copyright (c) 1999-2016 Intel Corporation.
[    3.341196] ixgbevf: Intel(R) 10 Gigabit PCI Express Virtual Function Network Driver - version 4.1.0-k
[    3.350515] ixgbevf: Copyright (c) 2009 - 2018 Intel Corporation.
[    3.356701] i40e: Intel(R) Ethernet Connection XL710 Network Driver - version 2.8.20-k
[    3.364628] i40e: Copyright (c) 2013 - 2019 Intel Corporation.
[    3.370590] ixgb: Intel(R) PRO/10GbE Network Driver - version 1.0.135-k2-NAPI
[    3.377735] ixgb: Copyright (c) 1999-2008 Intel Corporation.
[    3.383428] iavf: Intel(R) Ethernet Adaptive Virtual Function Network Driver - version 3.2.3-k
[    3.392049] Copyright (c) 2013 - 2018 Intel Corporation.
[    3.397449] Intel(R) Ethernet Switch Host Interface Driver - version 0.27.1-k
[    3.404594] Copyright(c) 2013 - 2019 Intel Corporation.
[    3.409934] ice: Intel(R) Ethernet Connection E800 Series Linux Driver - version 0.8.1-k
[    3.418035] ice: Copyright (c) 2018, Intel Corporation.
[    3.423362] jme: JMicron JMC2XX ethernet driver version 1.0.8
[    3.429433] r8169 0001:01:00.0: Invalid size 0xfffff9 for dma-range
[    3.436582] libphy: r8169: probed
[    3.440378] r8169 0001:01:00.0 eth0: RTL8168e/8111e, 50:3e:aa:0f:e0:f9, XID 2c2, IRQ 19
[    3.448394] r8169 0001:01:00.0 eth0: jumbo features [frames: 9200 bytes, tx checksumming: ko]
[    3.456092] ata1: Signature Update detected @ 505 msecs
[    3.456986] PPP generic driver version 2.4.2
[    3.465870] ata2: No Device OR PHYRDY change,Hstatus = 0xa0000000
[    3.466529] PPP BSD Compression module registered
[    3.472527] ata2: SATA link down (SStatus 10 SControl 300)
[    3.477230] PPP Deflate Compression module registered
[    3.487789] PPP MPPE Compression module registered
[    3.492585] NET: Registered protocol family 24
[    3.497122] usbcore: registered new interface driver ath9k_htc
[    3.503031] Loaded prism54 driver, version 1.2
[    3.507560] usbcore: registered new interface driver rtl8187
[    3.513286] usbcore: registered new interface driver rtl8192cu
[    3.519375] usbcore: registered new interface driver rtl8xxxu
[    3.525216] usbcore: registered new interface driver zd1211rw
[    3.530996] usbcore: registered new interface driver zd1201
[    3.536574] VMware vmxnet3 virtual NIC driver - version 1.4.17.0-k-NAPI
[    3.543249] usbcore: registered new interface driver catc
[    3.548678] usbcore: registered new interface driver kaweth
[    3.554257] pegasus: v0.9.3 (2013/04/25), Pegasus/Pegasus II USB Ethernet driver
[    3.561685] usbcore: registered new interface driver pegasus
[    3.567377] usbcore: registered new interface driver rtl8150
[    3.573069] usbcore: registered new interface driver r8152
[    3.578586] usbcore: registered new interface driver lan78xx
[    3.584276] usbcore: registered new interface driver cdc_subset
[    3.590528] VFIO - User Level meta-driver version: 0.3
[    3.596022] ehci_hcd: USB 2.0 'Enhanced' Host Controller (EHCI) Driver
[    3.602698] ehci-pci: EHCI PCI platform driver
[    3.607179] ehci-platform: EHCI generic platform driver
[    3.613478] ehci-fsl: Freescale EHCI Host controller driver
[    3.617096] ata1: SATA link up 3.0 Gbps (SStatus 123 SControl 300)
[    3.619140] fsl-ehci fsl-ehci.0: Freescale On-Chip EHCI Host Controller
[    3.627069] ata1.00: supports DRM functions and may not be fully accessible
[    3.631868] fsl-ehci fsl-ehci.0: new USB bus registered, assigned bus number 1
[    3.638830] ata1.00: ATA-9: Samsung SSD 850 PRO 512GB, EXM02B6Q, max UDMA/133
[    3.653248] ata1.00: 1000215216 sectors, multi 1: LBA48 NCQ (depth 16/32)
[    3.655981] fsl-ehci fsl-ehci.0: irq 44, io mem 0xffe210000
[    3.665620] ata1.00: ATA Identify Device Log not supported
[    3.671111] ata1.00: Security Log not supported
[    3.672093] fsl-ehci fsl-ehci.0: USB 2.0 started, EHCI 1.00
[    3.677551] ata1.00: supports DRM functions and may not be fully accessible
[    3.681350] usb usb1: New USB device found, idVendor=1d6b, idProduct=0002, bcdDevice= 5.05
[    3.696472] ata1.00: ATA Identify Device Log not supported
[    3.696474] usb usb1: New USB device strings: Mfr=3, Product=2, SerialNumber=1
[    3.696477] usb usb1: Product: Freescale On-Chip EHCI Host Controller
[    3.701965] ata1.00: Security Log not supported
[    3.709191] usb usb1: Manufacturer: Linux 5.5.3_T2080RDB ehci_hcd
[    3.715637] ata1.00: configured for UDMA/133
[    3.720166] usb usb1: SerialNumber: fsl-ehci.0
[    3.726489] scsi 0:0:0:0: Direct-Access     ATA      Samsung SSD 850  2B6Q PQ: 0 ANSI: 5
[    3.730780] hub 1-0:1.0: USB hub found
[    3.735600] sd 0:0:0:0: [sda] 1000215216 512-byte logical blocks: (512 GB/477 GiB)
[    3.743108] hub 1-0:1.0: 1 port detected
[    3.746870] sd 0:0:0:0: [sda] Write Protect is off
[    3.754647] fsl-ehci fsl-ehci.1: Freescale On-Chip EHCI Host Controller
[    3.763148] fsl-ehci fsl-ehci.1: new USB bus registered, assigned bus number 2
[    3.769805] sd 0:0:0:0: [sda] Write cache: enabled, read cache: enabled, doesn't support DPO or FUA
[    3.786898] fsl-ehci fsl-ehci.1: irq 45, io mem 0xffe211000
[    3.788293]  sda: sda1 sda2
[    3.796202] sd 0:0:0:0: [sda] Attached SCSI disk
[    3.799097] fsl-ehci fsl-ehci.1: USB 2.0 started, EHCI 1.00
[    3.806515] usb usb2: New USB device found, idVendor=1d6b, idProduct=0002, bcdDevice= 5.05
[    3.814807] usb usb2: New USB device strings: Mfr=3, Product=2, SerialNumber=1
[    3.822038] usb usb2: Product: Freescale On-Chip EHCI Host Controller
[    3.828486] usb usb2: Manufacturer: Linux 5.5.3_T2080RDB ehci_hcd
[    3.834585] usb usb2: SerialNumber: fsl-ehci.1
[    3.839269] hub 2-0:1.0: USB hub found
[    3.843040] hub 2-0:1.0: 1 port detected
[    3.847277] usbcore: registered new interface driver usb-storage
[    3.854035] mousedev: PS/2 mouse device common for all mice
[    3.860469] i2c /dev entries driver
[    3.864222] mpc-i2c ffe118000.i2c: timeout 1000000 us
[    3.876844] rtc-ds1307 0-0068: registered as rtc0
[    3.882330] at24 0-0050: 32768 byte 24c256 EEPROM, writable, 1 bytes/write
[    3.889319] mpc-i2c ffe118100.i2c: timeout 1000000 us
[    3.894801] mpc-i2c ffe119000.i2c: timeout 1000000 us
[    3.900048] mpc-i2c ffe119100.i2c: timeout 1000000 us
[    3.906102] i2c i2c-1: Added multiplexed i2c bus 4
[    3.911019] i2c i2c-1: Added multiplexed i2c bus 5
[    3.915940] i2c i2c-1: Added multiplexed i2c bus 6
[    3.920861] i2c i2c-1: Added multiplexed i2c bus 7
[    3.925663] pca954x 1-0077: registered 4 multiplexed busses for I2C switch pca9546
[    3.934531] booke_wdt: powerpc book-e watchdog driver loaded
[    3.940771] device-mapper: uevent: version 1.0.3
[    3.945544] device-mapper: ioctl: 4.41.0-ioctl (2019-09-16) initialised: dm-devel@redhat.com
[    3.954916] Freescale(R) MPC85xx EDAC driver, (C) 2006 Montavista Software
[    3.962601] EDAC MC0: Giving out device to module fsl_ddr_edac controller fsl_mc_err: DEV fsl_mc_err (INTERRUPT)
[    3.972814] fsl_ddr_edac acquired irq 490 for MC
[    3.977435] fsl_ddr_edac MC err registered
[    3.982713] EDAC PCI0: Giving out device to module MPC85xx_edac controller mpc85xx_pci_err: DEV mpc85xx-pci-edac.0.auto (INTERRUPT)
[    3.994564] MPC85xx_edac acquired irq 21 for PCI Err
[    3.999533] MPC85xx_edac PCI err registered
[    4.003767] EDAC PCI1: Giving out device to module MPC85xx_edac controller mpc85xx_pci_err: DEV mpc85xx-pci-edac.1.auto (INTERRUPT)
[    4.015617] MPC85xx_edac acquired irq 23 for PCI Err
[    4.020586] MPC85xx_edac PCI err registered
[    4.025741] sdhci: Secure Digital Host Controller Interface driver
[    4.031928] sdhci: Copyright(c) Pierre Ossman
[    4.036355] sdhci-pltfm: SDHCI platform and OF driver helper
[    4.068550] mmc0: SDHCI controller on ffe114000.sdhc [ffe114000.sdhc] using ADMA 64-bit
[    4.077092] ledtrig-cpu: registered to indicate activity on CPUs
[    4.083683] caam ffe300000.crypto: Linux CAAM Queue I/F driver initialised
[    4.090613] caam ffe300000.crypto: Instantiated RNG4 SH1
[    4.095946] caam ffe300000.crypto: device ID = 0x0a13020000000000 (Era 6)
[    4.102764] caam ffe300000.crypto: job rings = 4, qi = 1
[    4.108259] platform ffe301000.jr: Adding to iommu group 39
[    4.114176] platform ffe302000.jr: Adding to iommu group 41
[    4.120015] platform ffe303000.jr: Adding to iommu group 42
[    4.125853] platform ffe304000.jr: Adding to iommu group 43
[    4.142702] caam algorithms registered in /proc/crypto
[    4.149685] mmc0: new high speed SDHC card at address e624
[    4.150333] caam ffe300000.crypto: caam pkc algorithms registered in /proc/crypto
[    4.155522] mmcblk0: mmc0:e624 SU16G 14.8 GiB
[    4.163300] caam_jr ffe301000.jr: registering rng-caam
[    4.172699]  mmcblk0: p1
[    4.179649] caam ffe300000.crypto: algorithms registered in /proc/crypto
[    4.186752] hid: raw HID events driver (C) Jiri Kosina
[    4.192101] usbcore: registered new interface driver usbhid
[    4.197704] usbhid: USB HID core driver
[    4.201669] exFAT: Version 1.3.0
[    4.204975] Freescale hypervisor management driver
[    4.209780] fsl-hv: no hypervisor found
[    4.214122] drop_monitor: Initializing network drop monitor service
[    4.220494] ipip: IPv4 and MPLS over IPv4 tunneling driver
[    4.226252] gre: GRE over IPv4 demultiplexor driver
[    4.231135] ip_gre: GRE over IPv4 tunneling driver
[    4.236555] Initializing XFRM netlink socket
[    4.241201] NET: Registered protocol family 10
[    4.247273] Segment Routing with IPv6
[    4.250984] mip6: Mobile IPv6
[    4.254252] sit: IPv6, IPv4 and MPLS over IPv4 tunneling driver
[    4.260673] NET: Registered protocol family 17
[    4.265130] NET: Registered protocol family 15
[    4.269666] lec:lane_module_init: lec.c: initialized
[    4.274642] mpoa:atm_mpoa_init: mpc.c: initialized
[    4.279447] l2tp_core: L2TP core driver, V2.0
[    4.283808] l2tp_netlink: L2TP netlink interface
[    4.288460] sctp: Hash tables configured (bind 256/256)
[    4.293951] NET: Registered protocol family 21
[    4.298505] Registered RDS/tcp transport
[    4.302431] lib80211: common routines for IEEE802.11 drivers
[    4.308105] tipc: Activated (version 2.0.0)
[    4.312326] NET: Registered protocol family 30
[    4.316819] tipc: Started in single node mode
[    4.321193] Key type dns_resolver registered
[    4.325696] batman_adv: B.A.T.M.A.N. advanced 2019.5 (compatibility version 15) loaded
[    4.333713] NET: Registered protocol family 40
[    4.338165] mpls_gso: MPLS GSO support
[    4.342140] drmem: No dynamic reconfiguration memory found
[    4.347777] registered taskstats version 1
[    4.351882] Loading compiled-in X.509 certificates
[    4.356752] zswap: loaded using pool lzo/zbud
[    4.361170] Key type ._fscrypt registered
[    4.365184] Key type .fscrypt registered
[    4.369800] Btrfs loaded, crc32c=crc32c-generic
[    4.374805] Key type encrypted registered
[    4.380668] gtp: GTP module loaded (pdp ctx size 104 bytes)
[    4.387416] rtc-ds1307 0-0068: setting system clock to 2000-01-01T00:24:39 UTC (946686279)
[    4.395951] cfg80211: Loading compiled-in X.509 certificates for regulatory database
[    4.404438] cfg80211: Loaded X.509 cert 'sforshee: 00b28ddf47aef9cea7'
[    4.411054] platform regulatory.0: Direct firmware load for regulatory.db failed with error -2
[    4.419686] platform regulatory.0: Falling back to sysfs fallback for: regulatory.db
[    4.427821] Waiting 5 sec before mounting root device...
[    4.618095] usb 2-1: new high-speed USB device number 2 using fsl-ehci
[    4.639028] usb 2-1: New USB device found, idVendor=0586, idProduct=3401, bcdDevice=48.10
[    4.647219] usb 2-1: New USB device strings: Mfr=16, Product=32, SerialNumber=0
[    4.654546] usb 2-1: Product: ZyAIR G-220
[    4.658560] usb 2-1: Manufacturer: ZyXEL
[    4.778105] usb 2-1: reset high-speed USB device number 2 using fsl-ehci
[    4.799323] zd1211rw 2-1:1.0: phy0
[    9.760120] md: Waiting for all devices to be available before autodetect
[    9.766923] md: If you don't use raid, use raid=noautodetect
[    9.772912] md: Autodetecting RAID arrays.
[    9.777018] md: autorun ...
[    9.779815] md: ... autorun DONE.
[    9.812281] EXT4-fs (sda1): mounted filesystem with ordered data mode. Opts: (null)
[    9.819976] VFS: Mounted root (ext4 filesystem) on device 8:1.
[    9.827129] devtmpfs: mounted
[    9.833056] Freeing unused kernel memory: 10832K
[    9.837714] This architecture does not have kernel memory protection.
[    9.844165] Run /sbin/init as init process
[    9.990383] systemd[1]: System time before build time, advancing clock.
[   10.049725] systemd[1]: systemd 244.2-1 running in system mode. (+PAM +AUDIT +SELINUX +IMA +APPARMOR +SMACK +SYSVINIT +UTMP +LIBCRYPTSETUP +GCRYPT +GNUTLS +ACL +XZ +LZ4 +SECCOMP +BLKID +ELFUTILS +KMOD +IDN2 -IDN +PCRE2 default-hierarchy=hybrid)
[   10.071773] systemd[1]: Detected architecture ppc64.

Welcome to Debian GNU/Linux bullseye/sid!

[   10.103368] systemd[1]: Set hostname to <t2080rdb>.
[   10.113068] systemd[1]: Couldn't move remaining userspace processes, ignoring: Input/output error
[   10.334672] systemd[1]: /lib/systemd/system/dbus.socket:5: ListenStream= references a path below legacy directory /var/run/, updating /var/run/dbus/system_bus_socket → /run/dbus/system_bus_socket; please update the unit file accordingly.
[   10.470490] random: systemd: uninitialized urandom read (16 bytes read)
[   10.479089] systemd[1]: Created slice system-getty.slice.
[  OK  ] Created slice system-getty.slice.
[   10.493151] random: systemd: uninitialized urandom read (16 bytes read)
[   10.500392] systemd[1]: Created slice system-serial\x2dgetty.slice.
[  OK  ] Created slice system-serial\x2dgetty.slice.
[   10.516137] random: systemd: uninitialized urandom read (16 bytes read)
[   10.523318] systemd[1]: Created slice User and Session Slice.
[  OK  ] Created slice User and Session Slice.
[   10.538285] systemd[1]: Started Forward Password Requests to Wall Directory Watch.
[  OK  ] Started Forward Password R…uests to Wall Directory Watch.
[   10.556919] systemd[1]: Set up automount Arbitrary Executable File Formats File System Automount Point.
[  OK  ] Set up automount Arbitrary…s File System Automount Point.
[   10.577251] systemd[1]: Reached target User and Group Name Lookups.
[  OK  ] Reached target User and Group Name Lookups.
[   10.593169] systemd[1]: Reached target Remote File Systems.
[  OK  ] Reached target Remote File Systems.
[   10.607151] systemd[1]: Reached target Slices.
[  OK  ] Reached target Slices.
[   10.621954] systemd[1]: Listening on multipathd control socket.
[  OK  ] Listening on multipathd control socket.
[   10.638615] systemd[1]: Listening on Syslog Socket.
[  OK  ] Listening on Syslog Socket.
[   10.651322] systemd[1]: Listening on fsck to fsckd communication Socket.
[  OK  ] Listening on fsck to fsckd communication Socket.
[   10.668251] systemd[1]: Listening on initctl Compatibility Named Pipe.
[  OK  ] Listening on initctl Compatibility Named Pipe.
[   10.684486] systemd[1]: Listening on Journal Audit Socket.
[  OK  ] Listening on Journal Audit Socket.
[   10.698319] systemd[1]: Listening on Journal Socket (/dev/log).
[  OK  ] Listening on Journal Socket (/dev/log).
[   10.713377] systemd[1]: Listening on Journal Socket.
[  OK  ] Listening on Journal Socket.
[   10.726379] systemd[1]: Listening on udev Control Socket.
[  OK  ] Listening on udev Control Socket.
[   10.740277] systemd[1]: Listening on udev Kernel Socket.
[  OK  ] Listening on udev Kernel Socket.
[   10.756859] systemd[1]: Mounting Huge Pages File System...
         Mounting Huge Pages File System...
[   10.772905] systemd[1]: Mounting POSIX Message Queue File System...
         Mounting POSIX Message Queue File System...
[   10.790876] systemd[1]: Mounting Kernel Debug File System...
         Mounting Kernel Debug File System...
[   10.808166] systemd[1]: Starting Set the console keyboard layout...
         Starting Set the console keyboard layout...
[   10.826210] systemd[1]: Starting Create list of static device nodes for the current kernel...
         Starting Create list of st…odes for the current kernel...
[   10.846158] systemd[1]: Condition check resulted in Set Up Additional Binary Formats being skipped.
[   10.855398] systemd[1]: Condition check resulted in File System Check on Root Device being skipped.
[   10.868127] systemd[1]: Starting Journal Service...
         Starting Journal Service...
[   10.884128] systemd[1]: Starting Load Kernel Modules...
         Starting Load Kernel Modules...
[   10.900186] systemd[1]: Starting Remount Root and Kernel File Systems...
         Starting Remount Root and Kernel File Systems...
[   10.919164] systemd[1]: Starting udev Coldplug all Devices...
         Starting udev Coldplug all Devices...
[   10.938030] systemd[1]: Mounted Huge Pages File System.
[  OK  ] Mounted Huge Pages File System.
[   10.952898] systemd[1]: Mounted POSIX Message Queue File System.
[  OK  ] Mounted POSIX Message Queue File System.
[   10.968834] systemd[1]: Mounted Kernel Debug File System.
[  OK  ] Mounted Kernel Debug File System.
[   10.985548] systemd[1]: Started Create list of static device nodes for the current kernel.
[  OK  ] Started Create list of sta… nodes for the current kernel.
[   11.007560] systemd[1]: Started Load Kernel Modules.
[  OK  ] Started Load Kernel Modules.
[   11.023595] systemd[1]: Started Set the console keyboard layout.
[  OK  ] Started Set the console keyboard layout.
[   11.040214] systemd[1]: Condition check resulted in FUSE Control File System being skipped.
[   11.051836] systemd[1]: Mounting Kernel Configuration File System...
         Mounting Kernel Configuration File System...
[   11.069997] systemd[1]: Starting Apply Kernel Variables...
         Starting Apply Kernel Variables...
[   11.087793] systemd[1]: Mounted Kernel Configuration File System.
[  OK  ] Mounted Kernel Configuration File System.
[   11.106503] random: crng init done
[   11.109905] random: 7 urandom warning(s) missed due to ratelimiting
[   11.129093] systemd[1]: Started Apply Kernel Variables.
[  OK  ] Started Apply Kernel Variables.
[   11.457460] systemd[1]: Started udev Coldplug all Devices.
[  OK  ] Started udev Coldplug all Devices.
[   11.477287] systemd[1]: Starting Helper to synchronize boot up for ifupdown...
         Starting Helper to synchronize boot up for ifupdown...
[   11.498389] systemd[1]: Starting udev Wait for Complete Device Initialization...
         Starting udev Wait for Complete Device Initialization...
[   11.518313] systemd[1]: Started Helper to synchronize boot up for ifupdown.
[  OK  ] Started Helper to synchronize boot up for ifupdown.
[   11.886779] systemd[1]: Started Journal Service.
[  OK  ] Started Journal Service.
[   12.027753] EXT4-fs (sda1): re-mounted. Opts: errors=remount-ro
[  OK  ] Started Remount Root and Kernel File Systems.
         Starting Flush Journal to Persistent Storage...
         Starting Load/Save Random Seed...
         Starting Create System Users...
[   12.083429] systemd-journald[3188]: Received client request to flush runtime journal.
[   12.099005] systemd-journald[3188]: File /var/log/journal/ae7a26de747946b6aef72b962574d4f2/system.journal corrupted or uncleanly shut down, renaming and replacing.
[  OK  ] Started Load/Save Random Seed.
[  OK  ] Started Create System Users.
         Starting Create Static Device Nodes in /dev...
[  OK  ] Started Create Static Device Nodes in /dev.
         Starting udev Kernel Device Manager...
[  OK  ] Started Flush Journal to Persistent Storage.
[  OK  ] Started udev Kernel Device Manager.
         Starting Show Plymouth Boot Screen...
[  OK  ] Started Show Plymouth Boot Screen.
[  OK  ] Started Forward Password R…s to Plymouth Directory Watch.
[  OK  ] Reached target Local Encrypted Volumes.
[  OK  ] Found device /dev/ttyS0.
[   12.871748] sd 0:0:0:0: Attached scsi generic sg0 type 0
[   13.020488] zd1211rw 2-1:1.0 wlx00a0c5d7c619: renamed from wlan0
[   13.171352] cfg80211: failed to load regulatory.db
[   13.279914] nand: device found, Manufacturer ID: 0x2c, Chip ID: 0xac
[   13.302508] nand: Micron MT29F4G08ABBDAH4
[   13.326224] nand: 512 MiB, SLC, erase size: 128 KiB, page size: 2048, OOB size: 64
[   13.334361] Bad block table found at page 262080, version 0x01
[   13.341485] Bad block table found at page 262016, version 0x01
[   13.374051] ftl_cs: FTL header not found.
[   13.385446] fsl,ifc-nand fff800000.nand: IFC NAND device at 0xfff800000, bank 1
[  OK  ] Found device Samsung_SSD_850 2.
[  OK  ] Listening on Load/Save RF …itch Status /dev/rfkill Watch.
         Activating swap /dev/disk/…1a9c-410e-9f89-faac9fbb2501...
         Starting Load/Save RF Kill Switch Status...
[   13.484413] Adding 8388604k swap on /dev/sda2.  Priority:-2 extents:1 across:8388604k SSFS
[  OK  ] Activated swap /dev/disk/b…4-1a9c-410e-9f89-faac9fbb2501.
[  OK  ] Started Load/Save RF Kill Switch Status.
[  OK  ] Reached target Swap.
[  OK  ] Started udev Wait for Complete Device Initialization.
         Starting Device-Mapper Multipath Device Controller...
[   14.076134] alua: device handler registered
[   14.086483] emc: device handler registered
[   14.097637] rdac: device handler registered
[  OK  ] Started Device-Mapper Multipath Device Controller.
[  OK  ] Reached target Local File Systems (Pre).
[  OK  ] Reached target Local File Systems.
         Starting Enable support fo…l executable binary formats...
         Starting Set console font and keymap...
         Starting Raise network interfaces...
         Starting Tell Plymouth To Write Out Runtime Data...
         Starting Create Volatile Files and Directories...
         Mounting Arbitrary Executable File Formats File System...
[  OK  ] Started Set console font and keymap.
[  OK  ] Started Tell Plymouth To Write Out Runtime Data.
[  OK  ] Mounted Arbitrary Executable File Formats File System.
[  OK  ] Started Enable support for…nal executable binary formats.
[  OK  ] Started Create Volatile Files and Directories.
[  OK  ] Started Entropy Daemon based on the HAVEGE algorithm.
         Starting Network Time Synchronization...
         Starting Update UTMP about System Boot/Shutdown...
[  OK  ] Started Raise network interfaces.
[  OK  ] Started Update UTMP about System Boot/Shutdown.
[  OK  ] Started Network Time Synchronization.
[  OK  ] Reached target System Initialization.
[  OK  ] Started ACPI Events Check.
[  OK  ] Started CUPS Scheduler.
[  OK  ] Started Daily Cleanup of Temporary Directories.
[  OK  ] Reached target Paths.
[  OK  ] Reached target System Time Set.
[  OK  ] Reached target System Time Synchronized.
[  OK  ] Started Trigger anacron every hour.
[  OK  ] Started Daily apt download activities.
[  OK  ] Started Daily apt upgrade and clean activities.
[  OK  ] Started Periodic ext4 Onli…ata Check for All Filesystems.
[  OK  ] Started Daily exim4-base housekeeping.
[  OK  ] Started Daily rotation of log files.
[  OK  ] Started Daily man-db regeneration.
[  OK  ] Reached target Timers.
[  OK  ] Listening on ACPID Listen Socket.
[  OK  ] Listening on Avahi mDNS/DNS-SD Stack Activation Socket.
[  OK  ] Listening on CUPS Scheduler.
[  OK  ] Listening on D-Bus System Message Bus Socket.
[  OK  ] Listening on Activation so… for spice guest agent daemon.
[  OK  ] Reached target Sockets.
[  OK  ] Reached target Basic System.
         Starting Modem Manager...
         Starting Accounts Service...
[  OK  ] Started ACPI event daemon.
[  OK  ] Started Run anacron jobs.
         Starting Avahi mDNS/DNS-SD Stack...
[  OK  ] Started Regular background program processing daemon.
[  OK  ] Started CUPS Scheduler.
[  OK  ] Started D-Bus System Message Bus.
         Starting Network Manager...
         Starting Remove Stale Onli…t4 Metadata Check Snapshots...
         Starting Initialize hardware monitoring sensors...
         Starting LSB: LVM2 poll daemon...
         Starting LSB: handle speci… hotkeys of Apple computers...
         Starting Restore /etc/reso… the ppp link was shut down...
         Starting LSB: Adaptive readahead daemon...
         Starting System Logging Service...
         Starting Login Service...
         Starting Disk Manager...
         Starting WPA supplicant...
[  OK  ] Started LSB: handle special hotkeys of Apple computers.
[  OK  ] Started Restore /etc/resol…re the ppp link was shut down.
[  OK  ] Started Initialize hardware monitoring sensors.
[  OK  ] Started System Logging Service.
[  OK  ] Started Remove Stale Onlin…ext4 Metadata Check Snapshots.
[  OK  ] Started LSB: LVM2 poll daemon.
[  OK  ] Started LSB: Adaptive readahead daemon.
[  OK  ] Started WPA supplicant.
         Starting Authorization Manager...
[  OK  ] Started Avahi mDNS/DNS-SD Stack.
[  OK  ] Started Make remote CUPS printers available locally.
[  OK  ] Started Network Manager.
[  OK  ] Reached target Network.
         Starting Network Manager Wait Online...
[  OK  ] Started Snapcast client.
         Starting OpenBSD Secure Shell server...
         Starting Permit User Sessions...
         Starting xrdp session manager...
[  OK  ] Started Authorization Manager.
         Starting Hostname Service...
[  OK  ] Started Accounts Service.
[  OK  ] Started Permit User Sessions.
         Starting Light Display Manager...
         Starting Hold until boot process finishes up...
         Starting Manage, Install and Generate Color Profiles...
[   15.693154] tipc: TX() has been purged, node left!
[  OK  ] Started xrdp session manager.
         Starting xrdp daemon...
[  OK  ] Started Modem Manager.
[  OK  ] Started OpenBSD Secure Shell server.
[  OK  ] Started Manage, Install and Generate Color Profiles.
[  OK  ] Started Disk Manager.
[  OK  ] Started Hostname Service.
[  OK  ] Started xrdp daemon.
[  OK  ] Started Login Service.
[  OK  ] Started Unattended Upgrades Shutdown.
         Starting Network Manager Script Dispatcher Service...
[  OK  ] Started Network Manager Script Dispatcher Service.
[   18.350158] RTL8211DN Gigabit Ethernet r8169-100:00: attached PHY driver [RTL8211DN Gigabit Ethernet] (mii_bus:phy_addr=r8169-100:00, irq=IGNORE)
[   18.578764] r8169 0001:01:00.0 eth0: Link is Down
[   18.632135] usb 2-1: firmware version 0x4330 and device bootcode version 0x4810 differ
[   18.724112] zd1211rw 2-1:1.0: firmware version 4605
[   18.769121] zd1211rw 2-1:1.0: zd1211 chip 0586:3401 v4810 high 00-a0-c5 AL2230_RF pa0 -----
[   21.358406] r8169 0001:01:00.0 eth0: Link is Up - 1Gbps/Full - flow control rx/tx
[   21.365952] IPv6: ADDRCONF(NETDEV_CHANGE): eth0: link becomes ready

Debian GNU/Linux bullseye/sid t2080rdb ttyS0

t2080rdb login: ppc64
Password:
Linux t2080rdb 5.5.3_T2080RDB #1 SMP PREEMPT Tue Feb 11 15:58:58 CET 2020 ppc64

11 updates could not be installed automatically. For more details,
see /var/log/unattended-upgrades/unattended-upgrades.log

The programs included with the Debian GNU/Linux system are free software;
the exact distribution terms for each program are described in the
individual files in /usr/share/doc/*/copyright.

Debian GNU/Linux comes with ABSOLUTELY NO WARRANTY, to the extent
permitted by applicable law.
Last login: Fri Feb 14 22:05:50 CET 2020 from 192.168.1.6 on pts/0
You have new mail.
[   34.668686] wlx00a0c5d7c619: authenticate with 90:35:6e:41:19:78
[   34.706464] wlx00a0c5d7c619: send auth to 90:35:6e:41:19:78 (try 1/3)
[   34.714461] wlx00a0c5d7c619: authenticated
[   34.719100] wlx00a0c5d7c619: associate with 90:35:6e:41:19:78 (try 1/3)
[   34.729340] wlx00a0c5d7c619: RX AssocResp from 90:35:6e:41:19:78 (capab=0x411 status=0 aid=1)
[   34.738442] wlx00a0c5d7c619: associated
[   34.839262] IPv6: ADDRCONF(NETDEV_CHANGE): wlx00a0c5d7c619: link becomes ready
[   46.933098] tipc: TX() has been purged, node left!
ppc64@t2080rdb:~$ sudo poweroff
[sudo] password for ppc64:
[   67.047116] tipc: TX() has been purged, node left!
[   67.068925] wlx00a0c5d7c619: deauthenticating from 90:35:6e:41:19:78 by local choice (Reason: 3=DEAUTH_LEAVING)
[  OK  ] Stopped xrdp daemon.
[  OK  ] Stopped Avahi mDNS/DNS-SD Stack.
[  OK  ] Stopped target Network is Online.
[  OK  ] Stopped Network Manager Wait Online.
         Stopping xrdp session manager...
[  OK  ] Stopped Login Service.
[  OK  ] Started Show Plymouth Power Off Screen.
[  OK  ] Stopped User Manager for UID 1000.
         Stopping User Runtime Directory /run/user/1000...
[  OK  ] Stopped xrdp session manager.
[  OK  ] Unmounted /run/user/1000.
[  OK  ] Stopped User Runtime Directory /run/user/1000.
[  OK  ] Removed slice User Slice of UID 1000.
         Stopping Permit User Sessions...
[  OK  ] Stopped Permit User Sessions.
[  OK  ] Stopped target Network.
[  OK  ] Stopped target User and Group Name Lookups.
         Stopping Network Manager...
         Stopping Raise network interfaces...
         Stopping WPA supplicant...
[  OK  ] Stopped Raise network interfaces.
[  OK  ] Stopped WPA supplicant.
[  OK  ] Stopped Network Manager.
         Stopping D-Bus System Message Bus...
[  OK  ] Stopped D-Bus System Message Bus.
[  OK  ] Stopped LSB: Adaptive readahead daemon.
[  OK  ] Stopped target Basic System.
[  OK  ] Stopped Forward Password R…s to Plymouth Directory Watch.
[  OK  ] Stopped target Paths.
[  OK  ] Stopped ACPI Events Check.
[  OK  ] Stopped CUPS Scheduler.
[  OK  ] Stopped target Remote File Systems.
[  OK  ] Stopped target Slices.
[  OK  ] Removed slice User and Session Slice.
[  OK  ] Stopped target Sockets.
[  OK  ] Stopped target System Time Synchronized.
[  OK  ] Stopped target System Time Set.
[  OK  ] Closed ACPID Listen Socket.
[  OK  ] Closed Avahi mDNS/DNS-SD Stack Activation Socket.
[  OK  ] Closed CUPS Scheduler.
[  OK  ] Closed D-Bus System Message Bus Socket.
[  OK  ] Closed Activation socket for spice guest agent daemon.
[  OK  ] Stopped target System Initialization.
[  OK  ] Stopped target Local Encrypted Volumes.
[  OK  ] Stopped Forward Password R…uests to Wall Directory Watch.
[  OK  ] Stopped target Swap.
[  OK  ] Closed Syslog Socket.
         Deactivating swap /dev/dis…512GB_S39FNWAH921721V-part2...
[  OK  ] Stopped Apply Kernel Variables.
[  OK  ] Stopped Load Kernel Modules.
[   68.078113] systemd-shutdown[1]: Syncing filesystems and block devices.
         Stopping Network Time Synchronization...
         Stopping Update UTMP about System Boot/Shutdown...
[  OK  ] Stopped Network Time Synchronization.
[  OK  ] Deactivated swap /dev/disk/by-partuuid/83bd1d8c-02.
[  OK  ] Deactivated swap /dev/disk…SSD_850_S39FNWAH921721V-part2.
[  OK  ] Deactivated swap /dev/disk…/wwn-0x5002538d703965c3-part2.
[   68.125727] systemd-shutdown[1]: Sending SIGTERM to remaining processes...
[  OK  ] Deactivated swap /dev/disk…O_512GB_S39FNWAH921721V-part2.
[   68.146321] systemd-journald[3188]: Received SIGTERM from PID 1 (systemd-shutdow).
[  OK  ] Deactivated swap /dev/disk…rm-ffe220000.sata-ata-1-part2.
[  OK  ] Deactivated swap /dev/disk…O_512GB_S39FNWAH921721V-part2.
[  OK  ] Deactivated swap /dev/disk…/scsi-35002538d703965c3-part2.
[  OK  ] Deactivated swap /dev/disk…SSD_850_S39FNWAH921721V-part2.
[  OK  ] Deactivated swap /dev/sda2.
[   68.190986] systemd-shutdown[1]: Sending SIGKILL to remaining processes...
[  OK  ] Deactivated swap /dev/disk…4-1a9c-410e-9f89-faac9fbb2501.
[   68.202096] tipc: TX() has been purged, node left!
[   68.209365] systemd-shutdown[1]: Unmounting file systems.
[   68.217212] [9162]: Remounting '/' read-only in with options 'errors=remount-ro,stripe=8191'.
[  OK  ] Reached target Unmount All Filesystems.
[  OK  ] Stopped Update UTMP about System Boot/Shutdown.
[  OK  ] Stopped Create Volatile Files and Directories.
[   68.246279] EXT4-fs (sda1): re-mounted. Opts: errors=remount-ro,stripe=8191
[  OK  ] Stopped target Local File Systems.
[  OK  ] Stopped target Local File Systems (Pre).
         Stopping Device-Mapper Multipath Device Controller...
[  OK  ] Stopped Create Static Device Nodes in /dev.
[  OK  ] Stopped Create System Users.
[  OK  ] Stopped Remount Root and Kernel File Systems.
[  OK  ] Reached target Shutdown.
[   68.298529] systemd-shutdown[1]: All filesystems unmounted.
[ systemd-shutdown[1]: Deactivating swaps.
[   68.309508] systemd-shutdown[1]: All swaps deactivated.
[   68.314872] systemd-shutdown[1]: Detaching loop devices.
[  OK  ] Reached target0;1;39mFinal Step.
[   68.322822] systemd-shutdown[1]: All loop devices detached.
[   68.328531] systemd-shutdown[1]: Detaching DM devices.
[   68.334020] systemd-shutdown[1]: All DM devices detached.
[   68.339582] systemd-shutdown[1]: All filesystems, swaps, loop devices and DM devices detached.
[  OK  ] Started Power-Off.
[   68.353593] systemd-shutdown[1]: Syncing filesystems and block devices.
[   68.360460] systemd-shutdown[1]: Powering off.
[  OK  ] Reached target Power-Off.
[   69.351836] kvm: exiting hardware virtualization
[   69.362605] sd 0:0:0:0: [sda] Synchronizing SCSI cache
[   69.369353] sd 0:0:0:0: [sda] Stopping disk
[   69.505932] r8169 0001:01:00.0 eth0: Link is Down
[   69.511825] reboot: System halted
[   69.515157] System Halted, OK to turn off power
