SD boot...
Initializing....using SPD
2 GiB left unmapped


U-Boot 2016.092.0+ga06b209 (Jul 12 2018 - 23:44:34 +0200)

CPU0:  T2080E, Version: 1.1, (0x85380011)
Core:  e6500, Version: 2.0, (0x80400120)
Clock Configuration:
       CPU0:1799.820 MHz, CPU1:1799.820 MHz, CPU2:1799.820 MHz, CPU3:1799.820 MHz,
       CCB:599.940 MHz,
       DDR:933.310 MHz (1866.620 MT/s data rate) (Asynchronous), IFC:599.940 MHz
       FMAN1: 699.930 MHz
       QMAN:  299.970 MHz
       PME:   599.940 MHz
L1:    D-cache 32 KiB enabled
       I-cache 32 KiB enabled
Reset Configuration Word (RCW):
       00000000: 1207001b 15000000 00000000 00000000
       00000010: 66150002 00000000 68104000 c1000000
       00000020: 00800000 00000000 00000000 000307fc
       00000030: 00000000 00000000 00000000 00000004
Board: T2080RDB, Board rev: 0x01 CPLD ver: 0x03, boot from SD/MMC
SERDES Reference Clocks:
SD1_CLK1=156.25MHZ, SD1_CLK2=100.00MHZ
SD2_CLK1=100.00MHZ, SD2_CLK2=100.00MHZ
I2C:   ready
SPI:   ready
DRAM:  Detected UDIMM D3XP56082XL10AA
2 GiB left unmapped
4 GiB (DDR3, 64-bit, CL=13, ECC on)
       DDR Chip-Select Interleaving Mode: CS0+CS1
Flash: 128 MiB
L2:    2 MiB enabled
Corenet Platform Cache: 512 KiB enabled
Using SERDES1 Protocol: 102 (0x66)
Using SERDES2 Protocol: 21 (0x15)
SEC0: RNG instantiated
NAND:  512 MiB
MMC:   FSL_SDHC: 0
EEPROM: Invalid ID (ff ff ff ff)
PCIe1: Endpoint, undetermined, regs @ 0xfe240000
PCIe1: Bus 00 - 00
PCIe2: Root Complex, x1 gen1, regs @ 0xfe250000
PCIe2: Bus 01 - 02
PCIe3: disabled
PCIe4: Root Complex, x4 gen1, regs @ 0xfe270000
  04:00.0     - 1002:6758 - Display controller
  04:00.1     - 1002:aa90 - Multimedia device
PCIe4: Bus 03 - 04
Video: No radeon video card found!
In:    serial
Out:   serial
Err:   serial
Net:
MMC read: dev # 0, block # 2080, count 128 ...
Fman1: Uploading microcode version 106.4.18
MMC read: dev # 0, block # 2208, count 512 ...
Not found Cortina PHY ucode at 0x00114000
MMC read: dev # 0, block # 2208, count 512 ...
Not found Cortina PHY ucode at 0x00114000
FM1@DTSEC3 [PRIME], FM1@DTSEC4, FM1@TGEC1, FM1@TGEC2, FM1@TGEC3, FM1@TGEC4
Hit any key to stop autoboot:  0
=> printenv
baudrate=115200
bdev=sda3
bootargs=root=/dev/sda3 rw rootdelay=5 console=ttyS0,115200
bootcmd=setenv bootargs root=/dev/sda3 rw rootdelay=5 console=$consoledev,$baudrate;mmcinfo;ext2load mmc 0:1 $loadaddr /boot/$bootfile;ext2load mmc 0:1 $fdtaddr /boot/$fdtfile;bootm $loadaddr - $fdtaddr
bootdelay=10
bootfile=uImage
consoledev=ttyS0
eth0addr=AF:F5:59:14:09:DE
eth1addr=D7:C8:74:00:61:24
eth2addr=C2:B0:72:06:58:8A
eth3addr=A2:BF:1C:7A:80:E0
eth4addr=05:BC:26:F4:B3:65
eth5addr=F4:84:06:81:03:54
eth6addr=B4:6E:ED:11:F0:4B
ethact=FM1@DTSEC3
ethaddr=AF:F5:59:14:09:DE
ethprime=FM1@DTSEC3
fdtaddr=0x05000000
fdtfile=uImage.dtb
fec_addr=AF:F5:59:14:09:DE
fileaddr=4000000
filesize=8ec1
fman_ucode=7faf8dc0
gatewayip=192.168.1.1
hwconfig=fsl_ddr:ctlr_intlv=cacheline,bank_intlv=auto;usb1:dr_mode=host,phy_type=utmi
initrd_high=0xffffffff
ipaddr=192.168.1.22
loadaddr=0x3000000
mem=3500Mvideo-mode="fslfb:1024x768-32@60,monitor=vga"
netdev=eth0
nfsboot=setenv bootargs root=/dev/nfs rw nfsroot=$serverip:$rootpath ip=$ipaddr:$serverip:$gatewayip:$netmask:$hostname:$netdev:off console=$consoledev,$baudrate $othbootargs;tftp $loadaddr $bootfile;tftp $fdtaddr $fdtfile;bootm $loadaddr - $fdtaddr
ramboot=setenv bootargs root=/dev/ram rw console=$consoledev,$baudrate $othbootargs;tftp $ramdiskaddr $ramdiskfile;tftp $loadaddr $bootfile;tftp $fdtaddr $fdtfile;bootm $loadaddr $ramdiskaddr $fdtaddr
ramdiskaddr=2000000
ramdiskfile=t2080rdb/ramdisk.uboot
rootpath=/opt/nfsroot
serverip=192.168.1.5
stderr=serial
stdin=serial
stdout=serial
tftpflash=tftpboot $loadaddr $uboot && protect off $ubootaddr +$filesize && erase $ubootaddr +$filesize && cp.b $loadaddr $ubootaddr $filesize && protect on $ubootaddr +$filesize && cmp.b $loadaddr $ubootaddr $filesize
uboot="u-boot.bin"
ubootaddr=0x00201000

Environment size: 1875/8188 bytes
=> setenv bootcmd "setenv bootargs root=/dev/sda rw rootdelay=5 console=$consoledev,$baudrate;mmcinfo;ext2load mmc 0:1 $loadaddr /boot/$bootfile;ext2load mmc 0:1 $fdtaddr /boot/$fdtfile;bootm $loadaddr - $fdtaddr"
=> printenv
baudrate=115200
bdev=sda3
bootargs=root=/dev/sda3 rw rootdelay=5 console=ttyS0,115200
bootcmd=setenv bootargs root=/dev/sda rw rootdelay=5 console=ttyS0,115200;mmcinfo;ext2load mmc 0:1 0x3000000 /boot/uImage;ext2load mmc 0:1 0x05000000 /boot/uImage.dtb;bootm 0x3000000 - 0x05000000
bootdelay=10
bootfile=uImage
consoledev=ttyS0
eth0addr=AF:F5:59:14:09:DE
eth1addr=D7:C8:74:00:61:24
eth2addr=C2:B0:72:06:58:8A
eth3addr=A2:BF:1C:7A:80:E0
eth4addr=05:BC:26:F4:B3:65
eth5addr=F4:84:06:81:03:54
eth6addr=B4:6E:ED:11:F0:4B
ethact=FM1@DTSEC3
ethaddr=AF:F5:59:14:09:DE
ethprime=FM1@DTSEC3
fdtaddr=0x05000000
fdtfile=uImage.dtb
fec_addr=AF:F5:59:14:09:DE
fileaddr=4000000
filesize=8ec1
fman_ucode=7faf8dc0
gatewayip=192.168.1.1
hwconfig=fsl_ddr:ctlr_intlv=cacheline,bank_intlv=auto;usb1:dr_mode=host,phy_type=utmi
initrd_high=0xffffffff
ipaddr=192.168.1.22
loadaddr=0x3000000
mem=3500Mvideo-mode="fslfb:1024x768-32@60,monitor=vga"
netdev=eth0
nfsboot=setenv bootargs root=/dev/nfs rw nfsroot=$serverip:$rootpath ip=$ipaddr:$serverip:$gatewayip:$netmask:$hostname:$netdev:off console=$consoledev,$baudrate $othbootargs;tftp $loadaddr $bootfile;tftp $fdtaddr $fdtfile;bootm $loadaddr - $fdtaddr
ramboot=setenv bootargs root=/dev/ram rw console=$consoledev,$baudrate $othbootargs;tftp $ramdiskaddr $ramdiskfile;tftp $loadaddr $bootfile;tftp $fdtaddr $fdtfile;bootm $loadaddr $ramdiskaddr $fdtaddr
ramdiskaddr=2000000
ramdiskfile=t2080rdb/ramdisk.uboot
rootpath=/opt/nfsroot
serverip=192.168.1.5
stderr=serial
stdin=serial
stdout=serial
tftpflash=tftpboot $loadaddr $uboot && protect off $ubootaddr +$filesize && erase $ubootaddr +$filesize && cp.b $loadaddr $ubootaddr $filesize && protect on $ubootaddr +$filesize && cmp.b $loadaddr $ubootaddr $filesize
uboot="u-boot.bin"
ubootaddr=0x00201000

Environment size: 1868/8188 bytes
=> saveenv
Saving Environment to MMC...
Writing to MMC(0)... done
=> reset
SD boot...
Initializing....using SPD
2 GiB left unmapped


U-Boot 2016.092.0+ga06b209 (Jul 12 2018 - 23:44:34 +0200)

CPU0:  T2080E, Version: 1.1, (0x85380011)
Core:  e6500, Version: 2.0, (0x80400120)
Clock Configuration:
       CPU0:1799.820 MHz, CPU1:1799.820 MHz, CPU2:1799.820 MHz, CPU3:1799.820 MHz,
       CCB:599.940 MHz,
       DDR:933.310 MHz (1866.620 MT/s data rate) (Asynchronous), IFC:599.940 MHz
       FMAN1: 699.930 MHz
       QMAN:  299.970 MHz
       PME:   599.940 MHz
L1:    D-cache 32 KiB enabled
       I-cache 32 KiB enabled
Reset Configuration Word (RCW):
       00000000: 1207001b 15000000 00000000 00000000
       00000010: 66150002 00000000 68104000 c1000000
       00000020: 00800000 00000000 00000000 000307fc
       00000030: 00000000 00000000 00000000 00000004
Board: T2080RDB, Board rev: 0x01 CPLD ver: 0x03, boot from SD/MMC
SERDES Reference Clocks:
SD1_CLK1=156.25MHZ, SD1_CLK2=100.00MHZ
SD2_CLK1=100.00MHZ, SD2_CLK2=100.00MHZ
I2C:   ready
SPI:   ready
DRAM:  Detected UDIMM D3XP56082XL10AA
2 GiB left unmapped
4 GiB (DDR3, 64-bit, CL=13, ECC on)
       DDR Chip-Select Interleaving Mode: CS0+CS1
Flash: 128 MiB
L2:    2 MiB enabled
Corenet Platform Cache: 512 KiB enabled
Using SERDES1 Protocol: 102 (0x66)
Using SERDES2 Protocol: 21 (0x15)
SEC0: RNG instantiated
NAND:  512 MiB
MMC:   FSL_SDHC: 0
EEPROM: Invalid ID (ff ff ff ff)
PCIe1: Endpoint, undetermined, regs @ 0xfe240000
PCIe1: Bus 00 - 00
PCIe2: Root Complex, no link, regs @ 0xfe250000
PCIe2: Bus 01 - 01
PCIe3: disabled
PCIe4: Root Complex, x4 gen1, regs @ 0xfe270000
  03:00.0     - 1002:6758 - Display controller
  03:00.1     - 1002:aa90 - Multimedia device
PCIe4: Bus 02 - 03
Video: No radeon video card found!
In:    serial
Out:   serial
Err:   serial
Net:
MMC read: dev # 0, block # 2080, count 128 ...
Fman1: Uploading microcode version 106.4.18
MMC read: dev # 0, block # 2208, count 512 ...
Not found Cortina PHY ucode at 0x00114000
MMC read: dev # 0, block # 2208, count 512 ...
Not found Cortina PHY ucode at 0x00114000
FM1@DTSEC3 [PRIME], FM1@DTSEC4, FM1@TGEC1, FM1@TGEC2, FM1@TGEC3, FM1@TGEC4
Hit any key to stop autoboot:  0
Device: FSL_SDHC
Manufacturer ID: 3
OEM: 5344
Name: SU16G
Tran Speed: 50000000
Rd Block Len: 512
SD version 3.0
High Capacity: Yes
Capacity: 14.8 GiB
Bus Width: 4-bit
Erase Group Size: 512 Bytes
17513040 bytes read in 823 ms (20.3 MiB/s)
36545 bytes read in 56 ms (636.7 KiB/s)
WARNING: adjusting available memory to 30000000
## Booting kernel from Legacy Image at 03000000 ...
   Image Name:   Linux-4.19.8
   Image Type:   PowerPC Linux Kernel Image (gzip compressed)
   Data Size:    17512976 Bytes = 16.7 MiB
   Load Address: 00000000
   Entry Point:  00000000
   Verifying Checksum ... OK
## Flattened Device Tree blob at 05000000
   Booting using the fdt blob at 0x5000000
   Uncompressing Kernel Image ... OK
   Loading Device Tree to 03fe4000, end 03fffec0 ... OK
[    0.000000] OF: reserved mem: initialized node qman-fqd, compatible id fsl,qman-fqd
[    0.000000] OF: reserved mem: initialized node qman-pfdr, compatible id fsl,qman-pfdr
[    0.000000] OF: reserved mem: initialized node bman-fbpr, compatible id fsl,bman-fbpr
[    0.000000] MMU: Supported page sizes
[    0.000000]          4 KB as direct
[    0.000000]       2048 KB as direct & indirect
[    0.000000]       4096 KB as direct
[    0.000000]      16384 KB as direct
[    0.000000]      65536 KB as direct
[    0.000000]     262144 KB as direct
[    0.000000]    1048576 KB as direct
[    0.000000] MMU: Book3E HW tablewalk enabled
[    0.000000] Linux version 4.19.8 (mario@mario-HP-EliteBook-840-G1) (gcc version 7.3.0 (Ubuntu 7.3.0-27ubuntu1~18.04)) #1 SMP Mon Dec 10 21:48:07 CET 2018
[    0.000000] Using CoreNet Generic machine description
[    0.000000] bootconsole [udbg0] enabled
[    0.000000] CPU maps initialized for 2 threads per core
[    0.000000] -----------------------------------------------------
[    0.000000] phys_mem_size     = 0x100000000
[    0.000000] dcache_bsize      = 0x40
[    0.000000] icache_bsize      = 0x40
[    0.000000] cpu_features      = 0x00000003009003b6
[    0.000000]   possible        = 0x00000003009003b6
[    0.000000]   always          = 0x00000003008003b4
[    0.000000] cpu_user_features = 0xdc008000 0x08000000
[    0.000000] mmu_features      = 0x000a0010
[    0.000000] firmware_features = 0x0000000000000000
[    0.000000] -----------------------------------------------------
[    0.000000] numa:   NODE_DATA [mem 0xfff1a040-0xfff23fff]
[    0.000000] CoreNet Generic board
[    0.000000] barrier-nospec: using isync; sync as speculation barrier
[    0.000000] Zone ranges:
[    0.000000]   DMA      [mem 0x0000000000000000-0x000000007fffffff]
[    0.000000]   DMA32    empty
[    0.000000]   Normal   [mem 0x0000000080000000-0x00000000ffffffff]
[    0.000000] Movable zone start for each node
[    0.000000] Early memory node ranges
[    0.000000]   node   0: [mem 0x0000000000000000-0x00000000ffffffff]
[    0.000000] Initmem setup node 0 [mem 0x0000000000000000-0x00000000ffffffff]
[    0.000000] MMU: Allocated 2112 bytes of context maps for 255 contexts
[    0.000000] percpu: Embedded 24 pages/cpu @(____ptrval____) s59280 r0 d39024 u131072
[    0.000000] Built 1 zonelists, mobility grouping on.  Total pages: 1032192
[    0.000000] Policy zone: Normal
[    0.000000] Kernel command line: root=/dev/sda rw rootdelay=5 console=ttyS0,115200
[    0.000000] log_buf_len individual max cpu contribution: 4096 bytes
[    0.000000] log_buf_len total cpu_extra contributions: 28672 bytes
[    0.000000] log_buf_len min size: 16384 bytes
[    0.000000] log_buf_len: 65536 bytes
[    0.000000] early log buf free: 12204(74%)
[    0.000000] Memory: 3931508K/4194304K available (27160K kernel code, 4808K rwdata, 9428K rodata, 888K init, 2006K bss, 262796K reserved, 0K cma-reserved)
[    0.000000] random: get_random_u64 called from .cache_random_seq_create+0x64/0x180 with crng_init=0
[    0.000000] SLUB: HWalign=64, Order=0-3, MinObjects=0, CPUs=8, Nodes=1
[    0.000000] rcu: Hierarchical RCU implementation.
[    0.000000] rcu:     RCU event tracing is enabled.
[    0.000000] rcu:     RCU restricting CPUs from NR_CPUS=24 to nr_cpu_ids=8.
[    0.000000] rcu: Adjusting geometry for rcu_fanout_leaf=16, nr_cpu_ids=8
[    0.000000] NR_IRQS: 512, nr_irqs: 512, preallocated irqs: 16
[    0.000000] mpic: Setting up MPIC " OpenPIC  " version 1.2 at ffe040000, max 8 CPUs
[    0.000000] mpic: ISU size: 512, shift: 9, mask: 1ff
[    0.000000] mpic: Initializing for 512 sources
[    0.000003] clocksource: timebase: mask: 0xffffffffffffffff max_cycles: 0x8a5d528ca, max_idle_ns: 440795203517 ns
[    0.010180] clocksource: timebase mult[1aab5972] shift[24] registered
[    0.017867] Console: colour dummy device 80x25
[    0.022275] pid_max: default: 32768 minimum: 301
[    0.027990] Dentry cache hash table entries: 524288 (order: 10, 4194304 bytes)
[    0.035771] Inode-cache hash table entries: 262144 (order: 9, 2097152 bytes)
[    0.042819] Mount-cache hash table entries: 8192 (order: 4, 65536 bytes)
[    0.049464] Mountpoint-cache hash table entries: 8192 (order: 4, 65536 bytes)
[    0.057376] e6500 family performance monitor hardware support registered
[    0.064048] rcu: Hierarchical SRCU implementation.
[    0.071708] smp: Bringing up secondary CPUs ...
[    0.079322] smp: Brought up 1 node, 8 CPUs
[    0.083333] Using shared cache scheduler topology
[    0.088969] devtmpfs: initialized
[    0.096199] clocksource: jiffies: mask: 0xffffffff max_cycles: 0xffffffff, max_idle_ns: 1911260446275000 ns
[    0.105908] futex hash table entries: 2048 (order: 5, 131072 bytes)
[    0.112267] xor: measuring software checksum speed
[    0.126995]    8regs     :  3504.000 MB/sec
[    0.141114]    8regs_prefetch:  3192.000 MB/sec
[    0.155580]    32regs    :  2848.000 MB/sec
[    0.169698]    32regs_prefetch:  2660.000 MB/sec
[    0.184251]    altivec   :  5704.000 MB/sec
[    0.188346] xor: using function: altivec (5704.000 MB/sec)
[    0.194272] NET: Registered protocol family 16
[    0.199023] audit: initializing netlink subsys (disabled)
[    0.204405] audit: type=2000 audit(0.098:1): state=initialized audit_enabled=0 res=1
[    0.212101] cpuidle: using governor ladder
[    0.216252] cpuidle: using governor menu
[    0.234229] Machine: fsl,T2080RDB
[    0.237462] SoC family: QorIQ T2080
[    0.240938] SoC ID: svr:0x85380011, Revision: 1.1
[    0.248574] Found FSL PCI host bridge at 0x0000000ffe250000. Firmware bus number: 0->0
[    0.256411] PCI host bridge /pcie@ffe250000  ranges:
[    0.261368]  MEM 0x0000000c20000000..0x0000000c2fffffff -> 0x00000000e0000000
[    0.268582]   IO 0x0000000ff8010000..0x0000000ff801ffff -> 0x0000000000000000
[    0.275727] /pcie@ffe250000: PCICSRBAR @ 0xff000007
[    0.280579] setup_pci_atmu: end of DRAM 100000000
[    0.285280] /pcie@ffe250000: Setup 64-bit PCI DMA window
[    0.290578] /pcie@ffe250000: WARNING: Outbound window cfg leaves gaps in memory map. Adjusting the memory map could reduce unnecessary bounce buffering.
[    0.304227] /pcie@ffe250000: DMA window size is 0xe0000000
[    0.309997] Found FSL PCI host bridge at 0x0000000ffe270000. Firmware bus number: 0->1
[    0.317832] PCI host bridge /pcie@ffe270000  ranges:
[    0.322790]  MEM 0x0000000c40000000..0x0000000c5fffffff -> 0x00000000e0000000
[    0.330004]   IO 0x0000000ff8030000..0x0000000ff803ffff -> 0x0000000000000000
[    0.337144] /pcie@ffe270000: PCICSRBAR @ 0xdf000007
[    0.342001] setup_pci_atmu: end of DRAM 100000000
[    0.346702] /pcie@ffe270000: Setup 64-bit PCI DMA window
[    0.351999] /pcie@ffe270000: DMA window size is 0xdf000007
[    0.359279] iommu: Adding device ff6000000.qman-portal to group 0
[    0.365308] iommu: Adding device ff6004000.qman-portal to group 1
[    0.371390] iommu: Adding device ff6008000.qman-portal to group 2
[    0.377476] iommu: Adding device ff600c000.qman-portal to group 3
[    0.383566] iommu: Adding device ff6010000.qman-portal to group 4
[    0.389649] iommu: Adding device ff6014000.qman-portal to group 5
[    0.395734] iommu: Adding device ff6018000.qman-portal to group 6
[    0.401820] iommu: Adding device ff601c000.qman-portal to group 7
[    0.407908] iommu: Adding device ff6020000.qman-portal to group 8
[    0.413992] iommu: Adding device ff6024000.qman-portal to group 9
[    0.420082] iommu: Adding device ff6028000.qman-portal to group 10
[    0.426251] iommu: Adding device ff602c000.qman-portal to group 11
[    0.432429] iommu: Adding device ff6030000.qman-portal to group 12
[    0.438601] iommu: Adding device ff6034000.qman-portal to group 13
[    0.444770] iommu: Adding device ff6038000.qman-portal to group 14
[    0.450944] iommu: Adding device ff603c000.qman-portal to group 15
[    0.457116] iommu: Adding device ff6040000.qman-portal to group 16
[    0.463288] iommu: Adding device ff6044000.qman-portal to group 17
[    0.469471] iommu: Adding device ffe114000.sdhc to group 18
[    0.475060] iommu: Adding device ffe488000.port to group 19
[    0.480592] iommu: Adding device ffe489000.port to group 20
[    0.486157] iommu: Adding device ffe48a000.port to group 21
[    0.491721] iommu: Adding device ffe48b000.port to group 22
[    0.497287] iommu: Adding device ffe48c000.port to group 23
[    0.502850] iommu: Adding device ffe48d000.port to group 24
[    0.508414] iommu: Adding device ffe490000.port to group 25
[    0.513979] iommu: Adding device ffe491000.port to group 26
[    0.519565] iommu: Adding device ffe100300.dma to group 27
[    0.525018] iommu: Adding device ffe101300.dma to group 28
[    0.530494] iommu: Adding device ffe102300.dma to group 29
[    0.535986] iommu: Adding device ffe210000.usb to group 30
[    0.541449] iommu: Adding device ffe211000.usb to group 31
[    0.546928] iommu: Adding device ffe316000.pme to group 32
[    0.552405] iommu: Adding device ffe31a000.bman to group 33
[    0.557970] iommu: Adding device ffe318000.qman to group 34
[    0.563535] iommu: Adding device ffe220000.sata to group 35
[    0.569096] iommu: Adding device ffe221000.sata to group 36
[    0.574661] iommu: Adding device ffe240000.pcie to group 37
[    0.580228] iommu: Adding device ffe250000.pcie to group 38
[    0.585791] iommu: Adding device ffe270000.pcie to group 39
[    0.600221] software IO TLB: mapped [mem 0xf6000000-0xfa000000] (64MB)
[    0.606667] PCI: Probing PCI hardware
[    0.610396] fsl-pci ffe250000.pcie: PCI host bridge to bus 0000:00
[    0.616496] pci_bus 0000:00: root bus resource [io  0x8000080000010000-0x800008000001ffff] (bus address [0x0000-0xffff])
[    0.627362] pci_bus 0000:00: root bus resource [mem 0xc20000000-0xc2fffffff] (bus address [0xe0000000-0xefffffff])
[    0.637708] pci_bus 0000:00: root bus resource [bus 00]
[    0.642970] pci 0000:00:00.0: [Firmware Bug]: reg 0x10: invalid BAR (can't size)
[    0.650485] iommu: Removing device ffe250000.pcie from group 38
[    0.656341] iommu: Adding device 0000:00:00.0 to group 40
[    0.663839] pci 0000:00:00.0: bridge configuration invalid ([bus 00-00]), reconfiguring
[    0.673872] pci 0000:00:00.0: PCI bridge to [bus 01-ff]
[    0.679116] fsl-pci ffe270000.pcie: PCI host bridge to bus 0001:00
[    0.685214] pci_bus 0001:00: root bus resource [io  0x8000080000021000-0x8000080000030fff] (bus address [0x0000-0xffff])
[    0.696080] pci_bus 0001:00: root bus resource [mem 0xc40000000-0xc5fffffff] (bus address [0xe0000000-0xffffffff])
[    0.706426] pci_bus 0001:00: root bus resource [bus 00-01]
[    0.712084] iommu: Removing device ffe270000.pcie from group 39
[    0.717936] iommu: Adding device 0001:00:00.0 to group 38
[    0.725588] pci 0001:01:00.0: enabling Extended Tags
[    0.730583] pci 0001:01:00.0: 8.000 Gb/s available PCIe bandwidth, limited by 2.5 GT/s x4 link at 0001:00:00.0 (capable of 32.000 Gb/s with 2.5 GT/s x16 link)
[    0.744748] iommu: Adding device 0001:01:00.0 to group 38
[    0.750204] pci 0001:01:00.1: enabling Extended Tags
[    0.755253] iommu: Adding device 0001:01:00.1 to group 38
[    0.765662] pci 0001:00:00.0: PCI bridge to [bus 01-ff]
[    0.770914] PCI: Cannot allocate resource region 0 of device 0001:00:00.0, will remap
[    0.778662] PCI: Cannot allocate resource region 6 of device 0001:00:00.0, will remap
[    0.786490] PCI: Cannot allocate resource region 2 of device 0001:01:00.0, will remap
[    0.794311] PCI: Cannot allocate resource region 6 of device 0001:01:00.0, will remap
[    0.802140] PCI: Cannot allocate resource region 0 of device 0001:01:00.1, will remap
[    0.809991] pci 0000:00:00.0: BAR 6: no space for [mem size 0x01000000 pref]
[    0.817004] pci 0000:00:00.0: BAR 6: failed to assign [mem size 0x01000000 pref]
[    0.824394] pci 0000:00:00.0: PCI bridge to [bus 01]
[    0.829350] pci 0000:00:00.0:   bridge window [io  0x8000080000010000-0x800008000001ffff]
[    0.837523] pci 0000:00:00.0:   bridge window [mem 0xc20000000-0xc2fffffff]
[    0.844496] pci 0001:00:00.0: BAR 6: no space for [mem size 0x01000000 pref]
[    0.851520] pci 0001:00:00.0: BAR 6: failed to assign [mem size 0x01000000 pref]
[    0.858910] pci 0001:00:00.0: BAR 15: no space for [mem size 0x00100000 pref]
[    0.866039] pci 0001:00:00.0: BAR 15: failed to assign [mem size 0x00100000 pref]
[    0.873517] pci 0001:00:00.0: BAR 0: no space for [io  size 0x0004]
[    0.879775] pci 0001:00:00.0: BAR 0: failed to assign [io  size 0x0004]
[    0.886386] pci 0001:01:00.0: BAR 2: assigned [mem 0xc40000000-0xc4001ffff 64bit]
[    0.893870] pci 0001:01:00.0: BAR 6: assigned [mem 0xc40020000-0xc4003ffff pref]
[    0.901252] pci 0001:01:00.1: BAR 0: assigned [mem 0xc40040000-0xc40043fff 64bit]
[    0.908737] pci 0001:00:00.0: PCI bridge to [bus 01]
[    0.913684] pci 0001:00:00.0:   bridge window [io  0x8000080000021000-0x8000080000030fff]
[    0.921857] pci 0001:00:00.0:   bridge window [mem 0xc40000000-0xc5fffffff]
[    0.928813] pci_bus 0001:00: Some PCI device resources are unassigned, try booting with pci=realloc
[    0.940352] Setting up RapidIO peer-to-peer network /rapidio@ffe0c0000
[    0.946801] fsl-of-rio ffe0c0000.rapidio: Of-device full name /rapidio@ffe0c0000
[    0.954187] fsl-of-rio ffe0c0000.rapidio: Regs: [mem 0xffe0c0000-0xffe0d0fff]
[    0.961320] fsl-of-rio ffe0c0000.rapidio: No valid fsl,srio-rmu-handle property
[    0.968626] fsl-of-rio: probe of ffe0c0000.rapidio failed with error -2
[    0.991673] HugeTLB registered 4.00 MiB page size, pre-allocated 0 pages
[    0.998301] HugeTLB registered 16.0 MiB page size, pre-allocated 0 pages
[    1.005004] HugeTLB registered 64.0 MiB page size, pre-allocated 0 pages
[    1.011684] HugeTLB registered 256 MiB page size, pre-allocated 0 pages
[    1.018290] HugeTLB registered 1.00 GiB page size, pre-allocated 0 pages
[    1.041510] raid6: altivecx1 gen()  1707 MB/s
[    1.062558] raid6: altivecx2 gen()  2109 MB/s
[    1.083625] raid6: altivecx4 gen()  2988 MB/s
[    1.104670] raid6: altivecx8 gen()  3167 MB/s
[    1.125760] raid6: int64x1  gen()   585 MB/s
[    1.146808] raid6: int64x1  xor()   728 MB/s
[    1.167903] raid6: int64x2  gen()   933 MB/s
[    1.188938] raid6: int64x2  xor()   929 MB/s
[    1.210016] raid6: int64x4  gen()  1363 MB/s
[    1.231060] raid6: int64x4  xor()  1009 MB/s
[    1.252106] raid6: int64x8  gen()  1628 MB/s
[    1.273164] raid6: int64x8  xor()   998 MB/s
[    1.277345] raid6: using algorithm altivecx8 gen() 3167 MB/s
[    1.282996] raid6: using intx1 recovery algorithm
[    1.287881] Freescale Elo series DMA driver
[    1.292379] fsl-elo-dma ffe100300.dma: #0 (fsl,eloplus-dma-channel), irq 28
[    1.299296] fsl-elo-dma ffe100300.dma: #1 (fsl,eloplus-dma-channel), irq 29
[    1.306251] fsl-elo-dma ffe100300.dma: #2 (fsl,eloplus-dma-channel), irq 30
[    1.313209] fsl-elo-dma ffe100300.dma: #3 (fsl,eloplus-dma-channel), irq 31
[    1.320161] fsl-elo-dma ffe100300.dma: #4 (fsl,eloplus-dma-channel), irq 76
[    1.327116] fsl-elo-dma ffe100300.dma: #5 (fsl,eloplus-dma-channel), irq 77
[    1.334071] fsl-elo-dma ffe100300.dma: #6 (fsl,eloplus-dma-channel), irq 78
[    1.341029] fsl-elo-dma ffe100300.dma: #7 (fsl,eloplus-dma-channel), irq 79
[    1.348383] fsl-elo-dma ffe101300.dma: #0 (fsl,eloplus-dma-channel), irq 32
[    1.355303] fsl-elo-dma ffe101300.dma: #1 (fsl,eloplus-dma-channel), irq 33
[    1.362255] fsl-elo-dma ffe101300.dma: #2 (fsl,eloplus-dma-channel), irq 34
[    1.369210] fsl-elo-dma ffe101300.dma: #3 (fsl,eloplus-dma-channel), irq 35
[    1.376168] fsl-elo-dma ffe101300.dma: #4 (fsl,eloplus-dma-channel), irq 80
[    1.383120] fsl-elo-dma ffe101300.dma: #5 (fsl,eloplus-dma-channel), irq 81
[    1.390079] fsl-elo-dma ffe101300.dma: #6 (fsl,eloplus-dma-channel), irq 82
[    1.397032] fsl-elo-dma ffe101300.dma: #7 (fsl,eloplus-dma-channel), irq 83
[    1.404411] fsl-elo-dma ffe102300.dma: #0 (fsl,eloplus-dma-channel), irq 464
[    1.411469] fsl-elo-dma ffe102300.dma: #1 (fsl,eloplus-dma-channel), irq 465
[    1.418473] fsl-elo-dma ffe102300.dma: #2 (fsl,eloplus-dma-channel), irq 466
[    1.425515] fsl-elo-dma ffe102300.dma: #3 (fsl,eloplus-dma-channel), irq 467
[    1.432557] fsl-elo-dma ffe102300.dma: #4 (fsl,eloplus-dma-channel), irq 473
[    1.439602] fsl-elo-dma ffe102300.dma: #5 (fsl,eloplus-dma-channel), irq 474
[    1.446643] fsl-elo-dma ffe102300.dma: #6 (fsl,eloplus-dma-channel), irq 475
[    1.453684] fsl-elo-dma ffe102300.dma: #7 (fsl,eloplus-dma-channel), irq 476
[    1.461527] pci 0001:01:00.0: vgaarb: VGA device added: decodes=io+mem,owns=none,locks=none
[    1.469876] pci 0001:01:00.0: vgaarb: bridge control possible
[    1.475539] pci 0001:01:00.0: vgaarb: setting as boot device (VGA legacy resources not available)
[    1.484404] vgaarb: loaded
[    1.487367] SCSI subsystem initialized
[    1.491288] usbcore: registered new interface driver usbfs
[    1.496720] usbcore: registered new interface driver hub
[    1.502049] usbcore: registered new device driver usb
[    1.507322] pps_core: LinuxPPS API ver. 1 registered
[    1.512203] pps_core: Software ver. 5.3.6 - Copyright 2005-2007 Rodolfo Giometti <giometti@linux.it>
[    1.521342] PTP clock support registered
[    1.525358] EDAC MC: Ver: 3.0.0
[    1.528726] fsl-ifc ffe124000.localbus: Freescale Integrated Flash Controller
[    1.535798] fsl-ifc ffe124000.localbus: IFC version 1.3, 8 banks
[    1.542272] NET: Registered protocol family 8
[    1.546542] NET: Registered protocol family 20
[    1.551526] clocksource: Switched to clocksource timebase
[    1.615281] VFS: Disk quotas dquot_6.6.0
[    1.619165] VFS: Dquot-cache hash table entries: 512 (order 0, 4096 bytes)
[    1.626082] FS-Cache: Loaded
[    1.629046] CacheFiles: Loaded
[    1.636659] NET: Registered protocol family 2
[    1.641235] tcp_listen_portaddr_hash hash table entries: 2048 (order: 3, 32768 bytes)
[    1.649042] TCP established hash table entries: 32768 (order: 6, 262144 bytes)
[    1.656365] TCP bind hash table entries: 32768 (order: 7, 524288 bytes)
[    1.663086] TCP: Hash tables configured (established 32768 bind 32768)
[    1.669608] UDP hash table entries: 2048 (order: 4, 65536 bytes)
[    1.675577] UDP-Lite hash table entries: 2048 (order: 4, 65536 bytes)
[    1.682098] NET: Registered protocol family 1
[    1.686642] RPC: Registered named UNIX socket transport module.
[    1.692542] RPC: Registered udp transport module.
[    1.697172] RPC: Registered tcp transport module.
[    1.701866] RPC: Registered tcp NFSv4.1 backchannel transport module.
[    1.708591] NET: Registered protocol family 44
[    1.712990] pci 0001:01:00.1: Linked as a consumer to 0001:01:00.0
[    1.721646] Initialise system trusted keyrings
[    1.726073] workingset: timestamp_bits=38 max_order=20 bucket_order=0
[    1.736665] zbud: loaded
[    1.740890] FS-Cache: Netfs 'nfs' registered for caching
[    1.746443] NFS: Registering the id_resolver key type
[    1.751424] Key type id_resolver registered
[    1.755583] Key type id_legacy registered
[    1.759587] nfs4filelayout_init: NFSv4 File Layout Driver Registering...
[    1.766494] FS-Cache: Netfs 'cifs' registered for caching
[    1.771972] Key type cifs.spnego registered
[    1.776076] Key type cifs.idmap registered
[    1.780158] ntfs: driver 2.1.32 [Flags: R/W].
[    1.784624] jffs2: version 2.2. (NAND) (SUMMARY)  Â© 2001-2006 Red Hat, Inc.
[    1.791819] romfs: ROMFS MTD (C) 2007 Red Hat, Inc.
[    1.796803] JFS: nTxBlock = 8192, nTxLock = 65536
[    1.803967] SGI XFS with ACLs, security attributes, no debug enabled
[    1.811414] NILFS version 2 loaded
[    1.815581] gfs2: GFS2 installed
[    1.822210] NET: Registered protocol family 38
[    1.826612] async_tx: api initialized (async)
[    1.830928] Key type asymmetric registered
[    1.835005] Asymmetric key parser 'x509' registered
[    1.839903] Block layer SCSI generic (bsg) driver version 0.4 loaded (major 246)
[    1.847345] io scheduler noop registered
[    1.851183] io scheduler deadline registered
[    1.855547] io scheduler cfq registered (default)
[    1.860167] io scheduler mq-deadline registered
[    1.864687] io scheduler kyber registered
[    1.868752] io scheduler bfq registered
[    1.873167] crc32: CRC_LE_BITS = 64, CRC_BE BITS = 64
[    1.878133] crc32: self tests passed, processed 225944 bytes in 306910 nsec
[    1.885404] crc32c: CRC_LE_BITS = 64
[    1.888891] crc32c: self tests passed, processed 225944 bytes in 153776 nsec
[    1.925835] crc32_combine: 8373 self tests passed
[    1.961012] crc32c_combine: 8373 self tests passed
[    1.967394] pcieport 0000:00:00.0: AER enabled with IRQ 21
[    1.972835] pcieport 0001:00:00.0: AER enabled with IRQ 23
[    1.978319] pcieport 0000:00:00.0: Signaling PME with IRQ 21
[    1.983953] pcieport 0001:00:00.0: Signaling PME with IRQ 23
[    1.990384] switchtec: loaded.
[    1.998876] bman_portal ff4000000.bman-portal: Portal initialised, cpu 0
[    2.005564] bman_portal ff4004000.bman-portal: Portal initialised, cpu 1
[    2.012249] bman_portal ff4008000.bman-portal: Portal initialised, cpu 2
[    2.018942] bman_portal ff400c000.bman-portal: Portal initialised, cpu 3
[    2.025635] bman_portal ff4010000.bman-portal: Portal initialised, cpu 4
[    2.032333] bman_portal ff4014000.bman-portal: Portal initialised, cpu 5
[    2.039024] bman_portal ff4018000.bman-portal: Portal initialised, cpu 6
[    2.045719] bman_portal ff401c000.bman-portal: Portal initialised, cpu 7
[    2.053146] qman_portal ff6000000.qman-portal: Portal initialised, cpu 0
[    2.059836] qman_portal ff6004000.qman-portal: Portal initialised, cpu 1
[    2.066539] qman_portal ff6008000.qman-portal: Portal initialised, cpu 2
[    2.073230] qman_portal ff600c000.qman-portal: Portal initialised, cpu 3
[    2.079928] qman_portal ff6010000.qman-portal: Portal initialised, cpu 4
[    2.086618] qman_portal ff6014000.qman-portal: Portal initialised, cpu 5
[    2.093321] qman_portal ff6018000.qman-portal: Portal initialised, cpu 6
[    2.100100] qman_portal ff601c000.qman-portal: Portal initialised, cpu 7
[    2.137843] Serial: 8250/16550 driver, 4 ports, IRQ sharing enabled
[    2.145330] console [ttyS0] disabled
[    2.148854] serial8250.0: ttyS0 at MMIO 0xffe11c500 (irq = 36, base_baud = 18748125) is a 16550A
[    2.157615] console [ttyS0] enabled
[    2.157615] console [ttyS0] enabled
[    2.164558] bootconsole [udbg0] disabled
[    2.164558] bootconsole [udbg0] disabled
[    2.172821] serial8250.0: ttyS1 at MMIO 0xffe11c600 (irq = 36, base_baud = 18748125) is a 16550A
[    2.181998] serial8250.0: ttyS2 at MMIO 0xffe11d500 (irq = 37, base_baud = 18748125) is a 16550A
[    2.191162] serial8250.0: ttyS3 at MMIO 0xffe11d600 (irq = 37, base_baud = 18748125) is a 16550A
[    2.201117] console [ttyS0] disabled
[    2.204736] console [ttyS0] enabled
[    2.208696] ffe11c600.serial: ttyS1 at MMIO 0xffe11c600 (irq = 36, base_baud = 18748125) is a 16550
[    2.218187] ffe11d500.serial: ttyS2 at MMIO 0xffe11d500 (irq = 37, base_baud = 18748125) is a 16550
[    2.227696] ffe11d600.serial: ttyS3 at MMIO 0xffe11d600 (irq = 37, base_baud = 18748125) is a 16550
[    2.237264] ePAPR hypervisor byte channel driver
[    2.242204] [drm] radeon kernel modesetting enabled.
[    2.247506] [drm] initializing kernel modesetting (TURKS 0x1002:0x6758 0x1043:0x03EA 0x00).
[    2.389014] ATOM BIOS: 6758.13.12.0.9.AS02
[    2.393205] [drm] GPU not posted. posting now...
[    2.402257] radeon 0001:01:00.0: VRAM: 1024M 0x0000000000000000 - 0x000000003FFFFFFF (1024M used)
[    2.411139] radeon 0001:01:00.0: GTT: 1024M 0x0000000040000000 - 0x000000007FFFFFFF
[    2.418802] [drm] Detected VRAM RAM=1024M, BAR=256M
[    2.423681] [drm] RAM width 128bits DDR
[    2.427599] [TTM] Zone  kernel: Available graphics memory: 1966264 kiB
[    2.434133] [TTM] Initializing pool allocator
[    2.438497] [TTM] Initializing DMA pool allocator
[    2.443249] [drm] radeon: 1024M of VRAM memory ready
[    2.448218] [drm] radeon: 1024M of GTT memory ready.
[    2.453199] [drm] Loading TURKS Microcode
[    2.457222] [drm] Internal thermal controller with fan control
[    2.468747] [drm] radeon: dpm initialized
[    2.472810] [drm] GART: num cpu pages 262144, num gpu pages 262144
[    2.480626] [drm] enabling PCIE gen 2 link speeds, disable with radeon.pcie_gen2=0
[    2.514440] [drm] PCIE GART of 1024M enabled (table at 0x0000000000162000).
[    2.521572] radeon 0001:01:00.0: WB enabled
[    2.525760] radeon 0001:01:00.0: fence driver on ring 0 use gpu addr 0x0000000040000c00 and cpu addr 0x(____ptrval____)
[    2.536554] radeon 0001:01:00.0: fence driver on ring 3 use gpu addr 0x0000000040000c0c and cpu addr 0x(____ptrval____)
[    2.551529] radeon 0001:01:00.0: fence driver on ring 5 use gpu addr 0x0000000000072118 and cpu addr 0x(____ptrval____)
[    2.562322] [drm] Supports vblank timestamp caching Rev 2 (21.10.2013).
[    2.568940] [drm] Driver supports precise vblank timestamp query.
[    2.575037] radeon 0001:01:00.0: radeon: MSI limited to 32-bit
[    2.580945] radeon 0001:01:00.0: radeon: using MSI.
[    2.585878] [drm] radeon: irq initialized.
[    2.606632] [drm] ring test on 0 succeeded in 1 usecs
[    2.611699] [drm] ring test on 3 succeeded in 8 usecs
[    2.791576] [drm] ring test on 5 succeeded in 2 usecs
[    2.796645] [drm] UVD initialized successfully.
[    2.801584] [drm] ib test on ring 0 succeeded in 0 usecs
[    2.807071] [drm] ib test on ring 3 succeeded in 0 usecs
[    3.469613] [drm] ib test on ring 5 succeeded
[    3.474923] [drm] Radeon Display Connectors
[    3.479110] [drm] Connector 0:
[    3.482163] [drm]   DP-1
[    3.484694] [drm]   HPD4
[    3.487227] [drm]   DDC: 0x6480 0x6480 0x6484 0x6484 0x6488 0x6488 0x648c 0x648c
[    3.494628] [drm]   Encoders:
[    3.497595] [drm]     DFP1: INTERNAL_UNIPHY2
[    3.501866] [drm] Connector 1:
[    3.504919] [drm]   HDMI-A-1
[    3.507797] [drm]   HPD2
[    3.510330] [drm]   DDC: 0x6470 0x6470 0x6474 0x6474 0x6478 0x6478 0x647c 0x647c
[    3.517730] [drm]   Encoders:
[    3.520697] [drm]     DFP2: INTERNAL_UNIPHY2
[    3.524968] [drm] Connector 2:
[    3.528020] [drm]   DVI-I-1
[    3.530813] [drm]   HPD1
[    3.533345] [drm]   DDC: 0x6460 0x6460 0x6464 0x6464 0x6468 0x6468 0x646c 0x646c
[    3.540746] [drm]   Encoders:
[    3.543713] [drm]     DFP3: INTERNAL_UNIPHY
[    3.547896] [drm]     CRT1: INTERNAL_KLDSCP_DAC1
[    3.689401] [drm] fb mappable at 0xC50363000
[    3.693672] [drm] vram apper at 0xC50000000
[    3.697856] [drm] size 8294400
[    3.700908] [drm] fb depth is 24
[    3.704134] [drm]    pitch is 7680
[    3.868797] Console: switching to colour frame buffer device 240x67
[    3.900814] radeon 0001:01:00.0: fb0: radeondrmfb frame buffer device
[    3.907347] [drm] Initialized radeon 2.50.0 20080528 for 0001:01:00.0 on minor 0
[    3.914912] [drm] amdgpu kernel modesetting enabled.
[    3.924291] brd: module loaded
[    3.931135] loop: module loaded
[    3.934542] zram: Added device: zram0
[    5.402757] st: Version 20160209, fixed bufsize 32768, s/g segs 256
[    5.410154] fsl-sata ffe220000.sata: Sata FSL Platform/CSB Driver init
[    5.417057] scsi host0: sata_fsl
[    5.420446] ata1: SATA max UDMA/133 irq 68
[    5.424605] fsl-sata ffe221000.sata: Sata FSL Platform/CSB Driver init
[    5.431422] scsi host1: sata_fsl
[    5.434730] ata2: SATA max UDMA/133 irq 69
[    5.443553] fe8000000.nor: Found 1 x16 devices at 0x0 in 16-bit bank. Manufacturer ID 0x000089 Chip ID 0x00227e
[    5.453656] Amd/Fujitsu Extended Query Table at 0x0040
[    5.458809]   Amd/Fujitsu Extended Query version 1.3.
[    5.463866] number of CFI chips: 1
[    5.467693] ftl_cs: FTL header not found.
[    5.473902] nand: device found, Manufacturer ID: 0x2c, Chip ID: 0xac
[    5.480265] nand: Micron MT29F4G08ABBDAH4
[    5.484277] nand: 512 MiB, SLC, erase size: 128 KiB, page size: 2048, OOB size: 64
[    5.492289] Bad block table found at page 262080, version 0x01
[    5.498931] Bad block table found at page 262016, version 0x01
[    5.508641] ftl_cs: FTL header not found.
[    5.512944] fsl,ifc-nand fff800000.nand: IFC NAND device at 0xfff800000, bank 1
[    5.520560] fsl_espi ffe110000.spi: cs=0, init_csmode=0x100008
[    5.526685] m25p80 spi0.0: found n25q512ax3, expected n25q512a
[    5.532656] m25p80 spi0.0: n25q512ax3 (65536 Kbytes)
[    5.541362] random: fast init done
[    5.559672] ftl_cs: FTL header not found.
[    5.564007] fsl_espi ffe110000.spi: at 0x(____ptrval____) (irq = 53)
[    5.570781] Ethernet Channel Bonding Driver: v3.7.1 (April 27, 2011)
[    5.578386] MACsec IEEE 802.1AE
[    5.583183] libphy: Fixed MDIO Bus: probed
[    5.587775] tun: Universal TUN/TAP device driver, 1.6
[    5.593065] Atheros(R) L2 Ethernet Driver - version 2.2.3
[    5.598470] Copyright (c) 2007 Atheros Corporation.
[    5.603939] cnic: QLogic cnicDriver v2.5.22 (July 20, 2015)
[    5.609584] bnx2x: QLogic 5771x/578xx 10/20-Gigabit Ethernet Driver bnx2x 1.712.30-0 (2014/02/10)
[    5.618807] bna: QLogic BR-series 10G Ethernet driver - version: 3.2.25.1
[    5.625669] enic: Cisco VIC Ethernet NIC Driver, ver 2.3.0.53
[    5.631994] libphy: Freescale XGMAC MDIO Bus: probed
[    5.637608] libphy: Freescale XGMAC MDIO Bus: probed
[    5.646090] libphy: Freescale XGMAC MDIO Bus: probed
[    5.651142] libphy: Freescale XGMAC MDIO Bus: probed
[    5.656194] libphy: Freescale XGMAC MDIO Bus: probed
[    5.661252] libphy: Freescale XGMAC MDIO Bus: probed
[    5.666302] libphy: Freescale XGMAC MDIO Bus: probed
[    5.671354] libphy: Freescale XGMAC MDIO Bus: probed
[    5.676407] libphy: Freescale XGMAC MDIO Bus: probed
[    5.681459] libphy: Freescale XGMAC MDIO Bus: probed
[    5.694781] fsl_dpaa_mac ffe4e0000.ethernet: of_get_mac_address(/soc@ffe000000/fman@400000/ethernet@e0000) failed
[    5.705063] fsl_dpaa_mac: probe of ffe4e0000.ethernet failed with error -22
[    5.712076] fsl_dpaa_mac ffe4e2000.ethernet: of_get_mac_address(/soc@ffe000000/fman@400000/ethernet@e2000) failed
[    5.722356] fsl_dpaa_mac: probe of ffe4e2000.ethernet failed with error -22
[    5.729369] fsl_dpaa_mac ffe4e4000.ethernet: of_count_phandle_with_args(/soc@ffe000000/fman@400000/ethernet@e4000, fsl,fman-ports) failed
[    5.741734] fsl_dpaa_mac: probe of ffe4e4000.ethernet failed with error -2
[    5.748663] fsl_dpaa_mac ffe4e6000.ethernet: of_count_phandle_with_args(/soc@ffe000000/fman@400000/ethernet@e6000, fsl,fman-ports) failed
[    5.761029] fsl_dpaa_mac: probe of ffe4e6000.ethernet failed with error -2
[    5.767960] fsl_dpaa_mac ffe4f0000.ethernet: of_get_mac_address(/soc@ffe000000/fman@400000/ethernet@f0000) failed
[    5.778239] fsl_dpaa_mac: probe of ffe4f0000.ethernet failed with error -22
[    5.785251] fsl_dpaa_mac ffe4f2000.ethernet: of_get_mac_address(/soc@ffe000000/fman@400000/ethernet@f2000) failed
[    5.795531] fsl_dpaa_mac: probe of ffe4f2000.ethernet failed with error -22
[    5.802691] e100: Intel(R) PRO/100 Network Driver, 3.5.24-k2-NAPI
[    5.808789] e100: Copyright(c) 1999-2006 Intel Corporation
[    5.814321] e1000: Intel(R) PRO/1000 Network Driver - version 7.3.21-k8-NAPI
[    5.821375] e1000: Copyright (c) 1999-2006 Intel Corporation.
[    5.827153] e1000e: Intel(R) PRO/1000 Network Driver - 3.2.6-k
[    5.832990] e1000e: Copyright(c) 1999 - 2015 Intel Corporation.
[    5.838949] igb: Intel(R) Gigabit Ethernet Network Driver - version 5.4.0-k
[    5.845915] igb: Copyright (c) 2007-2014 Intel Corporation.
[    5.851526] igbvf: Intel(R) Gigabit Virtual Function Network Driver - version 2.4.0-k
[    5.859362] igbvf: Copyright (c) 2009 - 2012 Intel Corporation.
[    5.865312] ixgbe: Intel(R) 10 Gigabit PCI Express Network Driver - version 5.1.0-k
[    5.872975] ixgbe: Copyright (c) 1999-2016 Intel Corporation.
[    5.878830] ixgbevf: Intel(R) 10 Gigabit PCI Express Virtual Function Network Driver - version 4.1.0-k
[    5.888147] ixgbevf: Copyright (c) 2009 - 2015 Intel Corporation.
[    5.894315] i40e: Intel(R) Ethernet Connection XL710 Network Driver - version 2.3.2-k
[    5.902154] i40e: Copyright (c) 2013 - 2014 Intel Corporation.
[    5.908097] ixgb: Intel(R) PRO/10GbE Network Driver - version 1.0.135-k2-NAPI
[    5.915239] ixgb: Copyright (c) 1999-2008 Intel Corporation.
[    5.920930] i40evf: Intel(R) 40-10 Gigabit Virtual Function Network Driver - version 3.2.2-k
[    5.929375] Copyright (c) 2013 - 2015 Intel Corporation.
[    5.933536] ata1: Signature Update detected @ 507 msecs
[    5.934765] Intel(R) Ethernet Switch Host Interface Driver - version 0.23.4-k
[    5.940275] ata2: No Device OR PHYRDY change,Hstatus = 0xa0000000
[    5.947057] Copyright(c) 2013 - 2018 Intel Corporation.
[    5.947153] ice: Intel(R) Ethernet Connection E800 Series Linux Driver - version ice-0.7.0-k
[    5.953163] ata2: SATA link down (SStatus 10 SControl 300)
[    5.958385] ice: Copyright (c) 2018, Intel Corporation.
[    5.977606] jme: JMicron JMC2XX ethernet driver version 1.0.8
[    5.983599] sky2: driver version 1.30
[    5.987393] PPP generic driver version 2.4.2
[    5.991766] PPP BSD Compression module registered
[    5.996475] PPP Deflate Compression module registered
[    6.001544] PPP MPPE Compression module registered
[    6.006338] NET: Registered protocol family 24
[    6.010852] usbcore: registered new interface driver ath9k_htc
[    6.016753] Loaded prism54 driver, version 1.2
[    6.021301] usbcore: registered new interface driver zd1211rw
[    6.027079] usbcore: registered new interface driver zd1201
[    6.032660] VMware vmxnet3 virtual NIC driver - version 1.4.16.0-k-NAPI
[    6.039329] usbcore: registered new interface driver catc
[    6.044753] usbcore: registered new interface driver kaweth
[    6.050328] pegasus: v0.9.3 (2013/04/25), Pegasus/Pegasus II USB Ethernet driver
[    6.057751] usbcore: registered new interface driver pegasus
[    6.063436] usbcore: registered new interface driver rtl8150
[    6.069123] usbcore: registered new interface driver r8152
[    6.074634] usbcore: registered new interface driver lan78xx
[    6.080320] usbcore: registered new interface driver cdc_subset
[    6.086553] ehci_hcd: USB 2.0 'Enhanced' Host Controller (EHCI) Driver
[    6.093216] ehci-pci: EHCI PCI platform driver
[    6.093538] ata1: SATA link up 1.5 Gbps (SStatus 113 SControl 300)
[    6.097692] ehci-platform: EHCI generic platform driver
[    6.104900] ata1.00: CFA: SDCFXS-032G, HDX12.03, max UDMA7
[    6.110117] ehci-fsl: Freescale EHCI Host controller driver
[    6.114568] ata1.00: 62537328 sectors, multi 0: LBA48
[    6.120223] fsl-ehci fsl-ehci.0: Freescale On-Chip EHCI Host Controller
[    6.125282] ata1.00: applying bridge limits
[    6.131906] fsl-ehci fsl-ehci.0: new USB bus registered, assigned bus number 1
[    6.136623] ata1.00: configured for UDMA/100
[    6.147891] scsi 0:0:0:0: Direct-Access     ATA      SDCFXS-032G      2.03 PQ: 0 ANSI: 5
[    6.153228] fsl-ehci fsl-ehci.0: irq 44, io mem 0xffe210000
[    6.156470] sd 0:0:0:0: [sda] 62537328 512-byte logical blocks: (32.0 GB/29.8 GiB)
[    6.168536] fsl-ehci fsl-ehci.0: USB 2.0 started, EHCI 1.00
[    6.169229] sd 0:0:0:0: [sda] Write Protect is off
[    6.174812] usb usb1: New USB device found, idVendor=1d6b, idProduct=0002, bcdDevice= 4.19
[    6.187770] usb usb1: New USB device strings: Mfr=3, Product=2, SerialNumber=1
[    6.187811] sd 0:0:0:0: [sda] Write cache: disabled, read cache: enabled, doesn't support DPO or FUA
[    6.194999] usb usb1: Product: Freescale On-Chip EHCI Host Controller
[    6.205846] sd 0:0:0:0: [sda] Attached SCSI removable disk
[    6.210579] usb usb1: Manufacturer: Linux 4.19.8 ehci_hcd
[    6.221464] usb usb1: SerialNumber: fsl-ehci.0
[    6.226126] hub 1-0:1.0: USB hub found
[    6.229892] hub 1-0:1.0: 1 port detected
[    6.234043] fsl-ehci fsl-ehci.1: Freescale On-Chip EHCI Host Controller
[    6.240672] fsl-ehci fsl-ehci.1: new USB bus registered, assigned bus number 2
[    6.257804] fsl-ehci fsl-ehci.1: irq 45, io mem 0xffe211000
[    6.269535] fsl-ehci fsl-ehci.1: USB 2.0 started, EHCI 1.00
[    6.275195] usb usb2: New USB device found, idVendor=1d6b, idProduct=0002, bcdDevice= 4.19
[    6.283472] usb usb2: New USB device strings: Mfr=3, Product=2, SerialNumber=1
[    6.290700] usb usb2: Product: Freescale On-Chip EHCI Host Controller
[    6.297144] usb usb2: Manufacturer: Linux 4.19.8 ehci_hcd
[    6.302546] usb usb2: SerialNumber: fsl-ehci.1
[    6.307174] hub 2-0:1.0: USB hub found
[    6.310938] hub 2-0:1.0: 1 port detected
[    6.315120] usbcore: registered new interface driver usb-storage
[    6.321682] mousedev: PS/2 mouse device common for all mice
[    6.327736] i2c /dev entries driver
[    6.332047] mpc-i2c ffe118000.i2c: timeout 1000000 us
[    6.338743] rtc-ds1307 9-0068: SET TIME!
[    6.348866] rtc-ds1307 9-0068: registered as rtc0
[    6.354323] at24 9-0050: 32768 byte 24c256 EEPROM, writable, 1 bytes/write
[    6.361285] mpc-i2c ffe118100.i2c: timeout 1000000 us
[    6.366741] mpc-i2c ffe119000.i2c: timeout 1000000 us
[    6.371961] mpc-i2c ffe119100.i2c: timeout 1000000 us
[    6.377988] i2c i2c-10: Added multiplexed i2c bus 13
[    6.383068] i2c i2c-10: Added multiplexed i2c bus 14
[    6.388149] i2c i2c-10: Added multiplexed i2c bus 15
[    6.393231] i2c i2c-10: Added multiplexed i2c bus 16
[    6.398203] pca954x 10-0077: registered 4 multiplexed busses for I2C switch pca9546
[    6.407108] booke_wdt: powerpc book-e watchdog driver loaded
[    6.413307] device-mapper: uevent: version 1.0.3
[    6.418067] device-mapper: ioctl: 4.39.0-ioctl (2018-04-03) initialised: dm-devel@redhat.com
[    6.426523] Freescale(R) MPC85xx EDAC driver, (C) 2006 Montavista Software
[    6.434339] EDAC MC0: Giving out device to module fsl_ddr_edac controller fsl_mc_err: DEV fsl_mc_err (INTERRUPT)
[    6.444552] fsl_ddr_edac acquired irq 490 for MC
[    6.449174] fsl_ddr_edac MC err registered
[    6.454490] EDAC PCI0: Giving out device to module MPC85xx_edac controller mpc85xx_pci_err: DEV mpc85xx-pci-edac.0.auto (INTERRUPT)
[    6.466342] MPC85xx_edac acquired irq 21 for PCI Err
[    6.471310] MPC85xx_edac PCI err registered
[    6.475542] EDAC PCI1: Giving out device to module MPC85xx_edac controller mpc85xx_pci_err: DEV mpc85xx-pci-edac.1.auto (INTERRUPT)
[    6.487388] MPC85xx_edac acquired irq 23 for PCI Err
[    6.492356] MPC85xx_edac PCI err registered
[    6.497439] sdhci: Secure Digital Host Controller Interface driver
[    6.503624] sdhci: Copyright(c) Pierre Ossman
[    6.508052] sdhci-pltfm: SDHCI platform and OF driver helper
[    6.539589] mmc0: SDHCI controller on ffe114000.sdhc [ffe114000.sdhc] using ADMA 64-bit
[    6.547986] ledtrig-cpu: registered to indicate activity on CPUs
[    6.554463] iommu: Adding device ffe301000.jr to group 39
[    6.560156] iommu: Adding device ffe302000.jr to group 41
[    6.565787] iommu: Adding device ffe303000.jr to group 42
[    6.566535] usb 1-1: new high-speed USB device number 2 using fsl-ehci
[    6.571419] iommu: Adding device ffe304000.jr to group 43
[    6.583656] platform caam_qi: Linux CAAM Queue I/F driver initialised
[    6.590113] caam ffe300000.crypto: Instantiated RNG4 SH1
[    6.595431] caam ffe300000.crypto: device ID = 0x0a13020000000000 (Era 6)
[    6.597090] mmc0: new high speed SDHC card at address e624
[    6.602227] caam ffe300000.crypto: job rings = 4, qi = 1
[    6.608041] mmcblk0: mmc0:e624 SU16G 14.8 GiB
[    6.617385] caam algorithms registered in /proc/crypto
[    6.620423]  mmcblk0: p1
[    6.625590] platform caam_qi: algorithms registered in /proc/crypto
[    6.633560] caam_jr ffe301000.jr: registering rng-caam
[    6.638874] caam ffe300000.crypto: caam pkc algorithms registered in /proc/crypto
[    6.646421] hidraw: raw HID events driver (C) Jiri Kosina
[    6.647539] usb 2-1: new high-speed USB device number 2 using fsl-ehci
[    6.651934] usbcore: registered new interface driver usbhid
[    6.663932] usbhid: USB HID core driver
[    6.667997] NET: Registered protocol family 40
[    6.672502] Freescale hypervisor management driver
[    6.677310] fsl-hv: no hypervisor found
[    6.681733] ipip: IPv4 and MPLS over IPv4 tunneling driver
[    6.687477] gre: GRE over IPv4 demultiplexor driver
[    6.692360] ip_gre: GRE over IPv4 tunneling driver
[    6.697766] Initializing XFRM netlink socket
[    6.702332] NET: Registered protocol family 10
[    6.707373] Segment Routing with IPv6
[    6.711078] mip6: Mobile IPv6
[    6.714229] usb 1-1: New USB device found, idVendor=2109, idProduct=2811, bcdDevice=90.40
[    6.714311] sit: IPv6, IPv4 and MPLS over IPv4 tunneling driver
[    6.722421] usb 1-1: New USB device strings: Mfr=1, Product=2, SerialNumber=0
[    6.728821] NET: Registered protocol family 17
[    6.735480] usb 1-1: Product: USB2.0 Hub
[    6.739930] NET: Registered protocol family 15
[    6.744976] usb 1-1: Manufacturer: VIA Labs, Inc.
[    6.749443] lec:lane_module_init: lec.c: initialized
[    6.755534] hub 1-1:1.0: USB hub found
[    6.759874] mpoa:atm_mpoa_init: mpc.c: initialized
[    6.763849] hub 1-1:1.0: 4 ports detected
[    6.768425] l2tp_core: L2TP core driver, V2.0
[    6.776782] l2tp_netlink: L2TP netlink interface
[    6.781445] sctp: Hash tables configured (bind 256/256)
[    6.786932] NET: Registered protocol family 21
[    6.791485] Registered RDS/tcp transport
[    6.795409] lib80211: common routines for IEEE802.11 drivers
[    6.801079] tipc: Activated (version 2.0.0)
[    6.805286] NET: Registered protocol family 30
[    6.809778] tipc: Started in single node mode
[    6.814148] Key type dns_resolver registered
[    6.818613] batman_adv: B.A.T.M.A.N. advanced 2018.3 (compatibility version 15) loaded
[    6.822932] usb 2-1: New USB device found, idVendor=0bda, idProduct=8152, bcdDevice=20.00
[    6.826541] mpls_gso: MPLS GSO support
[    6.834720] usb 2-1: New USB device strings: Mfr=1, Product=2, SerialNumber=3
[    6.834723] usb 2-1: Product: USB 10/100 LAN
[    6.838668] drmem: No dynamic reconfiguration memory found
[    6.845607] usb 2-1: Manufacturer: Realtek
[    6.850172] registered taskstats version 1
[    6.855379] usb 2-1: SerialNumber: 00145C98FE57
[    6.859466] Loading compiled-in X.509 certificates
[    6.859543] zswap: loaded using pool lzo/zbud
[    6.878002] Btrfs loaded, crc32c=crc32c-generic
[    6.882864] Key type encrypted registered
[    6.887677] gtp: GTP module loaded (pdp ctx size 104 bytes)
[    6.894396] rtc-ds1307 9-0068: setting system clock to 2000-01-01 00:02:33 UTC (946684953)
[    6.902926] cfg80211: Loading compiled-in X.509 certificates for regulatory database
[    6.911262] cfg80211: Loaded X.509 cert 'sforshee: 00b28ddf47aef9cea7'
[    6.917852] platform regulatory.0: Direct firmware load for regulatory.db failed with error -2
[    6.926492] cfg80211: failed to load regulatory.db
[    6.931635] Waiting 5 sec before mounting root device...
[    6.980537] usb 2-1: reset high-speed USB device number 2 using fsl-ehci
[    7.066534] usb 1-1.1: new high-speed USB device number 3 using fsl-ehci
[    7.164103] usb 1-1.1: New USB device found, idVendor=1a40, idProduct=0101, bcdDevice= 1.11
[    7.172472] usb 1-1.1: New USB device strings: Mfr=0, Product=1, SerialNumber=0
[    7.179790] usb 1-1.1: Product: USB 2.0 Hub
[    7.184651] hub 1-1.1:1.0: USB hub found
[    7.188590] r8152 2-1:1.0 eth0: v1.09.9
[    7.192604] hub 1-1.1:1.0: 4 ports detected
[    7.581534] usb 1-1.1.2: new low-speed USB device number 4 using fsl-ehci
[    7.783856] usb 1-1.1.2: New USB device found, idVendor=046d, idProduct=c018, bcdDevice=43.01
[    7.792391] usb 1-1.1.2: New USB device strings: Mfr=1, Product=2, SerialNumber=0
[    7.799880] usb 1-1.1.2: Product: USB Optical Mouse
[    7.804763] usb 1-1.1.2: Manufacturer: Logitech
[    7.811815] input: Logitech USB Optical Mouse as /devices/platform/ffe000000.soc/ffe210000.usb/fsl-ehci.0/usb1/1-1/1-1.1/1-1.1.2/1-1.1.2:1.0/0003:046D:C018.0001/input/input0
[    7.827510] hid-generic 0003:046D:C018.0001: input,hidraw0: USB HID v1.11 Mouse [Logitech USB Optical Mouse] on usb-fsl-ehci.0-1.1.2/input0
[    8.021534] usb 1-1.1.3: new low-speed USB device number 5 using fsl-ehci
[    8.224985] usb 1-1.1.3: New USB device found, idVendor=046d, idProduct=c31c, bcdDevice=64.00
[    8.233524] usb 1-1.1.3: New USB device strings: Mfr=1, Product=2, SerialNumber=0
[    8.241013] usb 1-1.1.3: Product: USB Keyboard
[    8.245460] usb 1-1.1.3: Manufacturer: Logitech
[    8.255140] input: Logitech USB Keyboard as /devices/platform/ffe000000.soc/ffe210000.usb/fsl-ehci.0/usb1/1-1/1-1.1/1-1.1.3/1-1.1.3:1.0/0003:046D:C31C.0002/input/input1
[    8.321901] hid-generic 0003:046D:C31C.0002: input,hidraw1: USB HID v1.10 Keyboard [Logitech USB Keyboard] on usb-fsl-ehci.0-1.1.3/input0
[    8.340044] input: Logitech USB Keyboard Consumer Control as /devices/platform/ffe000000.soc/ffe210000.usb/fsl-ehci.0/usb1/1-1/1-1.1/1-1.1.3/1-1.1.3:1.1/0003:046D:C31C.0003/input/input2
[    8.408654] input: Logitech USB Keyboard System Control as /devices/platform/ffe000000.soc/ffe210000.usb/fsl-ehci.0/usb1/1-1/1-1.1/1-1.1.3/1-1.1.3:1.1/0003:046D:C31C.0003/input/input3
[    8.425136] hid-generic 0003:046D:C31C.0003: input,hidraw2: USB HID v1.10 Device [Logitech USB Keyboard] on usb-fsl-ehci.0-1.1.3/input1
[   11.949552] md: Waiting for all devices to be available before autodetect
[   11.956352] md: If you don't use raid, use raid=noautodetect
[   11.962331] md: Autodetecting RAID arrays.
[   11.966442] md: autorun ...
[   11.969237] md: ... autorun DONE.
[   11.987900] EXT4-fs (sda): mounted filesystem with ordered data mode. Opts: (null)
[   11.995491] VFS: Mounted root (ext4 filesystem) on device 8:0.
[   12.002433] devtmpfs: mounted
[   12.005975] Freeing unused kernel memory: 888K
[   12.010424] This architecture does not have kernel memory protection.
[   12.016873] Run /sbin/init as init process
[   12.218483] systemd[1]: System time before build time, advancing clock.
[   12.300816] systemd[1]: systemd 239 running in system mode. (+PAM +AUDIT +SELINUX +IMA +APPARMOR +SMACK +SYSVINIT +UTMP +LIBCRYPTSETUP +GCRYPT +GNUTLS +ACL +XZ +LZ4 +SECCOMP +BLKID +ELFUTILS +KMOD -IDN2 +IDN -PCRE2 default-hierarchy=hybrid)
[   12.322317] systemd[1]: Detected architecture ppc64.

Welcome to Fienix!

[   12.340023] systemd[1]: Set hostname to <Fienix>.
[   12.628442] random: systemd: uninitialized urandom read (16 bytes read)
[   12.635248] systemd[1]: Started Forward Password Requests to Wall Directory Watch.
[  OK  ] Started Forward Password Requests to Wall Directory Watch.
[   12.652582] random: systemd: uninitialized urandom read (16 bytes read)
[   12.659329] systemd[1]: Listening on initctl Compatibility Named Pipe.
[  OK  ] Listening on initctl Compatibility Named Pipe.
[   12.674570] random: systemd: uninitialized urandom read (16 bytes read)
[   12.681215] systemd[1]: Reached target User and Group Name Lookups.
[  OK  ] Reached target User and Group Name Lookups.
[   12.695758] systemd[1]: Listening on udev Control Socket.
[  OK  ] Listening on udev Control Socket.
[   12.708808] systemd[1]: Listening on Journal Audit Socket.
[  OK  ] Listening on Journal Audit Socket.
[   12.722383] systemd[1]: Listening on Syslog Socket.
[  OK  ] Listening on Syslog Socket.
[   12.736131] systemd[1]: Created slice system-getty.slice.
[  OK  ] Created slice system-getty.slice.
[  OK  ] Listening on Journal Socket (/dev/log).
[  OK  ] Listening on fsck to fsckd communication Socket.
[  OK  ] Created slice system-serial\x2dgetty.slice.
[  OK  ] Set up automount Arbitrary Executabâ¦rmats File System Automount Point.
[  OK  ] Started Dispatch Password Requests to Console Directory Watch.
[  OK  ] Reached target Local Encrypted Volumes.
[  OK  ] Listening on RPCbind Server Activation Socket.
[  OK  ] Listening on Journal Socket.
         Starting Create list of required stâ¦ce nodes for the current kernel...
         Mounting POSIX Message Queue File System...
         Mounting Huge Pages File System...
         Mounting RPC Pipe File System...
         Starting Remount Root and Kernel File Systems...
         Starting Set the console keyboard layout...
         Starting Journal Service...
[  OK  ] Listening on udev Kernel Socket.
         Starting udev Coldplug all Devices...
[  OK  ] Created slice User and Session Slice.
[  OK  ] Reached target Slices.
         Mounting Kernel Debug File System...
         Starting Load Kernel Modules...
[   12.942087] random: crng init done
[   12.945507] random: 7 urandom warning(s) missed due to ratelimiting
[  OK  ] Reached target Swap.
[  OK  ] Started Create list of required staâ¦vice nodes for the current kernel.
[  OK  ] Mounted POSIX Message Queue File System.
[  OK  ] Mounted Huge Pages File System.
[  OK  ] Mounted RPC Pipe File System.
[  OK  ] Mounted Kernel Debug File System.
[FAILED] Failed to start Load Kernel Modules.
See 'systemctl status systemd-modules-load.service' for details.
         Starting Apply Kernel Variables...
         Mounting Kernel Configuration File System...
[  OK  ] Started Apply Kernel Variables.
[  OK  ] Mounted Kernel Configuration File System.
[  OK  ] Started Journal Service.
[  OK  ] Started Set the console keyboard layout.
[  OK  ] Started udev Coldplug all Devices.
         Starting Helper to synchronize boot up for ifupdown...
[  OK  ] Started Helper to synchronize boot up for ifupdown.
[   14.518695] EXT4-fs (sda): re-mounted. Opts: errors=remount-ro
[  OK  ] Started Remount Root and Kernel File Systems.
         Starting Load/Save Random Seed...
         Starting Flush Journal to Persistent Storage...
         Starting Create System Users...
[  OK  ] Started Load/Save Random Seed.
[   14.582336] systemd-journald[2793]: Received request to flush runtime journal from PID 1
[  OK  ] Started Flush Journal to Persistent Storage.
[  OK  ] Started Create System Users.
         Starting Create Static Device Nodes in /dev...
[  OK  ] Started Create Static Device Nodes in /dev.
         Starting udev Kernel Device Manager...
[  OK  ] Reached target Local File Systems (Pre).
[  OK  ] Reached target Local File Systems.
         Starting Create Volatile Files and Directories...
         Starting Preprocess NFS configuration...
         Starting Raise network interfaces...
         Starting Set console font and keymap...
[  OK  ] Started Create Volatile Files and Directories.
         Starting Network Time Synchronization...
         Starting Update UTMP about System Boot/Shutdown...
         Starting RPC bind portmap service...
[  OK  ] Started Preprocess NFS configuration.
[  OK  ] Started Set console font and keymap.
[  OK  ] Reached target NFS client services.
[  OK  ] Started Update UTMP about System Boot/Shutdown.
[  OK  ] Started RPC bind portmap service.
[  OK  ] Reached target Remote File Systems (Pre).
[  OK  ] Reached target Remote File Systems.
[  OK  ] Reached target RPC Port Mapper.
[  OK  ] Started udev Kernel Device Manager.
[  OK  ] Started Network Time Synchronization.
[  OK  ] Reached target System Time Synchronized.
[  OK  ] Reached target System Initialization.
[  OK  ] Started Daily apt download activities.
[  OK  ] Started CUPS Scheduler.
[  OK  ] Reached target Paths.
[  OK  ] Started Daily Cleanup of Temporary Directories.
[  OK  ] Started Trigger anacron every hour.
[  OK  ] Started Daily apt upgrade and clean activities.
[  OK  ] Listening on CUPS Scheduler.
[  OK  ] Listening on D-Bus System Message Bus Socket.
[  OK  ] Started Daily rotation of log files.
[  OK  ] Reached target Timers.
[  OK  ] Listening on Avahi mDNS/DNS-SD Stack Activation Socket.
[  OK  ] Reached target Sockets.
[  OK  ] Reached target Basic System.
         Starting Avahi mDNS/DNS-SD Stack...
         Starting Initialize hardware monitoring sensors...
[  OK  ] Started Run anacron jobs.
         Starting System Logging Service...
[  OK  ] Started CUPS Scheduler.
[  OK  ] Started D-Bus System Message Bus.
[   15.187340] sd 0:0:0:0: Attached scsi generic sg0 type 0
         Starting Network Manager...
         Starting Login Service...
[  OK  ] Started Regular background program processing daemon.
         Starting Deferred execution scheduler...
         Starting Restore /etc/resolv.conf iâ¦fore the ppp link was shut down...
         Starting Modem Manager...
         Starting Disk Manager...
         Starting LSB: Load kernel modules needed to enable cpufreq scaling...
         Starting Accounts Service...
         Starting WPA supplicant...
[  OK  ] Started System Logging Service.
[  OK  ] Started Initialize hardware monitoring sensors.
[  OK  ] Found device /dev/ttyS0.
[  OK  ] Started Deferred execution scheduler.
[  OK  ] Started Restore /etc/resolv.conf ifâ¦before the ppp link was shut down.
[  OK  ] Started Raise network interfaces.
[   15.976798] r8152 2-1:1.0 enx00145c98fe57: renamed from eth0
[   16.489816] snd_hda_intel 0001:01:00.1: Force to snoop mode by module option
[   16.529940] input: HDA ATI HDMI HDMI/DP,pcm=3 as /devices/platform/ffe270000.pcie/pci0001:00/0001:00:00.0/0001:01:00.1/sound/card0/input4
[  OK  ] Started LSB: Load kernel modules needed to enable cpufreq scaling.
[  OK  ] Started Network Manager.
         Starting Hostname Service...
         Starting Network Manager Wait Online...
         Starting Authorization Manager...
[  OK  ] Reached target Sound Card.
[  OK  ] Created slice system-zram\x2dsetup.slice.
         Starting Setup zram based device zram0...
         Starting LSB: set CPUFreq kernel parameters...
[  OK  ] Listening on Load/Save RF Kill Switch Status /dev/rfkill Watch.
[  OK  ] Started Authorization Manager.
[  OK  ] Started Setup zram based device zram0.
[  OK  ] Started Accounts Service.
[  OK  ] Started Login Service.
[  OK  ] Started WPA supplicant.
[  OK  ] Started Avahi mDNS/DNS-SD Stack.
[  OK  ] Started Modem Manager.
[  OK  ] Started Hostname Service.
[  OK  ] Started Make remote CUPS printers available locally.
[  OK  ] Reached target Network.
         Starting Permit User Sessions...
[  OK  ] Started LSB: set CPUFreq kernel parameters.
[  OK  ] Started Permit User Sessions.
         Starting Light Display Manager...
         Starting Network Manager Script Dispatcher Service...
[  OK  ] Started Network Manager Script Dispatcher Service.
[  OK  ] Started Light Display Manager.
[  OK  ] Started Disk Manager.
[   19.260420] IPv6: ADDRCONF(NETDEV_UP): enx00145c98fe57: link is not ready
[   19.293846] IPv6: ADDRCONF(NETDEV_UP): enx00145c98fe57: link is not ready
[   19.323039] IPv6: ADDRCONF(NETDEV_CHANGE): enx00145c98fe57: link becomes ready
[   19.330872] r8152 2-1:1.0 enx00145c98fe57: carrier on
[   20.112547] radeon_dp_aux_transfer_native: 90 callbacks suppressed
[  OK  ] Created slice User Slice of UID 117.
[  OK  ] Created slice system-user\x2druntime\x2ddir.slice.
[  OK  ] Started /run/user/117 mount wrapper.
         Starting User Manager for UID 117...
[  OK  ] Started Session c1 of user lightdm.
[  OK  ] Started User Manager for UID 117.
[  OK  ] Started Network Manager Wait Online.
[  OK  ] Reached target Network is Online.
         Starting LSB: disk temperature monitoring daemon...
         Starting LSB: exim Mail Transport Agent...
         Starting /etc/rc.local Compatibility...
[  OK  ] Started /etc/rc.local Compatibility.
[  OK  ] Started Getty on tty1.
[  OK  ] Started Serial Getty on ttyS0.
[  OK  ] Reached target Login Prompts.
[  OK  ] Started LSB: disk temperature monitoring daemon.
[  OK  ] Started LSB: exim Mail Transport Agent.
[  OK  ] Reached target Multi-User System.
[  OK  ] Reached target Graphical Interface.
         Starting Update UTMP about System Runlevel Changes...
[  OK  ] Started Update UTMP about System Runlevel Changes.

Fienix Fienix ttyS0

Fienix login: 