$ qemu-system-ppc64 -M ppce500 -cpu e6500 -m 256M -vga none -nographic -kernel uImage -append "rw root=/dev/vda" -drive format=raw,file=hdd_debian_sid_ppc64.img,index=0,if=virtio

MMU: Supported page sizes                                                                                          
         4 KB as direct                                                                                            
      2048 KB as direct                                                                                             
      4096 KB as direct                                                                                             
     16384 KB as direct                                                                                              
     65536 KB as direct                                                                                              
    262144 KB as direct                                                                                              
   1048576 KB as direct                                                                                               
MMU: Book3E HW tablewalk not supported                                                                                 
Linux version 5.12.3_E6500 (ppc64@t2080rdb) (gcc (Debian 10.2.1-6) 10.2.1 20210110, GNU ld (GNU Binutils for Debian) 2.35.2) #2 SMP PREEMPT Sat May 15 10:29:59 CEST 2021
Using QEMU e500 machine description                                                                                      
ioremap() called early from .find_legacy_serial_ports+0x1b4/0x700. Use early_ioremap() instead                           
printk: bootconsole [udbg0] enabled                                                                                       
CPU maps initialized for 1 thread per core                                                                                
-----------------------------------------------------                                                                     
phys_mem_size     = 0x10000000                                                                                            
dcache_bsize      = 0x20                                                                                                 
icache_bsize      = 0x20                                                                                                 
cpu_features      = 0x0000000300800396                                                                                     
  possible        = 0x0000000300900396                                                                                       
  always          = 0x0000000300800394                                                                                        
cpu_user_features = 0xdc008000 0x08000000                                                                                         
mmu_features      = 0x000a0010                                                                                                          
firmware_features = 0x0000000000000000                                                                                                     
-----------------------------------------------------                                                                                           
qemu_e500_setup_arch()                                                                                                                                           
barrier-nospec: using isync; sync as speculation barrier
Zone ranges:
  DMA      [mem 0x0000000000000000-0x000000000fffffff]
  Normal   empty
Movable zone start for each node
Early memory node ranges
  node   0: [mem 0x0000000000000000-0x000000000fffffff]
Initmem setup node 0 [mem 0x0000000000000000-0x000000000fffffff]
MMU: Allocated 2112 bytes of context maps for 255 contexts
percpu: Embedded 21 pages/cpu s46544 r0 d39472 u1048576
Built 1 zonelists, mobility grouping on.  Total pages: 64640
Kernel command line: rw root=/dev/vda
Dentry cache hash table entries: 32768 (order: 6, 262144 bytes, linear)
Inode-cache hash table entries: 16384 (order: 5, 131072 bytes, linear)
mem auto-init: stack:off, heap alloc:off, heap free:off
Memory: 162992K/262144K available (13052K kernel code, 2736K rwdata, 10820K rodata, 440K init, 718K bss, 99152K reserved, 0K cma-reserved)
SLUB: HWalign=64, Order=0-3, MinObjects=0, CPUs=1, Nodes=1
rcu: Preemptible hierarchical RCU implementation.
rcu:    RCU restricting CPUs from NR_CPUS=8 to nr_cpu_ids=1.
        Trampoline variant of Tasks RCU enabled.
rcu: RCU calculated value of scheduler-enlistment delay is 100 jiffies.
rcu: Adjusting geometry for rcu_fanout_leaf=16, nr_cpu_ids=1
NR_IRQS: 512, nr_irqs: 512, preallocated irqs: 16
mpic: Setting up MPIC " OpenPIC  " version 1.2 at fe0040000, max 1 CPUs
mpic: ISU size: 256, shift: 8, mask: ff
mpic: Initializing for 256 sources
random: get_random_u64 called from .start_kernel+0x734/0x978 with crng_init=0
clocksource: timebase: mask: 0xffffffffffffffff max_cycles: 0x5c4093a7d1, max_idle_ns: 440795210635 ns
clocksource: timebase mult[2800000] shift[24] registered
Console: colour dummy device 80x25
pid_max: default: 32768 minimum: 301
Mount-cache hash table entries: 512 (order: 0, 4096 bytes, linear)
Mountpoint-cache hash table entries: 512 (order: 0, 4096 bytes, linear)
e6500 family performance monitor hardware support registered
rcu: Hierarchical SRCU implementation.
smp: Bringing up secondary CPUs ...
smp: Brought up 1 node, 1 CPU
devtmpfs: initialized
clocksource: jiffies: mask: 0xffffffff max_cycles: 0xffffffff, max_idle_ns: 1911260446275000 ns
futex hash table entries: 256 (order: 2, 16384 bytes, linear)
NET: Registered protocol family 16
thermal_sys: Registered thermal governor 'step_wise'
cpuidle: using governor ladder
cpuidle: using governor menu
Found FSL PCI host bridge at 0x0000000fe0008000. Firmware bus number: 0->255
PCI host bridge /pci@fe0008000 (primary) ranges:
 MEM 0x0000000c00000000..0x0000000c1fffffff -> 0x00000000e0000000 
  IO 0x0000000fe1000000..0x0000000fe100ffff -> 0x0000000000000000
/pci@fe0008000: PCICSRBAR @ 0xdff00000
setup_pci_atmu: end of DRAM 10000000
Machine: QEMU ppce500
SoC family: QorIQ
SoC ID: svr:0x00000000, Revision: 0.0
fsl-pamu: fsl_pamu_init: could not find a PAMU node
PCI: Probing PCI hardware
fsl-pci fe0008000.pci: PCI host bridge to bus 8000:00
pci_bus 8000:00: root bus resource [io  0x8000080000010000-0x800008000001ffff] (bus address [0x0000-0xffff])
pci_bus 8000:00: root bus resource [mem 0xc00000000-0xc1fffffff] (bus address [0xe0000000-0xffffffff])
pci_bus 8000:00: root bus resource [bus 00-ff]
pci_bus 8000:00: busn_res: [bus 00-ff] end is updated to ff
pci 8000:00:00.0: [1957:0030] type 00 class 0x0b2000
pci 8000:00:00.0: reg 0x10: [mem 0xdff00000-0xdfffffff]
pci 8000:00:01.0: [1af4:1000] type 00 class 0x020000
pci 8000:00:01.0: reg 0x10: [io  0x8000080000010000-0x800008000001001f]
pci 8000:00:01.0: reg 0x14: [mem 0x00000000-0x00000fff]
pci 8000:00:01.0: reg 0x20: [mem 0x00000000-0x00003fff 64bit pref]
pci 8000:00:01.0: reg 0x30: [mem 0x00000000-0x0003ffff pref]
pci 8000:00:02.0: [1af4:1001] type 00 class 0x010000
pci 8000:00:02.0: reg 0x10: [io  0x8000080000010000-0x800008000001007f]
pci 8000:00:02.0: reg 0x14: [mem 0x00000000-0x00000fff]
pci 8000:00:02.0: reg 0x20: [mem 0x00000000-0x00003fff 64bit pref]
pci_bus 8000:00: busn_res: [bus 00-ff] end is updated to 00
pci 8000:00:01.0: BAR 6: assigned [mem 0xc00000000-0xc0003ffff pref]
pci 8000:00:01.0: BAR 4: assigned [mem 0xc00040000-0xc00043fff 64bit pref]
pci 8000:00:02.0: BAR 4: assigned [mem 0xc00044000-0xc00047fff 64bit pref]
pci 8000:00:01.0: BAR 1: assigned [mem 0xc00048000-0xc00048fff]
pci 8000:00:02.0: BAR 1: assigned [mem 0xc00049000-0xc00049fff]
pci 8000:00:02.0: BAR 0: assigned [io  0x8000080000010000-0x800008000001007f]
pci 8000:00:01.0: BAR 0: assigned [io  0x8000080000010080-0x800008000001009f]
pci_bus 8000:00: resource 4 [io  0x8000080000010000-0x800008000001ffff]
pci_bus 8000:00: resource 5 [mem 0xc00000000-0xc1fffffff]
raid6: altivecx8 gen()  1015 MB/s
raid6: altivecx4 gen()  1066 MB/s
raid6: altivecx2 gen()   900 MB/s
raid6: altivecx1 gen()   692 MB/s
raid6: int64x8  gen()   540 MB/s
raid6: int64x8  xor()   318 MB/s
raid6: int64x4  gen()   631 MB/s
raid6: int64x4  xor()   403 MB/s
raid6: int64x2  gen()   947 MB/s
raid6: int64x2  xor()   966 MB/s
raid6: int64x1  gen()  1208 MB/s
raid6: int64x1  xor()   700 MB/s
raid6: using algorithm int64x1 gen() 1208 MB/s
raid6: .... xor() 700 MB/s, rmw enabled
raid6: using intx1 recovery algorithm
Freescale Elo series DMA driver
iommu: Default domain type: Passthrough 
vgaarb: loaded
SCSI subsystem initialized
usbcore: registered new interface driver usbfs
usbcore: registered new interface driver hub
usbcore: registered new device driver usb
pps_core: LinuxPPS API ver. 1 registered
pps_core: Software ver. 5.3.6 - Copyright 2005-2007 Rodolfo Giometti <giometti@linux.it>
PTP clock support registered
EDAC MC: Ver: 3.0.0
Advanced Linux Sound Architecture Driver Initialized.
NET: Registered protocol family 8
NET: Registered protocol family 20
clocksource: Switched to clocksource timebase
FS-Cache: Loaded
CacheFiles: Loaded
NET: Registered protocol family 2
tcp_listen_portaddr_hash hash table entries: 256 (order: 0, 4096 bytes, linear)
TCP established hash table entries: 2048 (order: 2, 16384 bytes, linear)
TCP bind hash table entries: 2048 (order: 3, 32768 bytes, linear)
TCP: Hash tables configured (established 2048 bind 2048)
UDP hash table entries: 256 (order: 1, 8192 bytes, linear)
UDP-Lite hash table entries: 256 (order: 1, 8192 bytes, linear)
NET: Registered protocol family 1
RPC: Registered named UNIX socket transport module.
RPC: Registered udp transport module.
RPC: Registered tcp transport module.
RPC: Registered tcp NFSv4.1 backchannel transport module.
PCI: CLS 0 bytes, default 64
Initialise system trusted keyrings
workingset: timestamp_bits=62 max_order=16 bucket_order=0
zbud: loaded
squashfs: version 4.0 (2009/01/31) Phillip Lougher
Key type cifs.idmap registered
ntfs: driver 2.1.32 [Flags: R/W].
jffs2: version 2.2. (NAND) (SUMMARY)  Â© 2001-2006 Red Hat, Inc.
fuse: init (API version 7.33)
NET: Registered protocol family 38
xor: measuring software checksum speed
   8regs           :  2401 MB/sec
   8regs_prefetch  :  1430 MB/sec
   32regs          :  2315 MB/sec
   32regs_prefetch :  1427 MB/sec
   altivec         :  1551 MB/sec
xor: using function: 8regs (2401 MB/sec)
Key type asymmetric registered
Asymmetric key parser 'x509' registered
Block layer SCSI generic (bsg) driver version 0.4 loaded (major 248)
io scheduler mq-deadline registered
io scheduler kyber registered
crc32: CRC_LE_BITS = 64, CRC_BE BITS = 64
crc32: self tests passed, processed 225944 bytes in 486440 nsec
crc32c: CRC_LE_BITS = 64
crc32c: self tests passed, processed 225944 bytes in 252720 nsec
crc32_combine: 8373 self tests passed
crc32c_combine: 8373 self tests passed
virtio-pci 8000:00:01.0: enabling device (0000 -> 0003)
virtio-pci 8000:00:02.0: enabling device (0000 -> 0003)
Serial: 8250/16550 driver, 4 ports, IRQ sharing enabled
printk: console [ttyS0] disabled
serial8250.0: ttyS0 at MMIO 0xfe0004500 (irq = 42, base_baud = 25000000) is a 16550A
printk: console [ttyS0] enabled
printk: console [ttyS0] enabled
printk: bootconsole [udbg0] disabled
printk: bootconsole [udbg0] disabled
ePAPR hypervisor byte channel driver
[drm] radeon kernel modesetting enabled.
brd: module loaded
loop: module loaded
virtio_blk virtio1: [vda] 41943040 512-byte logical blocks (21.5 GB/20.0 GiB)
zram: Added device: zram0
libphy: Fixed MDIO Bus: probed
tun: Universal TUN/TAP device driver, 1.6
e1000: Intel(R) PRO/1000 Network Driver
e1000: Copyright (c) 1999-2006 Intel Corporation.
e1000e: Intel(R) PRO/1000 Network Driver
e1000e: Copyright(c) 1999 - 2015 Intel Corporation.
PPP generic driver version 2.4.2
PPP BSD Compression module registered
PPP Deflate Compression module registered
PPP MPPE Compression module registered
NET: Registered protocol family 24
ehci_hcd: USB 2.0 'Enhanced' Host Controller (EHCI) Driver
ehci-pci: EHCI PCI platform driver
ohci_hcd: USB 1.1 'Open' Host Controller (OHCI) Driver
ohci-pci: OHCI PCI platform driver
ehci-fsl: Freescale EHCI Host controller driver
usbcore: registered new interface driver usblp
usbcore: registered new interface driver usb-storage
usbcore: registered new interface driver usbserial_generic
usbserial: USB Serial support registered for generic
usbcore: registered new interface driver ftdi_sio
usbserial: USB Serial support registered for FTDI USB Serial Device
mousedev: PS/2 mouse device common for all mice
i2c /dev entries driver
mpc-i2c fe0003000.i2c: timeout 1000000 us
rtc-ds1307 0-0068: registered as rtc0
rtc-ds1307 0-0068: setting system clock to 2021-05-15T15:26:51 UTC (1621092411)
sdhci: Secure Digital Host Controller Interface driver
sdhci: Copyright(c) Pierre Ossman
sdhci-pltfm: SDHCI platform and OF driver helper
ledtrig-cpu: registered to indicate activity on CPUs
hid: raw HID events driver (C) Jiri Kosina
usbcore: registered new interface driver usbhid
usbhid: USB HID core driver
Freescale hypervisor management driver
fsl-hv: no hypervisor found
usbcore: registered new interface driver snd-usb-audio
usbcore: registered new interface driver snd-ua101
usbcore: registered new interface driver snd-usb-usx2y
ipip: IPv4 and MPLS over IPv4 tunneling driver
IPv4 over IPsec tunneling driver
Initializing XFRM netlink socket
NET: Registered protocol family 10
Segment Routing with IPv6
mip6: Mobile IPv6
sit: IPv6, IPv4 and MPLS over IPv4 tunneling driver
NET: Registered protocol family 17
NET: Registered protocol family 15
lec:lane_module_init: lec.c: initialized
mpoa:atm_mpoa_init: mpc.c: initialized
l2tp_core: L2TP core driver, V2.0
DCCP: Activated CCID 2 (TCP-like)
DCCP: Activated CCID 3 (TCP-Friendly Rate Control)
sctp: Hash tables configured (bind 256/256)
NET: Registered protocol family 21
Registered RDS/tcp transport
tipc: Activated (version 2.0.0)
NET: Registered protocol family 30
tipc: Started in single node mode
Key type dns_resolver registered
batman_adv: B.A.T.M.A.N. advanced 2021.1 (compatibility version 15) loaded
drmem: No dynamic reconfiguration memory found
Loading compiled-in X.509 certificates
zswap: loaded using pool lzo/zbud
Key type ._fscrypt registered
Key type .fscrypt registered
Key type fscrypt-provisioning registered
Btrfs loaded, crc32c=crc32c-generic, zoned=no
Key type encrypted registered
ALSA device list:
  #0: Virtual MIDI Card 1
EXT4-fs (vda): mounted filesystem with ordered data mode. Opts: (null). Quota mode: disabled.
VFS: Mounted root (ext4 filesystem) on device 254:0.
devtmpfs: mounted
Freeing unused kernel memory: 440K
This architecture does not have kernel memory protection.
Run /sbin/init as init process
qemu: fatal: Raised an exception without defined vector 73

NIP 00003fffb1cb1820   LR 00003fffb1caef3c CTR 00003fffb1caeed0 XER 0000000000000000 CPU#0
MSR 000000008002f002 HID0 0000000000000000  HF 0000000080006000 iidx 0 didx 0
TB 00000000 753264517 DECR 337623
GPR00 0000000000000000 00003fffd0a055c0 00003fffb1cd8e00 00003fffd0a05640
GPR04 0000000000000000 00003fffd0a05780 00003fffd0a05790 7f7f7f7f7f7f7f7f
GPR08 0000000104bdd290 00003fffd0a05630 00003fffd0a058d0 0000000000000000
GPR12 00003fffb1caeed0 0000000000000000 00003fffd0a05980 00003fffd0a05980
GPR16 00003fffb1ccf940 00003fffd0a05980 4f524947494e5f50 00003fffb1ccfeb8
GPR20 00003fffd0a05dc0 00003fffd0a05de8 0000000000000000 0000000104bd78f8
GPR24 0000000104bdd27d 0000000000000001 00003fffb1cd21b8 0000000000000000
GPR28 00003fffd0a05dc0 00003fffb1ccfeb8 0000000000000000 00003fffd0a05de8
CR 28002281  [ E  L  -  -  E  E  L  -O ]             RES ffffffffffffffff
FPR00 0000000000000000 0000000000000000 0000000000000000 0000000000000000
FPR04 0000000000000000 0000000000000000 0000000000000000 0000000000000000
FPR08 0000000000000000 0000000000000000 0000000000000000 0000000000000000
FPR12 0000000000000000 0000000000000000 0000000000000000 0000000000000000
FPR16 0000000000000000 0000000000000000 0000000000000000 0000000000000000
FPR20 0000000000000000 0000000000000000 0000000000000000 0000000000000000
FPR24 0000000000000000 0000000000000000 0000000000000000 0000000000000000
FPR28 0000000000000000 0000000000000000 0000000000000000 0000000000000000
FPSCR 0000000000000000
 SRR0 00003fffb1cb16a4  SRR1 000000008002f002    PVR 0000000080400020 VRSAVE 0000000000000000
SPRG0 0000000000000000 SPRG1 c000000001b1f000  SPRG2 c000000001b1f098  SPRG3 0000000000000000
SPRG4 0000000000000000 SPRG5 0000000000000000  SPRG6 0000000000000000  SPRG7 0000000000000000
CSRR0 0000000000000000 CSRR1 0000000000000000 MCSRR0 0000000000000000 MCSRR1 0000000000000000
  TCR 0000000004000000   TSR 0000000000000000    ESR 0000000000000000   DEAR 00003fffb1c8dd90
  PIR 0000000000000000 DECAR 0000000000000000   IVPR c000000000010000   EPCR 0000000003000000
 MCSR 0000000000000000 SPRG8 0000000000000000    EPR 00000000000000e0
 MCAR 0000000000000000  PID1 0000000000000000   PID2 0000000000000000    SVR 0000000000000000
 MAS0 0000000000000001  MAS1 0000000080010100   MAS2 00003fffb1c8d004   MAS3 000000000fbf0023
 MAS4 0000000000000104  MAS6 0000000000010000   MAS7 0000000000000000    PID 0000000000000001
MMUCFG 0000000006510b45 TLB0CFG 0000000008052400 TLB1CFG 0000000040028040
Aborted (core dumped)
