SD boot...
Initializing....using SPD
2 GiB left unmapped
U-Boot 2016.092.0+ga06b209 (Jul 12 2018 - 23:44:34 +0200)
CPU0:  T2080E, Version: 1.1, (0x85380011)
Core:  e6500, Version: 2.0, (0x80400120)
Clock Configuration:
       CPU0:1799.820 MHz, CPU1:1799.820 MHz, CPU2:1799.820 MHz, CPU3:1799.820 MHz,
       CCB:599.940 MHz,
       DDR:933.310 MHz (1866.620 MT/s data rate) (Asynchronous), IFC:599.940 MHz
       FMAN1: 699.930 MHz
       QMAN:  299.970 MHz
       PME:   599.940 MHz
L1:    D-cache 32 KiB enabled
       I-cache 32 KiB enabled
Reset Configuration Word (RCW):
       00000000: 1207001b 15000000 00000000 00000000
       00000010: 66150002 00000000 68104000 c1000000
       00000020: 00800000 00000000 00000000 000307fc
       00000030: 00000000 00000000 00000000 00000004
Board: T2080RDB, Board rev: 0x01 CPLD ver: 0x03, boot from SD/MMC
SERDES Reference Clocks:
SD1_CLK1=156.25MHZ, SD1_CLK2=100.00MHZ
SD2_CLK1=100.00MHZ, SD2_CLK2=100.00MHZ
I2C:   ready
SPI:   ready
DRAM:  Detected UDIMM D3XP56082XL10AA
2 GiB left unmapped
4 GiB (DDR3, 64-bit, CL=13, ECC on)
       DDR Chip-Select Interleaving Mode: CS0+CS1
Flash: 128 MiB
L2:    2 MiB enabled
Corenet Platform Cache: 512 KiB enabled
Using SERDES1 Protocol: 102 (0x66)
Using SERDES2 Protocol: 21 (0x15)
SEC0: RNG instantiated
NAND:  512 MiB
MMC:   FSL_SDHC: 0
EEPROM: Invalid ID (ff ff ff ff)
PCIe1: Endpoint, undetermined, regs @ 0xfe240000
PCIe1: Bus 00 - 00
PCIe2: Root Complex, x1 gen1, regs @ 0xfe250000
PCIe2: Bus 01 - 02
PCIe3: disabled
PCIe4: Root Complex, x4 gen1, regs @ 0xfe270000
  04:00.0     - 1002:6758 - Display controller
  04:00.1     - 1002:aa90 - Multimedia device
PCIe4: Bus 03 - 04
Video: No radeon video card found!
In:    serial
Out:   serial
Err:   serial
Net:
MMC read: dev # 0, block # 2080, count 128 ...
Fman1: Uploading microcode version 106.4.18
MMC read: dev # 0, block # 2208, count 512 ...
Not found Cortina PHY ucode at 0x00114000
MMC read: dev # 0, block # 2208, count 512 ...
Not found Cortina PHY ucode at 0x00114000
FM1@DTSEC3 [PRIME], FM1@DTSEC4, FM1@TGEC1, FM1@TGEC2, FM1@TGEC3, FM1@TGEC4
Hit any key to stop autoboot: 10  9  8  7  6  5  4  3  2  1  0
Device: FSL_SDHC
Manufacturer ID: 3
OEM: 5344
Name: SU16G
Tran Speed: 50000000
Rd Block Len: 512
SD version 3.0
High Capacity: Yes
Capacity: 14.8 GiB
Bus Width: 4-bit
Erase Group Size: 512 Bytes
20121660 bytes read in 917 ms (20.9 MiB/s)
36545 bytes read in 56 ms (636.7 KiB/s)
WARNING: adjusting available memory to 30000000
## Booting kernel from Legacy Image at 03000000 ...
   Image Name:   Linux-5.1.1_T2080RDB
   Image Type:   PowerPC Linux Kernel Image (gzip compressed)
   Data Size:    20121596 Bytes = 19.2 MiB
   Load Address: 00000000
   Entry Point:  00000000
   Verifying Checksum ... OK
## Flattened Device Tree blob at 05000000
   Booting using the fdt blob at 0x5000000
   Uncompressing Kernel Image ... OK
   Loading Device Tree to 03fe4000, end 03fffec0 ... OK
[    0.000000] OF: reserved mem: initialized node qman-fqd, compatible id fsl,qman-fqd
[    0.000000] OF: reserved mem: initialized node qman-pfdr, compatible id fsl,qman-pfdr
[    0.000000] OF: reserved mem: initialized node bman-fbpr, compatible id fsl,bman-fbpr
[    0.000000] MMU: Supported page sizes
[    0.000000]          4 KB as direct
[    0.000000]       2048 KB as direct & indirect
[    0.000000]       4096 KB as direct
[    0.000000]      16384 KB as direct
[    0.000000]      65536 KB as direct
[    0.000000]     262144 KB as direct
[    0.000000]    1048576 KB as direct
[    0.000000] MMU: Book3E HW tablewalk enabled
[    0.000000] Linux version 5.1.1_T2080RDB (mario@mario-vbox) (gcc version 8.3.0 (Ubuntu 8.3.0-6ubuntu1)) #1 SMP Sat May 11 11:21:37 CEST 2019
[    0.000000] Using CoreNet Generic machine description
[    0.000000] printk: bootconsole [udbg0] enabled
[    0.000000] CPU maps initialized for 2 threads per core
[    0.000000] -----------------------------------------------------
[    0.000000] phys_mem_size     = 0x100000000
[    0.000000] dcache_bsize      = 0x40
[    0.000000] icache_bsize      = 0x40
[    0.000000] cpu_features      = 0x00000003009003b6
[    0.000000]   possible        = 0x00000003009003b6
[    0.000000]   always          = 0x00000003008003b4
[    0.000000] cpu_user_features = 0xdc008000 0x08000000
[    0.000000] mmu_features      = 0x000a0010
[    0.000000] firmware_features = 0x0000000000000000
[    0.000000] -----------------------------------------------------
[    0.000000] numa:   NODE_DATA [mem 0xfff1c780-0xfff23fff]
[    0.000000] CoreNet Generic board
[    0.000000] barrier-nospec: using isync; sync as speculation barrier
[    0.000000] Zone ranges:
[    0.000000]   DMA      [mem 0x0000000000000000-0x000000007fffefff]
[    0.000000]   Normal   [mem 0x000000007ffff000-0x00000000ffffffff]
[    0.000000] Movable zone start for each node
[    0.000000] Early memory node ranges
[    0.000000]   node   0: [mem 0x0000000000000000-0x00000000ffffffff]
[    0.000000] Initmem setup node 0 [mem 0x0000000000000000-0x00000000ffffffff]
[    0.000000] MMU: Allocated 2112 bytes of context maps for 255 contexts
[    0.000000] random: get_random_u64 called from .start_kernel+0xa4/0x60c with crng_init=0
[    0.000000] percpu: Embedded 24 pages/cpu s59408 r0 d38896 u131072
[    0.000000] Built 1 zonelists, mobility grouping on.  Total pages: 1032191
[    0.000000] Policy zone: Normal
[    0.000000] Kernel command line: root=/dev/sda1 rw rootdelay=5 console=ttyS0,115200
[    0.000000] printk: log_buf_len individual max cpu contribution: 4096 bytes
[    0.000000] printk: log_buf_len total cpu_extra contributions: 28672 bytes
[    0.000000] printk: log_buf_len min size: 16384 bytes
[    0.000000] printk: log_buf_len: 65536 bytes
[    0.000000] printk: early log buf free: 12144(74%)
[    0.000000] Memory: 3925208K/4194304K available (28204K kernel code, 4712K rwdata, 15012K rodata, 928K init, 2035K bss, 269096K reserved, 0K cma-reserved)
[    0.000000] SLUB: HWalign=64, Order=0-3, MinObjects=0, CPUs=8, Nodes=1
[    0.000000] rcu: Hierarchical RCU implementation.
[    0.000000] rcu: 	RCU event tracing is enabled.
[    0.000000] rcu: RCU calculated value of scheduler-enlistment delay is 100 jiffies.
[    0.000000] NR_IRQS: 512, nr_irqs: 512, preallocated irqs: 16
[    0.000000] mpic: Setting up MPIC " OpenPIC  " version 1.2 at ffe040000, max 8 CPUs
[    0.000000] mpic: ISU size: 512, shift: 9, mask: 1ff
[    0.000000] mpic: Initializing for 512 sources
[    0.000003] clocksource: timebase: mask: 0xffffffffffffffff max_cycles: 0x8a5d528ca, max_idle_ns: 440795203517 ns
[    0.010181] clocksource: timebase mult[1aab5972] shift[24] registered
[    0.018462] Console: colour dummy device 80x25
[    0.022863] pid_max: default: 32768 minimum: 301
[    0.028511] Dentry cache hash table entries: 524288 (order: 10, 4194304 bytes)
[    0.036290] Inode-cache hash table entries: 262144 (order: 9, 2097152 bytes)
[    0.043344] Mount-cache hash table entries: 8192 (order: 4, 65536 bytes)
[    0.049989] Mountpoint-cache hash table entries: 8192 (order: 4, 65536 bytes)
[    0.057414] *** VALIDATE proc ***
[    0.060773] *** VALIDATE cgroup1 ***
[    0.064261] *** VALIDATE cgroup2 ***
[    0.068243] e6500 family performance monitor hardware support registered
[    0.074914] rcu: Hierarchical SRCU implementation.
[    0.082625] smp: Bringing up secondary CPUs ...
[    0.090352] smp: Brought up 1 node, 8 CPUs
[    0.094362] Using shared cache scheduler topology
[    0.100009] devtmpfs: initialized
[    0.107319] clocksource: jiffies: mask: 0xffffffff max_cycles: 0xffffffff, max_idle_ns: 1911260446275000 ns
[    0.117007] futex hash table entries: 2048 (order: 5, 131072 bytes)
[    0.123385] xor: measuring software checksum speed
[    0.137332]    8regs     :  3572.000 MB/sec
[    0.151369]    8regs_prefetch:  3200.000 MB/sec
[    0.165407]    32regs    :  2860.000 MB/sec
[    0.179445]    32regs_prefetch:  2688.000 MB/sec
[    0.193482]    altivec   :  5728.000 MB/sec
[    0.197577] xor: using function: altivec (5728.000 MB/sec)
[    0.203555] NET: Registered protocol family 16
[    0.208328] audit: initializing netlink subsys (disabled)
[    0.213702] audit: type=2000 audit(0.132:1): state=initialized audit_enabled=0 res=1
[    0.221401] cpuidle: using governor ladder
[    0.225534] cpuidle: using governor menu
[    0.244648] Machine: fsl,T2080RDB
[    0.247878] SoC family: QorIQ T2080
[    0.251353] SoC ID: svr:0x85380011, Revision: 1.1
[    0.259181] Found FSL PCI host bridge at 0x0000000ffe250000. Firmware bus number: 0->1
[    0.267017] PCI host bridge /pcie@ffe250000  ranges:
[    0.271976]  MEM 0x0000000c20000000..0x0000000c2fffffff -> 0x00000000e0000000
[    0.279190]   IO 0x0000000ff8010000..0x0000000ff801ffff -> 0x0000000000000000
[    0.286362] /pcie@ffe250000: PCICSRBAR @ 0xff000007
[    0.291186] setup_pci_atmu: end of DRAM 100000000
[    0.295887] /pcie@ffe250000: Setup 64-bit PCI DMA window
[    0.301184] /pcie@ffe250000: WARNING: Outbound window cfg leaves gaps in memory map. Adjusting the memory map could reduce unnecessary bounce buffering.
[    0.314835] /pcie@ffe250000: DMA window size is 0xe0000000
[    0.320615] Found FSL PCI host bridge at 0x0000000ffe270000. Firmware bus number: 0->1
[    0.328450] PCI host bridge /pcie@ffe270000  ranges:
[    0.333408]  MEM 0x0000000c40000000..0x0000000c5fffffff -> 0x00000000e0000000
[    0.340622]   IO 0x0000000ff8030000..0x0000000ff803ffff -> 0x0000000000000000
[    0.347766] /pcie@ffe270000: PCICSRBAR @ 0xdf000007
[    0.352621] setup_pci_atmu: end of DRAM 100000000
[    0.357320] /pcie@ffe270000: Setup 64-bit PCI DMA window
[    0.362617] /pcie@ffe270000: DMA window size is 0xdf000007
[    0.369875] platform ff6000000.qman-portal: Adding to iommu group 0
[    0.376078] platform ff6004000.qman-portal: Adding to iommu group 1
[    0.382334] platform ff6008000.qman-portal: Adding to iommu group 2
[    0.388597] platform ff600c000.qman-portal: Adding to iommu group 3
[    0.394854] platform ff6010000.qman-portal: Adding to iommu group 4
[    0.401113] platform ff6014000.qman-portal: Adding to iommu group 5
[    0.407374] platform ff6018000.qman-portal: Adding to iommu group 6
[    0.413636] platform ff601c000.qman-portal: Adding to iommu group 7
[    0.419893] platform ff6020000.qman-portal: Adding to iommu group 8
[    0.426154] platform ff6024000.qman-portal: Adding to iommu group 9
[    0.432415] platform ff6028000.qman-portal: Adding to iommu group 10
[    0.438760] platform ff602c000.qman-portal: Adding to iommu group 11
[    0.445107] platform ff6030000.qman-portal: Adding to iommu group 12
[    0.451453] platform ff6034000.qman-portal: Adding to iommu group 13
[    0.457803] platform ff6038000.qman-portal: Adding to iommu group 14
[    0.464147] platform ff603c000.qman-portal: Adding to iommu group 15
[    0.470493] platform ff6040000.qman-portal: Adding to iommu group 16
[    0.476842] platform ff6044000.qman-portal: Adding to iommu group 17
[    0.483204] platform ffe114000.sdhc: Adding to iommu group 18
[    0.488953] platform ffe488000.port: Adding to iommu group 19
[    0.494666] platform ffe489000.port: Adding to iommu group 20
[    0.500406] platform ffe48a000.port: Adding to iommu group 21
[    0.506144] platform ffe48b000.port: Adding to iommu group 22
[    0.511880] platform ffe48c000.port: Adding to iommu group 23
[    0.517618] platform ffe48d000.port: Adding to iommu group 24
[    0.523359] platform ffe490000.port: Adding to iommu group 25
[    0.529095] platform ffe491000.port: Adding to iommu group 26
[    0.534851] platform ffe100300.dma: Adding to iommu group 27
[    0.540482] platform ffe101300.dma: Adding to iommu group 28
[    0.546135] platform ffe102300.dma: Adding to iommu group 29
[    0.551795] platform ffe210000.usb: Adding to iommu group 30
[    0.557436] platform ffe211000.usb: Adding to iommu group 31
[    0.563091] platform ffe316000.pme: Adding to iommu group 32
[    0.568741] platform ffe31a000.bman: Adding to iommu group 33
[    0.574476] platform ffe318000.qman: Adding to iommu group 34
[    0.580215] platform ffe220000.sata: Adding to iommu group 35
[    0.585953] platform ffe221000.sata: Adding to iommu group 36
[    0.591693] platform ffe240000.pcie: Adding to iommu group 37
[    0.597433] fsl-pci ffe250000.pcie: Adding to iommu group 38
[    0.603083] fsl-pci ffe270000.pcie: Adding to iommu group 39
[    0.617742] software IO TLB: mapped [mem 0xf6000000-0xfa000000] (64MB)
[    0.624191] PCI: Probing PCI hardware
[    0.627920] fsl-pci ffe250000.pcie: PCI host bridge to bus 0000:00
[    0.634019] pci_bus 0000:00: root bus resource [io  0x8000080000010000-0x800008000001ffff] (bus address [0x0000-0xffff])
[    0.644885] pci_bus 0000:00: root bus resource [mem 0xc20000000-0xc2fffffff] (bus address [0xe0000000-0xefffffff])
[    0.655231] pci_bus 0000:00: root bus resource [bus 00-01]
[    0.660753] pci 0000:00:00.0: [Firmware Bug]: reg 0x10: invalid BAR (can't size)
[    0.668278] fsl-pci ffe250000.pcie: Removing from iommu group 38
[    0.674221] pci 0000:00:00.0: Adding to iommu group 40
[    0.683490] pci 0000:00:00.0: PCI bridge to [bus 01-ff]
[    0.688720] fsl-pci ffe270000.pcie: PCI host bridge to bus 0001:00
[    0.694818] pci_bus 0001:00: root bus resource [io  0x8000080000021000-0x8000080000030fff] (bus address [0x0000-0xffff])
[    0.705685] pci_bus 0001:00: root bus resource [mem 0xc40000000-0xc5fffffff] (bus address [0xe0000000-0xffffffff])
[    0.716030] pci_bus 0001:00: root bus resource [bus 00-01]
[    0.721697] fsl-pci ffe270000.pcie: Removing from iommu group 39
[    0.727635] pci 0001:00:00.0: Adding to iommu group 38
[    0.735009] pci 0001:01:00.0: enabling Extended Tags
[    0.740010] pci 0001:01:00.0: 8.000 Gb/s available PCIe bandwidth, limited by 2.5 GT/s x4 link at 0001:00:00.0 (capable of 32.000 Gb/s with 2.5 GT/s x16 link)
[    0.754177] pci 0001:01:00.0: Adding to iommu group 38
[    0.759370] pci 0001:01:00.1: enabling Extended Tags
[    0.764427] pci 0001:01:00.1: Adding to iommu group 38
[    0.774514] pci 0001:00:00.0: PCI bridge to [bus 01-ff]
[    0.779752] PCI: Cannot allocate resource region 6 of device 0000:00:00.0, will remap
[    0.787502] PCI: Cannot allocate resource region 0 of device 0001:00:00.0, will remap
[    0.795323] PCI: Cannot allocate resource region 6 of device 0001:00:00.0, will remap
[    0.803152] PCI: Cannot allocate resource region 2 of device 0001:01:00.0, will remap
[    0.810973] PCI: Cannot allocate resource region 6 of device 0001:01:00.0, will remap
[    0.818802] PCI: Cannot allocate resource region 0 of device 0001:01:00.1, will remap
[    0.826647] pci 0000:00:00.0: BAR 6: no space for [mem size 0x01000000 pref]
[    0.833666] pci 0000:00:00.0: BAR 6: failed to assign [mem size 0x01000000 pref]
[    0.841056] pci 0000:00:00.0: PCI bridge to [bus 01]
[    0.846012] pci 0000:00:00.0:   bridge window [io  0x8000080000010000-0x800008000001ffff]
[    0.854185] pci 0000:00:00.0:   bridge window [mem 0xc20000000-0xc2fffffff]
[    0.861156] pci 0001:00:00.0: BAR 6: no space for [mem size 0x01000000 pref]
[    0.868181] pci 0001:00:00.0: BAR 6: failed to assign [mem size 0x01000000 pref]
[    0.875572] pci 0001:00:00.0: BAR 15: no space for [mem size 0x00100000 pref]
[    0.882701] pci 0001:00:00.0: BAR 15: failed to assign [mem size 0x00100000 pref]
[    0.890179] pci 0001:00:00.0: BAR 0: no space for [io  size 0x0004]
[    0.896440] pci 0001:00:00.0: BAR 0: failed to assign [io  size 0x0004]
[    0.903052] pci 0001:01:00.0: BAR 2: assigned [mem 0xc40000000-0xc4001ffff 64bit]
[    0.910536] pci 0001:01:00.0: BAR 6: assigned [mem 0xc40020000-0xc4003ffff pref]
[    0.917914] pci 0001:01:00.1: BAR 0: assigned [mem 0xc40040000-0xc40043fff 64bit]
[    0.925399] pci 0001:00:00.0: PCI bridge to [bus 01]
[    0.930346] pci 0001:00:00.0:   bridge window [io  0x8000080000021000-0x8000080000030fff]
[    0.938519] pci 0001:00:00.0:   bridge window [mem 0xc40000000-0xc5fffffff]
[    0.945475] pci_bus 0001:00: Some PCI device resources are unassigned, try booting with pci=realloc
[    0.957081] Setting up RapidIO peer-to-peer network /rapidio@ffe0c0000
[    0.963530] fsl-of-rio ffe0c0000.rapidio: Of-device full name /rapidio@ffe0c0000
[    0.970915] fsl-of-rio ffe0c0000.rapidio: Regs: [mem 0xffe0c0000-0xffe0d0fff]
[    0.978048] fsl-of-rio ffe0c0000.rapidio: No valid fsl,srio-rmu-handle property
[    0.985355] fsl-of-rio: probe of ffe0c0000.rapidio failed with error -2
[    1.008752] HugeTLB registered 4.00 MiB page size, pre-allocated 0 pages
[    1.015376] HugeTLB registered 16.0 MiB page size, pre-allocated 0 pages
[    1.022068] HugeTLB registered 64.0 MiB page size, pre-allocated 0 pages
[    1.028762] HugeTLB registered 256 MiB page size, pre-allocated 0 pages
[    1.035369] HugeTLB registered 1.00 GiB page size, pre-allocated 0 pages
[    1.042494] raid6: using algorithm altivecx8 gen() 0 MB/s
[    1.047810] raid6: using intx1 recovery algorithm
[    1.052577] Freescale Elo series DMA driver
[    1.057084] fsl-elo-dma ffe100300.dma: #0 (fsl,eloplus-dma-channel), irq 28
[    1.064007] fsl-elo-dma ffe100300.dma: #1 (fsl,eloplus-dma-channel), irq 29
[    1.070964] fsl-elo-dma ffe100300.dma: #2 (fsl,eloplus-dma-channel), irq 30
[    1.077918] fsl-elo-dma ffe100300.dma: #3 (fsl,eloplus-dma-channel), irq 31
[    1.084872] fsl-elo-dma ffe100300.dma: #4 (fsl,eloplus-dma-channel), irq 76
[    1.091830] fsl-elo-dma ffe100300.dma: #5 (fsl,eloplus-dma-channel), irq 77
[    1.098783] fsl-elo-dma ffe100300.dma: #6 (fsl,eloplus-dma-channel), irq 78
[    1.105738] fsl-elo-dma ffe100300.dma: #7 (fsl,eloplus-dma-channel), irq 79
[    1.113076] fsl-elo-dma ffe101300.dma: #0 (fsl,eloplus-dma-channel), irq 32
[    1.120005] fsl-elo-dma ffe101300.dma: #1 (fsl,eloplus-dma-channel), irq 33
[    1.126959] fsl-elo-dma ffe101300.dma: #2 (fsl,eloplus-dma-channel), irq 34
[    1.133909] fsl-elo-dma ffe101300.dma: #3 (fsl,eloplus-dma-channel), irq 35
[    1.140866] fsl-elo-dma ffe101300.dma: #4 (fsl,eloplus-dma-channel), irq 80
[    1.147819] fsl-elo-dma ffe101300.dma: #5 (fsl,eloplus-dma-channel), irq 81
[    1.154778] fsl-elo-dma ffe101300.dma: #6 (fsl,eloplus-dma-channel), irq 82
[    1.161735] fsl-elo-dma ffe101300.dma: #7 (fsl,eloplus-dma-channel), irq 83
[    1.170009] fsl-elo-dma ffe102300.dma: #0 (fsl,eloplus-dma-channel), irq 464
[    1.177034] fsl-elo-dma ffe102300.dma: #1 (fsl,eloplus-dma-channel), irq 465
[    1.184060] fsl-elo-dma ffe102300.dma: #2 (fsl,eloplus-dma-channel), irq 466
[    1.191106] fsl-elo-dma ffe102300.dma: #3 (fsl,eloplus-dma-channel), irq 467
[    1.198146] fsl-elo-dma ffe102300.dma: #4 (fsl,eloplus-dma-channel), irq 473
[    1.205187] fsl-elo-dma ffe102300.dma: #5 (fsl,eloplus-dma-channel), irq 474
[    1.212230] fsl-elo-dma ffe102300.dma: #6 (fsl,eloplus-dma-channel), irq 475
[    1.219275] fsl-elo-dma ffe102300.dma: #7 (fsl,eloplus-dma-channel), irq 476
[    1.227154] pci 0001:01:00.0: vgaarb: VGA device added: decodes=io+mem,owns=none,locks=none
[    1.235432] pci 0001:01:00.0: vgaarb: bridge control possible
[    1.241164] pci 0001:01:00.0: vgaarb: setting as boot device (VGA legacy resources not available)
[    1.250029] vgaarb: loaded
[    1.252979] SCSI subsystem initialized
[    1.256878] usbcore: registered new interface driver usbfs
[    1.262481] usbcore: registered new interface driver hub
[    1.267757] usbcore: registered new device driver usb
[    1.273036] pps_core: LinuxPPS API ver. 1 registered
[    1.277915] pps_core: Software ver. 5.3.6 - Copyright 2005-2007 Rodolfo Giometti <giometti@linux.it>
[    1.287054] PTP clock support registered
[    1.291071] EDAC MC: Ver: 3.0.0
[    1.294415] fsl-ifc ffe124000.localbus: Freescale Integrated Flash Controller
[    1.301485] fsl-ifc ffe124000.localbus: IFC version 1.3, 8 banks
[    1.307924] NET: Registered protocol family 8
[    1.312193] NET: Registered protocol family 20
[    1.317169] clocksource: Switched to clocksource timebase
[    1.644252] VFS: Disk quotas dquot_6.6.0
[    1.648123] VFS: Dquot-cache hash table entries: 512 (order 0, 4096 bytes)
[    1.655027] FS-Cache: Loaded
[    1.657837] *** VALIDATE hugetlbfs ***
[    1.661736] CacheFiles: Loaded
[    1.669290] NET: Registered protocol family 2
[    1.673841] tcp_listen_portaddr_hash hash table entries: 2048 (order: 3, 32768 bytes)
[    1.681648] TCP established hash table entries: 32768 (order: 6, 262144 bytes)
[    1.688975] TCP bind hash table entries: 32768 (order: 7, 524288 bytes)
[    1.695711] TCP: Hash tables configured (established 32768 bind 32768)
[    1.702236] UDP hash table entries: 2048 (order: 4, 65536 bytes)
[    1.708205] UDP-Lite hash table entries: 2048 (order: 4, 65536 bytes)
[    1.714722] NET: Registered protocol family 1
[    1.719273] RPC: Registered named UNIX socket transport module.
[    1.725112] RPC: Registered udp transport module.
[    1.729806] RPC: Registered tcp transport module.
[    1.734498] RPC: Registered tcp NFSv4.1 backchannel transport module.
[    1.741191] NET: Registered protocol family 44
[    1.748274] Initialise system trusted keyrings
[    1.752699] workingset: timestamp_bits=38 max_order=20 bucket_order=0
[    1.763853] zbud: loaded
[    1.768019] FS-Cache: Netfs 'nfs' registered for caching
[    1.773554] NFS: Registering the id_resolver key type
[    1.778534] Key type id_resolver registered
[    1.782694] Key type id_legacy registered
[    1.786697] nfs4filelayout_init: NFSv4 File Layout Driver Registering...
[    1.793606] FS-Cache: Netfs 'cifs' registered for caching
[    1.799091] Key type cifs.spnego registered
[    1.803192] Key type cifs.idmap registered
[    1.807276] ntfs: driver 2.1.32 [Flags: R/W].
[    1.811734] jffs2: version 2.2. (NAND) (SUMMARY)  Â© 2001-2006 Red Hat, Inc.
[    1.818922] romfs: ROMFS MTD (C) 2007 Red Hat, Inc.
[    1.823848] fuse init (API version 7.29)
[    1.828006] JFS: nTxBlock = 8192, nTxLock = 65536
[    1.835314] SGI XFS with ACLs, security attributes, no debug enabled
[    1.842688] NILFS version 2 loaded
[    1.846860] gfs2: GFS2 installed
[    1.857020] NET: Registered protocol family 38
[    1.861441] async_tx: api initialized (async)
[    1.865729] Key type asymmetric registered
[    1.869812] Asymmetric key parser 'x509' registered
[    1.874680] Asymmetric key parser 'pkcs8' registered
[    1.879662] Block layer SCSI generic (bsg) driver version 0.4 loaded (major 246)
[    1.887105] io scheduler mq-deadline registered
[    1.891552] io scheduler kyber registered
[    1.895637] io scheduler bfq registered
[    1.900039] crc32: CRC_LE_BITS = 64, CRC_BE BITS = 64
[    1.905005] crc32: self tests passed, processed 225944 bytes in 307444 nsec
[    1.912279] crc32c: CRC_LE_BITS = 64
[    1.915766] crc32c: self tests passed, processed 225944 bytes in 154335 nsec
[    1.953094] crc32_combine: 8373 self tests passed
[    1.988530] crc32c_combine: 8373 self tests passed
[    1.994688] pcieport 0000:00:00.0: Signaling PME with IRQ 21
[    2.000384] aer 0000:00:00.0:pcie002: AER enabled with IRQ 21
[    2.006317] pcieport 0001:00:00.0: Signaling PME with IRQ 23
[    2.012003] aer 0001:00:00.0:pcie002: AER enabled with IRQ 23
[    2.018654] switchtec: loaded.
[    2.027106] bman_portal ff4000000.bman-portal: Portal initialised, cpu 0
[    2.033794] bman_portal ff4004000.bman-portal: Portal initialised, cpu 1
[    2.040480] bman_portal ff4008000.bman-portal: Portal initialised, cpu 2
[    2.047182] bman_portal ff400c000.bman-portal: Portal initialised, cpu 3
[    2.053869] bman_portal ff4010000.bman-portal: Portal initialised, cpu 4
[    2.060564] bman_portal ff4014000.bman-portal: Portal initialised, cpu 5
[    2.067260] bman_portal ff4018000.bman-portal: Portal initialised, cpu 6
[    2.073953] bman_portal ff401c000.bman-portal: Portal initialised, cpu 7
[    2.081387] qman_portal ff6000000.qman-portal: Portal initialised, cpu 0
[    2.088080] qman_portal ff6004000.qman-portal: Portal initialised, cpu 1
[    2.094774] qman_portal ff6008000.qman-portal: Portal initialised, cpu 2
[    2.101468] qman_portal ff600c000.qman-portal: Portal initialised, cpu 3
[    2.108175] qman_portal ff6010000.qman-portal: Portal initialised, cpu 4
[    2.114872] qman_portal ff6014000.qman-portal: Portal initialised, cpu 5
[    2.121568] qman_portal ff6018000.qman-portal: Portal initialised, cpu 6
[    2.128350] qman_portal ff601c000.qman-portal: Portal initialised, cpu 7
[    2.164775] Serial: 8250/16550 driver, 4 ports, IRQ sharing enabled
[    2.172190] printk: console [ttyS0] disabled serial8250.0: ttyS0 at MMIO 0xffe11c500 (irq = 36, base_baud = 18748125) is a 16550A
[    2.185148] printk: console [ttyS0] enabled
[    2.185148] printk: console [ttyS0] enabled
[    2.193480] printk: bootconsole [udbg0] disabled
[    2.193480] printk: bootconsole [udbg0] disabled
[    2.203155] serial8250.0: ttyS1 at MMIO 0xffe11c600 (irq = 36, base_baud = 18748125) is a 16550A
[    2.212340] serial8250.0: ttyS2 at MMIO 0xffe11d500 (irq = 37, base_baud = 18748125) is a 16550A
[    2.221516] serial8250.0: ttyS3 at MMIO 0xffe11d600 (irq = 37, base_baud = 18748125) is a 16550A
[    2.231500] printk: console [ttyS0] disabled
[    2.235812] printk: console [ttyS0] enabled
[    2.240462] ffe11c600.serial: ttyS1 at MMIO 0xffe11c600 (irq = 36, base_baud = 18748125) is a 16550
[    2.249960] ffe11d500.serial: ttyS2 at MMIO 0xffe11d500 (irq = 37, base_baud = 18748125) is a 16550
[    2.259462] ffe11d600.serial: ttyS3 at MMIO 0xffe11d600 (irq = 37, base_baud = 18748125) is a 16550
[    2.269024] ePAPR hypervisor byte channel driver
[    2.273940] [drm] radeon kernel modesetting enabled.
[    2.278987] radeon 0001:01:00.0: vgaarb: deactivate vga console
[    2.285184] [drm] initializing kernel modesetting (TURKS 0x1002:0x6758 0x1043:0x03EA 0x00).
[    2.426622] ATOM BIOS: 6758.13.12.0.9.AS02
[    2.430813] [drm] GPU not posted. posting now...
[    2.439836] radeon 0001:01:00.0: VRAM: 1024M 0x0000000000000000 - 0x000000003FFFFFFF (1024M used)
[    2.448717] radeon 0001:01:00.0: GTT: 1024M 0x0000000040000000 - 0x000000007FFFFFFF
[    2.456379] [drm] Detected VRAM RAM=1024M, BAR=256M
[    2.461258] [drm] RAM width 128bits DDR
[    2.465184] [TTM] Zone  kernel: Available graphics memory: 1963114 kiB
[    2.471716] [TTM] Initializing pool allocator
[    2.476080] [TTM] Initializing DMA pool allocator
[    2.480819] [drm] radeon: 1024M of VRAM memory ready
[    2.485786] [drm] radeon: 1024M of GTT memory ready.
[    2.490766] [drm] Loading TURKS Microcode
[    2.494812] [drm] Internal thermal controller with fan control
[    2.506385] [drm] radeon: dpm initialized
[    2.510451] [drm] GART: num cpu pages 262144, num gpu pages 262144
[    2.518247] [drm] enabling PCIE gen 2 link speeds, disable with radeon.pcie_gen2=0
[    2.551880] [drm] PCIE GART of 1024M enabled (table at 0x0000000000162000).
[    2.559015] radeon 0001:01:00.0: WB enabled
[    2.563203] radeon 0001:01:00.0: fence driver on ring 0 use gpu addr 0x0000000040000c00 and cpu addr 0x(____ptrval____)
[    2.573996] radeon 0001:01:00.0: fence driver on ring 3 use gpu addr 0x0000000040000c0c and cpu addr 0x(____ptrval____)
[    2.588967] radeon 0001:01:00.0: fence driver on ring 5 use gpu addr 0x0000000000072118 and cpu addr 0x(____ptrval____)
[    2.599761] [drm] Supports vblank timestamp caching Rev 2 (21.10.2013).
[    2.606384] [drm] Driver supports precise vblank timestamp query.
[    2.612481] radeon 0001:01:00.0: radeon: MSI limited to 32-bit
[    2.618389] radeon 0001:01:00.0: radeon: using MSI.
[    2.623323] [drm] radeon: irq initialized.
[    2.644090] [drm] ring test on 0 succeeded in 1 usecs
[    2.649155] [drm] ring test on 3 succeeded in 8 usecs
[    2.829061] [drm] ring test on 5 succeeded in 2 usecs
[    2.834142] [drm] UVD initialized successfully.
[    2.839076] [drm] ib test on ring 0 succeeded in 0 usecs
[    2.844565] [drm] ib test on ring 3 succeeded in 0 usecs
[    3.500250] [drm] ib test on ring 5 succeeded
[    3.505505] [drm] Radeon Display Connectors
[    3.509693] [drm] Connector 0:
[    3.512745] [drm]   DP-1
[    3.515276] [drm]   HPD4
[    3.517808] [drm]   DDC: 0x6480 0x6480 0x6484 0x6484 0x6488 0x6488 0x648c 0x648c
[    3.525209] [drm]   Encoders:
[    3.528173] [drm]     DFP1: INTERNAL_UNIPHY2
[    3.532444] [drm] Connector 1:
[    3.535496] [drm]   HDMI-A-1
[    3.538375] [drm]   HPD2
[    3.540906] [drm]   DDC: 0x6470 0x6470 0x6474 0x6474 0x6478 0x6478 0x647c 0x647c
[    3.548306] [drm]   Encoders:
[    3.551272] [drm]     DFP2: INTERNAL_UNIPHY2
[    3.555541] [drm] Connector 2:
[    3.558594] [drm]   DVI-I-1
[    3.561386] [drm]   HPD1
[    3.563918] [drm]   DDC: 0x6460 0x6460 0x6464 0x6464 0x6468 0x6468 0x646c 0x646c
[    3.571318] [drm]   Encoders:
[    3.574284] [drm]     DFP3: INTERNAL_UNIPHY
[    3.578468] [drm]     CRT1: INTERNAL_KLDSCP_DAC1
[    3.720042] [drm] fb mappable at 0xC50363000
[    3.724313] [drm] vram apper at 0xC50000000
[    3.728497] [drm] size 8294400
[    3.731548] [drm] fb depth is 24
[    3.734775] [drm]    pitch is 7680
[    3.899420] Console: switching to colour frame buffer device 240x67
[    3.931403] radeon 0001:01:00.0: fb0: radeondrmfb frame buffer device
[    3.937950] [drm] Initialized radeon 2.50.0 20080528 for 0001:01:00.0 on minor 0
[    3.945494] [drm] amdgpu kernel modesetting enabled.
[    3.954907] brd: module loaded
[    3.962211] loop: module loaded
[    3.965589] zram: Added device: zram0
[    5.404458] st: Version 20160209, fixed bufsize 32768, s/g segs 256
[    5.411831] fsl-sata ffe220000.sata: Sata FSL Platform/CSB Driver init
[    5.418707] scsi host0: sata_fsl
[    5.422109] ata1: SATA max UDMA/133 irq 68
[    5.426253] fsl-sata ffe221000.sata: Sata FSL Platform/CSB Driver init
[    5.433055] scsi host1: sata_fsl
[    5.436386] ata2: SATA max UDMA/133 irq 69
[    5.441743] nand: device found, Manufacturer ID: 0x2c, Chip ID: 0xac
[    5.448103] nand: Micron MT29F4G08ABBDAH4
[    5.452116] nand: 512 MiB, SLC, erase size: 128 KiB, page size: 2048, OOB size: 64
[    5.460139] Bad block table found at page 262080, version 0x01
[    5.466773] Bad block table found at page 262016, version 0x01
[    5.476530] ftl_cs: FTL header not found.
[    5.481063] fsl,ifc-nand fff800000.nand: IFC NAND device at 0xfff800000, bank 1
[    5.488795] fsl_espi ffe110000.spi: cs=0, init_csmode=0x100008
[    5.494917] m25p80 spi0.0: found n25q512ax3, expected n25q512a
[    5.500894] m25p80 spi0.0: n25q512ax3 (65536 Kbytes)
[    5.509651] random: fast init done
[    5.528011] ftl_cs: FTL header not found.
[    5.532552] fsl_espi ffe110000.spi: at 0x(____ptrval____) (irq = 53)
[    5.539365] Ethernet Channel Bonding Driver: v3.7.1 (April 27, 2011)
[    5.547008] MACsec IEEE 802.1AE
[    5.551856] libphy: Fixed MDIO Bus: probed
[    5.556393] tun: Universal TUN/TAP device driver, 1.6
[    5.561652] Atheros(R) L2 Ethernet Driver - version 2.2.3
[    5.567055] Copyright (c) 2007 Atheros Corporation.
[    5.572423] cnic: QLogic cnicDriver v2.5.22 (July 20, 2015)
[    5.578060] bnx2x: QLogic 5771x/578xx 10/20-Gigabit Ethernet Driver bnx2x 1.713.36-0 (2014/02/10)
[    5.587294] bna: QLogic BR-series 10G Ethernet driver - version: 3.2.25.1
[    5.594151] enic: Cisco VIC Ethernet NIC Driver, ver 2.3.0.53
[    5.600491] libphy: Freescale XGMAC MDIO Bus: probed
[    5.606104] libphy: Freescale XGMAC MDIO Bus: probed
[    5.618821] libphy: Freescale XGMAC MDIO Bus: probed
[    5.623886] libphy: Freescale XGMAC MDIO Bus: probed
[    5.628950] libphy: Freescale XGMAC MDIO Bus: probed
[    5.634016] libphy: Freescale XGMAC MDIO Bus: probed
[    5.639081] libphy: Freescale XGMAC MDIO Bus: probed
[    5.644144] libphy: Freescale XGMAC MDIO Bus: probed
[    5.649213] libphy: Freescale XGMAC MDIO Bus: probed
[    5.654277] libphy: Freescale XGMAC MDIO Bus: probed
[    5.667583] fsl_dpaa_mac ffe4e0000.ethernet: of_get_mac_address(/soc@ffe000000/fman@400000/ethernet@e0000) failed
[    5.677863] fsl_dpaa_mac: probe of ffe4e0000.ethernet failed with error -22
[    5.684880] fsl_dpaa_mac ffe4e2000.ethernet: of_get_mac_address(/soc@ffe000000/fman@400000/ethernet@e2000) failed
[    5.695159] fsl_dpaa_mac: probe of ffe4e2000.ethernet failed with error -22
[    5.702187] fsl_dpaa_mac ffe4e4000.ethernet: of_count_phandle_with_args(/soc@ffe000000/fman@400000/ethernet@e4000, fsl,fman-ports) failed
[    5.714551] fsl_dpaa_mac: probe of ffe4e4000.ethernet failed with error -2
[    5.721482] fsl_dpaa_mac ffe4e6000.ethernet: of_count_phandle_with_args(/soc@ffe000000/fman@400000/ethernet@e6000, fsl,fman-ports) failed
[    5.733847] fsl_dpaa_mac: probe of ffe4e6000.ethernet failed with error -2
[    5.740782] fsl_dpaa_mac ffe4f0000.ethernet: of_get_mac_address(/soc@ffe000000/fman@400000/ethernet@f0000) failed
[    5.751062] fsl_dpaa_mac: probe of ffe4f0000.ethernet failed with error -22
[    5.758080] fsl_dpaa_mac ffe4f2000.ethernet: of_get_mac_address(/soc@ffe000000/fman@400000/ethernet@f2000) failed
[    5.768358] fsl_dpaa_mac: probe of ffe4f2000.ethernet failed with error -22
[    5.775524] e100: Intel(R) PRO/100 Network Driver, 3.5.24-k2-NAPI
[    5.781621] e100: Copyright(c) 1999-2006 Intel Corporation
[    5.787148] e1000: Intel(R) PRO/1000 Network Driver - version 7.3.21-k8-NAPI
[    5.794202] e1000: Copyright (c) 1999-2006 Intel Corporation.
[    5.799982] e1000e: Intel(R) PRO/1000 Network Driver - 3.2.6-k
[    5.805819] e1000e: Copyright(c) 1999 - 2015 Intel Corporation.
[    5.811777] igb: Intel(R) Gigabit Ethernet Network Driver - version 5.6.0-k
[    5.818749] igb: Copyright (c) 2007-2014 Intel Corporation.
[    5.824363] igbvf: Intel(R) Gigabit Virtual Function Network Driver - version 2.4.0-k
[    5.832202] igbvf: Copyright (c) 2009 - 2012 Intel Corporation.
[    5.838153] ixgbe: Intel(R) 10 Gigabit PCI Express Network Driver - version 5.1.0-k
[    5.845815] ixgbe: Copyright (c) 1999-2016 Intel Corporation.
[    5.851658] ixgbevf: Intel(R) 10 Gigabit PCI Express Virtual Function Network Driver - version 4.1.0-k
[    5.860973] ixgbevf: Copyright (c) 2009 - 2018 Intel Corporation.
[    5.867142] i40e: Intel(R) Ethernet Connection XL710 Network Driver - version 2.8.10-k
[    5.875068] i40e: Copyright (c) 2013 - 2014 Intel Corporation.
[    5.880999] ixgb: Intel(R) PRO/10GbE Network Driver - version 1.0.135-k2-NAPI
[    5.888142] ixgb: Copyright (c) 1999-2008 Intel Corporation.
[    5.893832] iavf: Intel(R) Ethernet Adaptive Virtual Function Network Driver - version 3.2.3-k
[    5.902451] Copyright (c) 2013 - 2018 Intel Corporation.
[    5.907840] Intel(R) Ethernet Switch Host Interface Driver - version 0.26.1-k
[    5.914983] Copyright(c) 2013 - 2018 Intel Corporation.
[    5.920301] ice: Intel(R) Ethernet Connection E800 Series Linux Driver - version 0.7.2-k
[    5.928399] ice: Copyright (c) 2018, Intel Corporation.
[    5.932174] ata1: Signature Update detected @ 504 msecs
[    5.933717] jme: JMicron JMC2XX ethernet driver version 1.0.8
[    5.941508] ata2: No Device OR PHYRDY change,Hstatus = 0xa0000000
[    5.944860] sky2: driver version 1.30
[    5.950710] ata2: SATA link down (SStatus 10 SControl 300)
[    5.954509] PPP generic driver version 2.4.2
[    5.964229] PPP BSD Compression module registered
[    5.968937] PPP Deflate Compression module registered
[    5.974004] PPP MPPE Compression module registered
[    5.978797] NET: Registered protocol family 24
[    5.983316] usbcore: registered new interface driver ath9k_htc
[    5.989227] Loaded prism54 driver, version 1.2
[    5.993770] usbcore: registered new interface driver zd1211rw
[    5.999552] usbcore: registered new interface driver zd1201
[    6.005128] VMware vmxnet3 virtual NIC driver - version 1.4.16.0-k-NAPI
[    6.011796] usbcore: registered new interface driver catc
[    6.017222] usbcore: registered new interface driver kaweth
[    6.022798] pegasus: v0.9.3 (2013/04/25), Pegasus/Pegasus II USB Ethernet driver
[    6.030225] usbcore: registered new interface driver pegasus
[    6.035911] usbcore: registered new interface driver rtl8150
[    6.041599] usbcore: registered new interface driver r8152
[    6.047111] usbcore: registered new interface driver lan78xx
[    6.052799] usbcore: registered new interface driver cdc_subset
[    6.059010] ehci_hcd: USB 2.0 'Enhanced' Host Controller (EHCI) Driver
[    6.065674] ehci-pci: EHCI PCI platform driver
[    6.070147] ehci-platform: EHCI generic platform driver
[    6.076427] ehci-fsl: Freescale EHCI Host controller driver
[    6.082087] fsl-ehci fsl-ehci.0: Freescale On-Chip EHCI Host Controller
[    6.088716] fsl-ehci fsl-ehci.0: new USB bus registered, assigned bus number 1
[    6.092182] ata1: SATA link up 3.0 Gbps (SStatus 123 SControl 300)
[    6.103876] ata1.00: supports DRM functions and may not be fully accessible
[    6.105856] fsl-ehci fsl-ehci.0: irq 44, io mem 0xffe210000
[    6.110847] ata1.00: ATA-9: Samsung SSD 850 PRO 512GB, EXM02B6Q, max UDMA/133
[    6.110850] ata1.00: 1000215216 sectors, multi 1: LBA48 NCQ (depth 16/32)
[    6.123176] fsl-ehci fsl-ehci.0: USB 2.0 started, EHCI 1.00
[    6.130456] usb usb1: New USB device found, idVendor=1d6b, idProduct=0002, bcdDevice= 5.01
[    6.135917] ata1.00: ATA Identify Device Log not supported
[    6.135920] ata1.00: Security Log not supported
[    6.144190] usb usb1: New USB device strings: Mfr=3, Product=2, SerialNumber=1
[    6.151593] ata1.00: supports DRM functions and may not be fully accessible
[    6.154207] usb usb1: Product: Freescale On-Chip EHCI Host Controller
[    6.168397] usb usb1: Manufacturer: Linux 5.1.1_T2080RDB ehci_hcd
[    6.174838] ata1.00: ATA Identify Device Log not supported
[    6.174840] ata1.00: Security Log not supported
[    6.180935] usb usb1: SerialNumber: fsl-ehci.0
[    6.186423] ata1.00: configured for UDMA/133
[    6.191177] hub 1-0:1.0: USB hub found
[    6.195645] scsi 0:0:0:0: Direct-Access     ATA      Samsung SSD 850  2B6Q PQ: 0 ANSI: 5
[    6.199679] hub 1-0:1.0: 1 port detected
[    6.203908] sd 0:0:0:0: [sda] 1000215216 512-byte logical blocks: (512 GB/477 GiB)
[    6.211716] fsl-ehci fsl-ehci.1: Freescale On-Chip EHCI Host Controller
[    6.215457] sd 0:0:0:0: [sda] Write Protect is off
[    6.223020] fsl-ehci fsl-ehci.1: new USB bus registered, assigned bus number 2
[    6.241682] sd 0:0:0:0: [sda] Write cache: enabled, read cache: enabled, doesn't support DPO or FUA
[    6.244324] fsl-ehci fsl-ehci.1: irq 45, io mem 0xffe211000
[    6.252839]  sda: sda1 sda2
[    6.259920] sd 0:0:0:0: [sda] Attached SCSI disk
[    6.263176] fsl-ehci fsl-ehci.1: USB 2.0 started, EHCI 1.00
[    6.270211] usb usb2: New USB device found, idVendor=1d6b, idProduct=0002, bcdDevice= 5.01
[    6.278484] usb usb2: New USB device strings: Mfr=3, Product=2, SerialNumber=1
[    6.285713] usb usb2: Product: Freescale On-Chip EHCI Host Controller
[    6.292159] usb usb2: Manufacturer: Linux 5.1.1_T2080RDB ehci_hcd
[    6.298263] usb usb2: SerialNumber: fsl-ehci.1
[    6.302908] hub 2-0:1.0: USB hub found
[    6.306673] hub 2-0:1.0: 1 port detected
[    6.310869] usbcore: registered new interface driver usb-storage
[    6.317629] mousedev: PS/2 mouse device common for all mice
[    6.323688] i2c /dev entries driver
[    6.327997] mpc-i2c ffe118000.i2c: timeout 1000000 us
[    6.340385] rtc-ds1307 9-0068: registered as rtc0
[    6.345846] at24 9-0050: 32768 byte 24c256 EEPROM, writable, 1 bytes/write
[    6.352809] mpc-i2c ffe118100.i2c: timeout 1000000 us
[    6.358272] mpc-i2c ffe119000.i2c: timeout 1000000 us
[    6.363496] mpc-i2c ffe119100.i2c: timeout 1000000 us
[    6.369526] i2c i2c-10: Added multiplexed i2c bus 13
[    6.374619] i2c i2c-10: Added multiplexed i2c bus 14
[    6.379700] i2c i2c-10: Added multiplexed i2c bus 15
[    6.384782] i2c i2c-10: Added multiplexed i2c bus 16
[    6.389757] pca954x 10-0077: registered 4 multiplexed busses for I2C switch pca9546
[    6.398702] booke_wdt: powerpc book-e watchdog driver loaded
[    6.404876] device-mapper: uevent: version 1.0.3
[    6.409632] device-mapper: ioctl: 4.40.0-ioctl (2019-01-18) initialised: dm-devel@redhat.com
[    6.418084] Freescale(R) MPC85xx EDAC driver, (C) 2006 Montavista Software
[    6.425871] EDAC MC0: Giving out device to module fsl_ddr_edac controller fsl_mc_err: DEV fsl_mc_err (INTERRUPT)
[    6.436086] fsl_ddr_edac acquired irq 490 for MC
[    6.440705] fsl_ddr_edac MC err registered
[    6.445973] EDAC PCI0: Giving out device to module MPC85xx_edac controller mpc85xx_pci_err: DEV mpc85xx-pci-edac.0.auto (INTERRUPT)
[    6.457823] MPC85xx_edac acquired irq 21 for PCI Err
[    6.462789] MPC85xx_edac PCI err registered
[    6.467019] EDAC PCI1: Giving out device to module MPC85xx_edac controller mpc85xx_pci_err: DEV mpc85xx-pci-edac.1.auto (INTERRUPT)
[    6.478867] MPC85xx_edac acquired irq 23 for PCI Err
[    6.483833] MPC85xx_edac PCI err registered
[    6.488914] sdhci: Secure Digital Host Controller Interface driver
[    6.495100] sdhci: Copyright(c) Pierre Ossman
[    6.499524] sdhci-pltfm: SDHCI platform and OF driver helper
[    6.531063] mmc0: SDHCI controller on ffe114000.sdhc [ffe114000.sdhc] using ADMA 64-bit
[    6.539177] usb 1-1: new high-speed USB device number 2 using fsl-ehci
[    6.545848] ledtrig-cpu: registered to indicate activity on CPUs
[    6.552364] platform ffe301000.jr: Adding to iommu group 39
[    6.558278] platform ffe302000.jr: Adding to iommu group 41
[    6.564105] platform ffe303000.jr: Adding to iommu group 42
[    6.569932] platform ffe304000.jr: Adding to iommu group 43
[    6.576107] platform caam_qi: Linux CAAM Queue I/F driver initialised
[    6.582561] caam ffe300000.crypto: Instantiated RNG4 SH1
[    6.587877] caam ffe300000.crypto: device ID = 0x0a13020000000000 (Era 6)
[    6.594678] caam ffe300000.crypto: job rings = 4, qi = 1
[    6.608608] caam algorithms registered in /proc/crypto
[    6.611574] mmc0: new high speed SDHC card at address e624
[    6.619413] platform caam_qi: algorithms registered in /proc/crypto
[    6.619706] mmcblk0: mmc0:e624 SU16G 14.8 GiB
[    6.628489] caam_jr ffe301000.jr: registering rng-caam
[    6.635509]  mmcblk0: p1
[    6.635652] caam ffe300000.crypto: caam pkc algorithms registered in /proc/crypto
[    6.645754] hidraw: raw HID events driver (C) Jiri Kosina
[    6.651286] usbcore: registered new interface driver usbhid
[    6.656862] usbhid: USB HID core driver
[    6.660915] NET: Registered protocol family 40
[    6.665421] Freescale hypervisor management driver
[    6.670231] fsl-hv: no hypervisor found
[    6.674721] ipip: IPv4 and MPLS over IPv4 tunneling driver
[    6.675357] usb 1-1: New USB device found, idVendor=2109, idProduct=2811, bcdDevice=90.40
[    6.680477] gre: GRE over IPv4 demultiplexor driver
[    6.688398] usb 1-1: New USB device strings: Mfr=1, Product=2, SerialNumber=0
[    6.688400] usb 1-1: Product: USB2.0 Hub
[    6.693278] ip_gre: GRE over IPv4 tunneling driver
[    6.700418] usb 1-1: Manufacturer: VIA Labs, Inc.
[    6.706037] IPv4 over IPsec tunneling driver
[    6.710784] hub 1-1:1.0: USB hub found
[    6.715961] Initializing XFRM netlink socket
[    6.720233] hub 1-1:1.0: 4 ports detected
[    6.724074] NET: Registered protocol family 10
[    6.737141] Segment Routing with IPv6
[    6.740848] mip6: Mobile IPv6
[    6.744104] sit: IPv6, IPv4 and MPLS over IPv4 tunneling driver
[    6.750524] NET: Registered protocol family 17
[    6.754981] NET: Registered protocol family 15
[    6.759451] lec:lane_module_init: lec.c: initialized
[    6.764419] mpoa:atm_mpoa_init: mpc.c: initialized
[    6.769225] l2tp_core: L2TP core driver, V2.0
[    6.773583] l2tp_netlink: L2TP netlink interface
[    6.782483] DCCP: Activated CCID 2 (TCP-like)
[    6.786860] DCCP: Activated CCID 3 (TCP-Friendly Rate Control)
[    6.793059] sctp: Hash tables configured (bind 256/256)
[    6.798559] NET: Registered protocol family 21
[    6.803108] Registered RDS/tcp transport
[    6.807032] lib80211: common routines for IEEE802.11 drivers
[    6.812701] tipc: Activated (version 2.0.0)
[    6.816915] NET: Registered protocol family 30
[    6.821408] tipc: Started in single node mode
[    6.825779] Key type dns_resolver registered
[    6.830262] batman_adv: B.A.T.M.A.N. advanced 2019.1 (compatibility version 15) loaded
[    6.838201] mpls_gso: MPLS GSO support
[    6.842157] drmem: No dynamic reconfiguration memory found
[    6.847980] registered taskstats version 1
[    6.852079] Loading compiled-in X.509 certificates
[    6.856951] zswap: loaded using pool lzo/zbud
[    6.862011] Btrfs loaded, crc32c=crc32c-generic
[    6.866939] Key type encrypted registered
[    6.871985] gtp: GTP module loaded (pdp ctx size 104 bytes)
[    6.878704] rtc-ds1307 9-0068: setting system clock to 2019-05-11T11:07:17 UTC (1557572837)
[    6.887328] cfg80211: Loading compiled-in X.509 certificates for regulatory database
[    6.895711] cfg80211: Loaded X.509 cert 'sforshee: 00b28ddf47aef9cea7'
[    6.902315] platform regulatory.0: Direct firmware load for regulatory.db failed with error -2
[    6.910945] cfg80211: failed to load regulatory.db
[    6.916146] Waiting 5 sec before mounting root device...
[    7.017177] usb 1-1.3: new high-speed USB device number 3 using fsl-ehci
[    7.078176] usb 2-1: new high-speed USB device number 2 using fsl-ehci
[    7.114734] usb 1-1.3: New USB device found, idVendor=1a40, idProduct=0101, bcdDevice= 1.11
[    7.123096] usb 1-1.3: New USB device strings: Mfr=0, Product=1, SerialNumber=0
[    7.130412] usb 1-1.3: Product: USB 2.0 Hub
[    7.134909] hub 1-1.3:1.0: USB hub found
[    7.138984] hub 1-1.3:1.0: 4 ports detected
[    7.212957] usb 2-1: New USB device found, idVendor=0586, idProduct=3401, bcdDevice=48.10
[    7.221145] usb 2-1: New USB device strings: Mfr=16, Product=32, SerialNumber=0
[    7.228467] usb 2-1: Product: ZyAIR G-220
[    7.232479] usb 2-1: Manufacturer: ZyXEL
[    7.352176] usb 2-1: reset high-speed USB device number 2 using fsl-ehci
[    7.487243] zd1211rw 2-1:1.0: phy0
[    7.524177] usb 1-1.3.2: new low-speed USB device number 4 using fsl-ehci
[    7.726488] usb 1-1.3.2: New USB device found, idVendor=046d, idProduct=c018, bcdDevice=43.01
[    7.735022] usb 1-1.3.2: New USB device strings: Mfr=1, Product=2, SerialNumber=0
[    7.742511] usb 1-1.3.2: Product: USB Optical Mouse
[    7.747394] usb 1-1.3.2: Manufacturer: Logitech
[    7.754320] input: Logitech USB Optical Mouse as /devices/platform/ffe000000.soc/ffe210000.usb/fsl-ehci.0/usb1/1-1/1-1.3/1-1.3.2/1-1.3.2:1.0/0003:046D:C018.0001/input/input0
[    7.770006] hid-generic 0003:046D:C018.0001: input,hidraw0: USB HID v1.11 Mouse [Logitech USB Optical Mouse] on usb-fsl-ehci.0-1.3.2/input0
[    7.964176] usb 1-1.3.3: new low-speed USB device number 5 using fsl-ehci
[    8.167743] usb 1-1.3.3: New USB device found, idVendor=046d, idProduct=c31c, bcdDevice=64.00
[    8.176277] usb 1-1.3.3: New USB device strings: Mfr=1, Product=2, SerialNumber=0
[    8.183767] usb 1-1.3.3: Product: USB Keyboard
[    8.188215] usb 1-1.3.3: Manufacturer: Logitech
[    8.197902] input: Logitech USB Keyboard as /devices/platform/ffe000000.soc/ffe210000.usb/fsl-ehci.0/usb1/1-1/1-1.3/1-1.3.3/1-1.3.3:1.0/0003:046D:C31C.0002/input/input1
[    8.264539] hid-generic 0003:046D:C31C.0002: input,hidraw1: USB HID v1.10 Keyboard [Logitech USB Keyboard] on usb-fsl-ehci.0-1.3.3/input0
[    8.282678] input: Logitech USB Keyboard Consumer Control as /devices/platform/ffe000000.soc/ffe210000.usb/fsl-ehci.0/usb1/1-1/1-1.3/1-1.3.3/1-1.3.3:1.1/0003:046D:C31C.0003/input/input2
[    8.351300] input: Logitech USB Keyboard System Control as /devices/platform/ffe000000.soc/ffe210000.usb/fsl-ehci.0/usb1/1-1/1-1.3/1-1.3.3/1-1.3.3:1.1/0003:046D:C31C.0003/input/input3
[    8.367786] hid-generic 0003:046D:C31C.0003: input,hidraw2: USB HID v1.10 Device [Logitech USB Keyboard] on usb-fsl-ehci.0-1.3.3/input1
[    8.556176] usb 1-1.3.4: new high-speed USB device number 6 using fsl-ehci
[    8.755493] usb 1-1.3.4: New USB device found, idVendor=04e8, idProduct=3328, bcdDevice= 1.00
[    8.764029] usb 1-1.3.4: New USB device strings: Mfr=1, Product=2, SerialNumber=3
[    8.771520] usb 1-1.3.4: Product: M283x Series
[    8.775965] usb 1-1.3.4: Manufacturer: Samsung Electronics Co., Ltd.
[    8.782325] usb 1-1.3.4: SerialNumber: 071WB8GG6F006TA
[   12.340201] md: Waiting for all devices to be available before autodetect
[   12.347000] md: If you don't use raid, use raid=noautodetect
[   12.352975] md: Autodetecting RAID arrays.
[   12.357084] md: autorun ...
[   12.359879] md: ... autorun DONE.
[   12.391751] EXT4-fs (sda1): mounted filesystem with ordered data mode. Opts: (null)
[   12.399441] VFS: Mounted root (ext4 filesystem) on device 8:1.
[   12.406574] devtmpfs: mounted
[   12.409758] Freeing unused kernel memory: 928K
[   12.414205] This architecture does not have kernel memory protection.
[   12.420652] Run /sbin/init as init process
[   12.595223] systemd[1]: systemd 241 running in system mode. (+PAM +AUDIT +SELINUX +IMA +APPARMOR +SMACK +SYSVINIT +UTMP +LIBCRYPTSETUP +GCRYPT +GNUTLS +ACL +XZ +LZ4 +SECCOMP +BLKID +ELFUTILS +KMOD -IDN2 +IDN -PCRE2 default-hierarchy=hybrid)
[   12.616807] systemd[1]: Detected architecture ppc64.
Welcome to Debian GNU/Linux 10 (buster)!
[   12.638315] systemd[1]: Set hostname to <t2080rdb>.
[   12.762837] random: lvmconfig: uninitialized urandom read (4 bytes read)
[   12.798388] systemd[1]: File /lib/systemd/system/systemd-journald.service:12 configures an IP firewall (IPAddressDeny=any), but the local system does not support BPF/cgroup based firewalling.
[   12.815465] systemd[1]: Proceeding WITHOUT firewalling in effect! (This warning is only shown for the first loaded unit using IP firewalling.)
[   12.942738] systemd[1]: /lib/systemd/system/spice-vdagentd.service:8: PIDFile= references path below legacy directory /var/run/, updating /var/run/spice-vdagentd/spice-vdagentd.pid â†’ /run/spice-vdagentd/spice-vdagentd.pid; please update the unit file accordingly.
[   12.969037] random: systemd: uninitialized urandom read (16 bytes read)
[   12.979925] random: systemd: uninitialized urandom read (16 bytes read)
[   12.986710] systemd[1]: Listening on multipathd control socket.
[ OK ] Listening on multipathd control socket.
[   13.002507] systemd[1]: Listening on Journal Audit Socket.
[ OK ] Listening on Journal Audit Socket.
[   13.016430] systemd[1]: Listening on Journal Socket.
[ OK ] Listening on Journal Socket.
[   13.032711] systemd[1]: Starting Load Kernel Modules...
         Starting Load Kernel Modules...
         Mounting Kernel Debug File System...
[ OK ] Listening on udev Kernel Socket.
[ OK ] Listening on Device-mapper event daemon FIFOs.
         Starting Monitoring of LVMmeventd or progress polling...
         Mounting Huge Pages File System...
[ OK ] Listening on initctl Compatibility Named Pipe.
[ OK ] Listening on Syslog Socket.
[ OK ] Listening on LVM2 poll daemon socket.
[ OK ] Started Forward Password Ruests to Wall Directory Watch.
[ OK ] Created slice User and Session Slice.
[ OK ] Reached target Slices.
[ OK ] Reached target User and Group Name Lookups.
         Starting Create list of reodes for the current kernel...
[ OK ] Listening on Journal Socket (/dev/log).
         Starting Journal Service...
         Mounting POSIX Message Queue File System...
[ OK ] Created slice system-serial\x2dgetty.slice.
[ OK ] Listening on udev Control Socket.
         Starting udev Coldplug all Devices...
         Starting Set the console keyboard layout...
[ OK ] Set up automount Arbitrarys File System Automount Point.
[ OK ] Created slice system-getty.slice.
[ OK ] Reached target Remote File Systems.
[ OK ] Listening on fsck to fsckd communication Socket.
         Starting Remount Root and Kernel File Systems...
[ OK ] Started Load Kernel Modules.
[ OK ] Mounted Kernel Debug File System.
[ OK ] Mounted Huge Pages File System.
[ OK ] Started Create list of req nodes for the current kernel.
[ OK ] Mounted POSIX Message Queue File System.
         Starting Apply Kernel Variables...
         Mounting FUSE Control File System...
         Mounting Kernel Configuration File System...
[ OK ] Mounted FUSE Control File System.
[ OK ] Started Apply Kernel Variables.
[ OK ] Mounted Kernel Configuration File System.
[ OK ] Started Journal Service.
[ OK ] Started Set the console keyboard layout.
[   13.660063] random: crng init done
[   13.663469] random: 7 urandom warning(s) missed due to ratelimiting
[ OK ] Started udev Coldplug all Devices.
         Starting udev Wait for Complete Device Initialization...
         Starting Helper to synchronize boot up for ifupdown...
[ OK ] Started Helper to synchronize boot up for ifupdown.
[   14.651343] EXT4-fs (sda1): re-mounted. Opts: errors=remount-ro
[ OK ] Started Remount Root and Kernel File Systems.
         Starting Load/Save Random Seed...
         Starting Flush Journal to Persistent Storage...
         Starting Create System Users...
[ OK ] Started Load/Save Random Seed.
[   14.724526] systemd-journald[3063]: Received request to flush runtime journal from PID 1
[ OK ] Started Create System Users.
[ OK ] Started Flush Journal to Persistent Storage.
         Starting Create Static Device Nodes in /dev...
[ OK ] Started Create Static Device Nodes in /dev.
         Starting udev Kernel Device Manager...
[ OK ] Started udev Kernel Device Manager.
         Starting Show Plymouth Boot Screen...
[ OK ] Started Show Plymouth Boot Screen.
[ OK ] Reached target Paths.
[ OK ] Reached target Local Encrypted Volumes.
[ OK ] Started Forward Password Rs to Plymouth Directory Watch.
[ OK ] Found device /dev/ttyS0.
[   15.147650] sd 0:0:0:0: Attached scsi generic sg0 type 0
[   15.247139] usblp 1-1.3.4:1.0: usblp0: USB Bidirectional printer dev 6 if 0 alt 0 proto 2 vid 0x04E8 pid 0x3328
[   15.257728] usbcore: registered new interface driver usblp
[ OK ] Reached target Printer.
[   15.643581] snd_hda_intel 0001:01:00.1: Force to snoop mode by module option
[ OK ] Started Monitoring of LVM2 dmeventd or progress polling.
[   15.687281] input: HDA ATI HDMI HDMI/DP,pcm=3 as /devices/platform/ffe270000.pcie/pci0001:00/0001:00:00.0/0001:01:00.1/sound/card0/input4
[ OK ] Found device Samsung_SSD_850 2.
[ OK ] Started udev Wait for Complete Device Initialization.
[ OK ] Listening on Load/Save RF itch Status /dev/rfkill Watch.
         Activating swap /dev/disk/1a9c-410e-9f89-faac9fbb2501...
[   18.334340] Adding 8388604k swap on /dev/sda2.  Priority:-2 extents:1 across:8388604k SSFS
[   18.343763] alua: device handler registered
[ OK ] Created slice system-zram\x2dsetup.slice.
[   18.353753] emc: device handler registered
         Starting Device-Mapper Multipath Device Controller...
[   18.364059] rdac: device handler registered
  Starting Load/Save RF Kill Switch Status...
[ OK ] Activated swap /dev/disk/b4-1a9c-410e-9f89-faac9fbb2501.
[ OK ] Started Load/Save RF Kill Switch Status.
[ OK ] Reached target Swap.
[ OK ] Started Device-Mapper Multipath Device Controller.
         Starting Availability of block devices...
[ OK ] Reached target Local File Systems (Pre).
[ OK ] Reached target Local File Systems.
         Starting Create Volatile Files and Directories...
         Starting Enable support fol executable binary formats...
         Starting Tell Plymouth To Write Out Runtime Data...
         Starting Set console font and keymap...
         Starting Raise network interfaces...
[ OK ] Started Availability of block devices.
         Mounting Arbitrary Executable File Formats File System...
[ OK ] Started Set console font and keymap.
[ OK ] Started Tell Plymouth To Write Out Runtime Data.
[ OK ] Mounted Arbitrary Executable File Formats File System.
[ OK ] Started Enable support fornal executable binary formats.
[ OK ] Started Create Volatile Files and Directories.
         Starting Update UTMP about System Boot/Shutdown...
         Starting Network Time Synchronization...
[ OK ] Started Update UTMP about System Boot/Shutdown.
[ OK ] Started Raise network interfaces.
[ OK ] Started Network Time Synchronization.
[ OK ] Reached target System Initialization.
[ OK ] Listening on Avahi mDNS/DNS-SD Stack Activation Socket.
[ OK ] Listening on Activation so for spice guest agent daemon.
[ OK ] Listening on D-Bus System Message Bus Socket.
[ OK ] Reached target Sockets.
[ OK ] Reached target Basic System.
         Starting Disk Manager...
[ OK ] Started Manage Sound Card State (restore and store).
         Starting System Logging Service...
         Starting Setup zram based device zram0...
         Starting Restore /etc/reso the ppp link was shut down...
         Starting Avahi mDNS/DNS-SD Stack...
         Starting LSB: handle speci hotkeys of Apple computers...
         Starting Modem Manager...
[ OK ] Started irqbalance daemon.
         Starting Remove Stale Onlit4 Metadata Check Snapshots...
[ OK ] Started Regular background program processing daemon.
         Starting Accounts Service...
[ OK ] Started D-Bus System Message Bus.
         Starting Network Manager...
         Starting Login Service...
         Starting Initialize hardware monitoring sensors...
[ OK ] Started Daily Cleanup of Temporary Directories.
         Starting Save/Restore Sound Card State...
         Starting WPA supplicant...
[ OK ] Reached target System Time Synchronized.
[ OK ] Started Periodic ext4 Onliata Check for All Filesystems.
[ OK ] Started Daily rotation of log files.
[ OK ] Started Daily man-db regeneration.
[ OK ] Started Daily apt download activities.
[ OK ] Started Daily apt upgrade and clean activities.
[ OK ] Started Trigger anacron every hour.
[ OK ] Started Clean PHP session files every 30 mins.
[ OK ] Reached target Timers.
[ OK ] Started Run anacron jobs.
[ OK ] Started System Logging Service.
[ OK ] Started Restore /etc/resolre the ppp link was shut down.
[ OK ] Started LSB: handle special hotkeys of Apple computers.
[ OK ] Started Save/Restore Sound Card State.
[ OK ] Started Initialize hardware monitoring sensors.
[ OK ] Started Setup zram based device zram0.
[ OK ] Reached target Sound Card.
[ OK ] Started WPA supplicant.
[ OK ] Started Avahi mDNS/DNS-SD Stack.
[ OK ] Started Login Service.
         Starting Authorization Manager...
[ OK ] Started Authorization Manager.
[ OK ] Started Accounts Service.
[ OK ] Started Network Manager.
[ OK ] Reached target Network.
         Starting OpenBSD Secure Shell server...
         Starting The Apache HTTP Server...
         Starting Permit User Sessions...
[ OK ] Started Unattended Upgrades Shutdown.
         Starting Network Manager Wait Online...
         Starting Hostname Service...
[ OK ] Started Permit User Sessions.
         Starting Light Display Manager...
         Starting Hold until boot process finishes up...
[ OK ] Started Modem Manager.
[ OK ] Started Remove Stale Onlinext4 Metadata Check Snapshots.
[ OK ] Started OpenBSD Secure Shell server.
[   19.384618] usb 2-1: firmware version 0x4330 and device bootcode version 0x4810 differ
[   19.477177] zd1211rw 2-1:1.0: firmware version 4605
[   19.522186] zd1211rw 2-1:1.0: zd1211 chip 0586:3401 v4810 high 00-a0-c5 AL2230_RF pa0 -----
[   19.862190] radeon_dp_aux_transfer_native: 90 callbacks suppressed

Debian GNU/Linux 10 t2080rdb ttyS0
t2080rdb login:

[   28.199059] wlan0: authenticate with 90:35:6e:41:19:78
[   28.238490] wlan0: send auth to 90:35:6e:41:19:78 (try 1/3)
[   28.245759] wlan0: authenticated
[   28.250209] wlan0: associate with 90:35:6e:41:19:78 (try 1/3)
[   28.258488] wlan0: RX AssocResp from 90:35:6e:41:19:78 (capab=0x411 status=0 aid=2)
[   28.266246] wlan0: associated
[   28.359372] IPv6: ADDRCONF(NETDEV_CHANGE): wlan0: link becomes ready
[   28.751205] radeon_dp_aux_transfer_native: 74 callbacks suppressed
[   32.438692] EXT4-fs (mmcblk0p1): mounting ext3 file system using the ext4 subsystem
[   32.457977] EXT4-fs (mmcblk0p1): mounted filesystem with ordered data mode. Opts: (null)
[  614.184836] pcieport 0001:00:00.0: AER: Corrected error received: 0001:00:00.0
[  614.184856] radeon 0001:01:00.0: 16.000 Gb/s available PCIe bandwidth, limited by 5 GT/s x4 link at 0001:00:00.0 (capable of 64.000 Gb/s with 5 GT/s x16 link)
[  614.192103] pcieport 0001:00:00.0: PCIe Bus Error: severity=Corrected, type=Data Link Layer, (Transmitter ID)
[  614.216219] pcieport 0001:00:00.0:   device [1957:0830] error status/mask=00001000/00006000
[  614.224594] pcieport 0001:00:00.0:    [12] Timeout
[  628.256076] radeon_dp_aux_transfer_native: 200 callbacks suppressed
[  641.652960] radeon_dp_aux_transfer_native: 242 callbacks suppressed
[  723.712421] pcieport 0001:00:00.0: AER: Multiple Corrected error received: 0001:00:00.0
[  723.720456] pcieport 0001:00:00.0: PCIe Bus Error: severity=Corrected, type=Data Link Layer, (Transmitter ID)
[  723.730407] pcieport 0001:00:00.0:   device [1957:0830] error status/mask=00001000/00006000
[  723.738804] pcieport 0001:00:00.0:    [12] Timeout
[  813.851559] pcieport 0001:00:00.0: AER: Multiple Corrected error received: 0001:00:00.0
[  813.859604] pcieport 0001:00:00.0: PCIe Bus Error: severity=Corrected, type=Data Link Layer, (Transmitter ID)
[  813.869549] pcieport 0001:00:00.0:   device [1957:0830] error status/mask=00001100/00006000
[  813.877922] pcieport 0001:00:00.0:    [ 8] Rollover
[  813.884062] pcieport 0001:00:00.0:    [12] Timeout
[  905.932472] pcieport 0001:00:00.0: AER: Multiple Corrected error received: 0001:00:00.0
[  905.940509] pcieport 0001:00:00.0: PCIe Bus Error: severity=Corrected, type=Data Link Layer, (Transmitter ID)
[  905.950455] pcieport 0001:00:00.0:   device [1957:0830] error status/mask=00001100/00006000
[  905.958884] pcieport 0001:00:00.0:    [ 8] Rollover
[  905.965014] pcieport 0001:00:00.0:    [12] Timeout
[  934.849152] pcieport 0001:00:00.0: AER: Multiple Corrected error received: 0001:00:00.0
[  934.857202] pcieport 0001:00:00.0: PCIe Bus Error: severity=Corrected, type=Data Link Layer, (Transmitter ID)
[  934.867163] pcieport 0001:00:00.0:   device [1957:0830] error status/mask=00001100/00006000
[  934.875545] pcieport 0001:00:00.0:    [ 8] Rollover
[  934.881688] pcieport 0001:00:00.0:    [12] Timeout
[  958.915515] pcieport 0001:00:00.0: AER: Multiple Corrected error received: 0001:00:00.0
[  958.923563] pcieport 0001:00:00.0: PCIe Bus Error: severity=Corrected, type=Data Link Layer, (Transmitter ID)
[  958.933531] pcieport 0001:00:00.0:   device [1957:0830] error status/mask=00001000/00006000
[  958.941912] pcieport 0001:00:00.0:    [12] Timeout
[ 1082.622186] radeon_dp_aux_transfer_native: 32 callbacks suppressed
[ 1193.968766] wlan0: deauthenticating from 90:35:6e:41:19:78 by local choice (Reason: 3=DEAUTH_LEAVING)
[ OK ] Stopped Login Service.
[ OK ] Started Show Plymouth Power Off Screen.
[ OK ] Stopped User Manager for UID 1000.
         Stopping User Runtime Directory /run/user/1000...
[ OK ] Unmounted /run/user/1000.
[ OK ] Stopped User Runtime Directory /run/user/1000.
[ OK ] Removed slice User Slice of UID 1000.
         Stopping Permit User Sessions...
[ OK ] Stopped Permit User Sessions.
[ OK ] Stopped target Network.
         Stopping WPA supplicant...
         Stopping Network Manager...
         Stopping Raise network interfaces...
[ OK ] Stopped target Remote File Systems.
[ OK ] Stopped target User and Group Name Lookups.
[ OK ] Stopped Raise network interfaces.
[ OK ] Stopped Network Manager.
[ OK ] Stopped WPA supplicant.
         Stopping D-Bus System Message Bus...
[ OK ] Stopped D-Bus System Message Bus.
[ OK ] Stopped target Basic System.
[ OK ] Stopped target Sockets.
[ OK ] Closed Avahi mDNS/DNS-SD Stack Activation Socket.
[ OK ] Closed Activation socket for spice guest agent daemon.
[ OK ] Closed Syslog Socket.
[ OK ] Stopped Forward Password Rs to Plymouth Directory Watch.
[ OK ] Stopped target Slices.
[ OK ] Removed slice User and Session Slice.
[ OK ] Stopped target Paths.
[ OK ] Closed D-Bus System Message Bus Socket.
[ OK ] Stopped target System Initialization.
[ OK ] Stopped Apply Kernel Variables.
         Stopping Network Time Synchronization...
[ OK ] Stopped Load Kernel Modules.
[ OK ] Stopped target Swap.
         Deactivating swap /dev/diswn-0x5002538d703965c3-part2...
         Stopping Load/Save Random Seed...
[ OK ] Stopped target Local Encrypted Volumes.
[ OK ] Stopped Forward Password Ruests to Wall Directory Watch.
         Stopping Update UTMP about System Boot/Shutdown.
[ 1194.646051] printk: systemd-shutdow: 39 output lines suppressed due to ratelimiting..
[ OK ] Stopped Network Time Synchronization.
[ OK ] Deactivated swap /dev/disk/wwn-0x5002538d703965c3-part2.
[ OK ] Deactivated swap /dev/disk/by-partuuid/83bd1d8c-02.
[ OK ] Deactivated swap /dev/diskSSD_850_S39FNWAH921721V-part2.
[ OK ] Deactivated swap /dev/diskO_512GB_S39FNWAH921721V-part2.
[ OK ] Deactivated swap /dev/diskrm-ffe220000.sata-ata-1-part2.
[ 1194.696837] systemd-shutdown[1]: Syncing filesystems and block devices.
[ 1194.706073] systemd-shutdown[1]: Sending SIGTERM to remaining processes...
[ OK ] Deactivated swap /dev/diskSSD_850_S39FNWAH921721V-part2
[ 1194.722116] systemd-journald[3063]: Received SIGTERM from PID 1 (systemd-shutdow)..
[ OK ] Deactivated swap /dev/disk/scsi-35002538d703965c3-part2.
[ 1194.734623] systemd-shutdown[1]: Sending SIGKILL to remaining processes...
[ OK ] Deactivated swap /dev/diskO_512GB_S39FNWAH921721V-part
[ 1194.750963] systemd-shutdown[1]: Unmounting file systems.
[ 1194.758375] [6510]: Remounting '/' read-only in with options 'errors=remount-ro,stripe=8191'.2.
[ OK ] Deactivated swap /dev/sda2.
[ OK ] Deactivated swap /dev/disk4-1a9c-410e-9f89-faac9fbb2501.
[ OK ] Stopped Load/Save Random Seed.
[ OK ] Stopped Update UTMP about System Boot/Shutdown.
[ OK ] Stopped Create Volatile Files and Directories.
[ OK ] Stopped target Local File Systems.
         Unmounting /media/ppc64/a03fa4-4495-b23b-229d59fda3d7...
[ OK ] Unmounted /media/ppc64/a0f6-3fa4-4495-b23b-229d59fda3d7.
[ OK ] Reached target Unmount All Filesystems.
[ OK ] Stopped target Local File Systems (Pre).
         Stopping Device-Mapper Multipath Device Controller...
[ 1194.837265] EXT4-fs (sda1): re-mounted. Opts: errors=remount-ro,stripe=8191
         Stopping Monitoring of LVMmeventd or progress polling...
[ OK ] Stopped Create Static Device Nodes in /dev.
[ OK ] Stopped Create System Users.
[ OK ] Stopped Remount Root and Kernel File Systems.
         Stopping[ 1194.878252] systemd-shutdown[1]: All filesystems unmounted.
[ 1194.884033] systemd-shutdown[1]: Deactivating swaps.
[ 1194.889225] systemd-shutdown[1]: All swaps deactivated.
[ 1194.894676] systemd-shutdown[1]: Detaching loop devices.
         Clean the /media/3b-229d59fda3d7 mount point...
[ 1194.902358] systemd-shutdown[1]: All loop devices detached.
[ 1194.908100] systemd-shutdown[1]: Detaching DM devices.
[ OK ] Stopped Clean the /media/pb23b-229d59fda3d7 mount point.
[ OK ] Removed slice system-clean\x2dmount\x2dpoint.slice.
[ OK ] Reached target Shutdown.
[ OK ] Reached target Final Step.
[ OK ] Started Power-Off.
[ OK ] Reached target Power-Off.
[ 1195.906682] kvm: exiting hardware virtualization
[ 1195.912982] sd 0:0:0:0: [sda] Synchronizing SCSI cache
[ 1195.919614] sd 0:0:0:0: [sda] Stopping disk
[ 1196.126424] reboot: System halted
[ 1196.129755] System Halted, OK to turn off power
