SD boot...
Initializing....using SPD
2 GiB left unmapped


U-Boot 2016.092.0+ga06b209 (Jul 12 2018 - 23:44:34 +0200)

CPU0:  T2080E, Version: 1.1, (0x85380011)
Core:  e6500, Version: 2.0, (0x80400120)
Clock Configuration:
       CPU0:1799.820 MHz, CPU1:1799.820 MHz, CPU2:1799.820 MHz, CPU3:1799.820 MHz, 
       CCB:599.940 MHz,
       DDR:933.310 MHz (1866.620 MT/s data rate) (Asynchronous), IFC:599.940 MHz
       FMAN1: 699.930 MHz
       QMAN:  299.970 MHz
       PME:   599.940 MHz
L1:    D-cache 32 KiB enabled
       I-cache 32 KiB enabled
Reset Configuration Word (RCW):
       00000000: 1207001b 15000000 00000000 00000000
       00000010: 66150002 00000000 68104000 c1000000
       00000020: 00800000 00000000 00000000 000307fc
       00000030: 00000000 00000000 00000000 00000004
Board: T2080RDB, Board rev: 0x01 CPLD ver: 0x03, boot from SD/MMC
SERDES Reference Clocks:
SD1_CLK1=156.25MHZ, SD1_CLK2=100.00MHZ
SD2_CLK1=100.00MHZ, SD2_CLK2=100.00MHZ
I2C:   ready
SPI:   ready
DRAM:  Detected UDIMM D3XP56082XL10AA   
2 GiB left unmapped
4 GiB (DDR3, 64-bit, CL=13, ECC on)
       DDR Chip-Select Interleaving Mode: CS0+CS1
Flash: 128 MiB
L2:    2 MiB enabled
Corenet Platform Cache: 512 KiB enabled
Using SERDES1 Protocol: 102 (0x66)
Using SERDES2 Protocol: 21 (0x15)
SEC0: RNG instantiated
NAND:  512 MiB
MMC:   FSL_SDHC: 0
EEPROM: Invalid ID (ff ff ff ff)
PCIe1: Endpoint, undetermined, regs @ 0xfe240000
PCIe1: Bus 00 - 00
PCIe2: Root Complex, x1 gen1, regs @ 0xfe250000
PCIe2: Bus 01 - 02
PCIe3: disabled
PCIe4: Root Complex, no link, regs @ 0xfe270000
PCIe4: Bus 03 - 03
Video: No radeon video card found!
In:    serial
Out:   serial
Err:   serial
Net:   
MMC read: dev # 0, block # 2080, count 128 ...
Fman1: Uploading microcode version 106.4.18
MMC read: dev # 0, block # 2208, count 512 ...
Not found Cortina PHY ucode at 0x00114000
MMC read: dev # 0, block # 2208, count 512 ...
Not found Cortina PHY ucode at 0x00114000
FM1@DTSEC3 [PRIME], FM1@DTSEC4, FM1@TGEC1, FM1@TGEC2, FM1@TGEC3, FM1@TGEC4
Hit any key to stop autoboot: 10  9  8  7  6  5  4  3  2  1  0 
Device: FSL_SDHC
Manufacturer ID: 3
OEM: 5344
Name: SU16G 
Tran Speed: 50000000
Rd Block Len: 512
SD version 3.0
High Capacity: Yes
Capacity: 14.8 GiB
Bus Width: 4-bit
Erase Group Size: 512 Bytes
12073898 bytes read in 614 ms (18.8 MiB/s)
36545 bytes read in 57 ms (626 KiB/s)
WARNING: adjusting available memory to 30000000
## Booting kernel from Legacy Image at 03000000 ...
   Image Name:   Linux-5.6.15_T2080RDB
   Image Type:   PowerPC Linux Kernel Image (gzip compressed)
   Data Size:    12073834 Bytes = 11.5 MiB
   Load Address: 00000000
   Entry Point:  00000000
   Verifying Checksum ... OK
## Flattened Device Tree blob at 05000000
   Booting using the fdt blob at 0x5000000
   Uncompressing Kernel Image ... OK
   Loading Device Tree to 03fe4000, end 03fffec0 ... OK
OF: reserved mem: initialized node qman-fqd, compatible id fsl,qman-fqd
OF: reserved mem: initialized node qman-pfdr, compatible id fsl,qman-pfdr
OF: reserved mem: initialized node bman-fbpr, compatible id fsl,bman-fbpr
MMU: Supported page sizes
         4 KB as direct
      2048 KB as direct & indirect
      4096 KB as direct
     16384 KB as direct
     65536 KB as direct
    262144 KB as direct
   1048576 KB as direct
MMU: Book3E HW tablewalk enabled
Linux version 5.6.15_T2080RDB (mario@mario-VirtualBox) (gcc version 9.2.1 20191008 (Ubuntu 9.2.1-9ubuntu1)) #1 SMP PREEMPT Sat May 30 22:31:40 CEST 2020
Using CoreNet Generic machine description
ioremap() called early from .find_legacy_serial_ports+0x6d0/0x7c0. Use early_ioremap() instead
printk: bootconsole [udbg0] enabled
CPU maps initialized for 2 threads per core
-----------------------------------------------------
phys_mem_size     = 0x100000000
dcache_bsize      = 0x40
icache_bsize      = 0x40
cpu_features      = 0x00000003009003b6
  possible        = 0x00000003009003b6
  always          = 0x00000003008003b4
cpu_user_features = 0xdc008000 0x08000000
mmu_features      = 0x000a0010
firmware_features = 0x0000000000000000
-----------------------------------------------------
ioremap() called early from .of_iomap+0x3c/0x80. Use early_ioremap() instead
CoreNet Generic board
barrier-nospec: using isync; sync as speculation barrier
Zone ranges:
  DMA      [mem 0x0000000000000000-0x000000007fffffff]
  Normal   [mem 0x0000000080000000-0x00000000ffffffff]
Movable zone start for each node
Early memory node ranges
  node   0: [mem 0x0000000000000000-0x00000000ffffffff]
Initmem setup node 0 [mem 0x0000000000000000-0x00000000ffffffff]
MMU: Allocated 2112 bytes of context maps for 255 contexts
percpu: Embedded 21 pages/cpu s45840 r0 d40176 u262144
Built 1 zonelists, mobility grouping on.  Total pages: 1034240
Kernel command line: root=/dev/sda1 rw rootdelay=5 console=ttyS0,115200
Dentry cache hash table entries: 524288 (order: 10, 4194304 bytes, linear)
Inode-cache hash table entries: 262144 (order: 9, 2097152 bytes, linear)
mem auto-init: stack:off, heap alloc:off, heap free:off
Memory: 3951332K/4194304K available (17820K kernel code, 2152K rwdata, 7308K rodata, 504K init, 759K bss, 242972K reserved, 0K cma-reserved)
SLUB: HWalign=64, Order=0-3, MinObjects=0, CPUs=4, Nodes=1
rcu: Preemptible hierarchical RCU implementation.
	Tasks RCU enabled.
rcu: RCU calculated value of scheduler-enlistment delay is 100 jiffies.
NR_IRQS: 512, nr_irqs: 512, preallocated irqs: 16
mpic: Setting up MPIC " OpenPIC  " version 1.2 at ffe040000, max 4 CPUs
mpic: ISU size: 512, shift: 9, mask: 1ff
mpic: Initializing for 512 sources
random: get_random_u64 called from .start_kernel+0x6e0/0x938 with crng_init=0
clocksource: timebase: mask: 0xffffffffffffffff max_cycles: 0x8a5d528ca, max_idle_ns: 440795203517 ns
clocksource: timebase mult[1aab5972] shift[24] registered
Console: colour dummy device 80x25
pid_max: default: 32768 minimum: 301
Mount-cache hash table entries: 8192 (order: 4, 65536 bytes, linear)
Mountpoint-cache hash table entries: 8192 (order: 4, 65536 bytes, linear)
*** VALIDATE tmpfs ***
*** VALIDATE proc ***
*** VALIDATE cgroup ***
*** VALIDATE cgroup2 ***
e6500 family performance monitor hardware support registered
rcu: Hierarchical SRCU implementation.
smp: Bringing up secondary CPUs ...
smp: Brought up 1 node, 4 CPUs
Using shared cache scheduler topology
devtmpfs: initialized
clocksource: jiffies: mask: 0xffffffff max_cycles: 0xffffffff, max_idle_ns: 1911260446275000 ns
futex hash table entries: 1024 (order: 4, 65536 bytes, linear)
xor: measuring software checksum speed
   8regs     :  3560.000 MB/sec
   8regs_prefetch:  3188.000 MB/sec
   32regs    :  2848.000 MB/sec
   32regs_prefetch:  2680.000 MB/sec
   altivec   :  5624.000 MB/sec
xor: using function: altivec (5624.000 MB/sec)
thermal_sys: Registered thermal governor 'step_wise'
NET: Registered protocol family 16
cpuidle: using governor ladder
cpuidle: using governor menu
Machine: fsl,T2080RDB
SoC family: QorIQ T2080
SoC ID: svr:0x85380011, Revision: 1.1
fsl-pci ffe240000.pcie: Invalid size 0xfffff9 for dma-range
fsl-pci ffe250000.pcie: Invalid size 0xfffff9 for dma-range
Found FSL PCI host bridge at 0x0000000ffe250000. Firmware bus number: 0->1
PCI host bridge /pcie@ffe250000  ranges:
 MEM 0x0000000c20000000..0x0000000c2fffffff -> 0x00000000e0000000 
  IO 0x0000000ff8010000..0x0000000ff801ffff -> 0x0000000000000000
/pcie@ffe250000: PCICSRBAR @ 0xff000007
setup_pci_atmu: end of DRAM 100000000
/pcie@ffe250000: Setup 64-bit PCI DMA window
/pcie@ffe250000: WARNING: Outbound window cfg leaves gaps in memory map. Adjusting the memory map could reduce unnecessary bounce buffering.
/pcie@ffe250000: DMA window size is 0xe0000000
fsl-pci ffe270000.pcie: Invalid size 0xfffff9 for dma-range
Found FSL PCI host bridge at 0x0000000ffe270000. Firmware bus number: 0->0
PCI host bridge /pcie@ffe270000  ranges:
 MEM 0x0000000c40000000..0x0000000c5fffffff -> 0x00000000e0000000 
  IO 0x0000000ff8030000..0x0000000ff803ffff -> 0x0000000000000000
/pcie@ffe270000: PCICSRBAR @ 0xdf000007
setup_pci_atmu: end of DRAM 100000000
/pcie@ffe270000: Setup 64-bit PCI DMA window
/pcie@ffe270000: DMA window size is 0xdf000007
software IO TLB: mapped [mem 0x03ff7000-0x07ff7000] (64MB)
PCI: Probing PCI hardware
fsl-pci ffe250000.pcie: PCI host bridge to bus 0000:00
pci_bus 0000:00: root bus resource [io  0x8000080000010000-0x800008000001ffff] (bus address [0x0000-0xffff])
pci_bus 0000:00: root bus resource [mem 0xc20000000-0xc2fffffff] (bus address [0xe0000000-0xefffffff])
pci_bus 0000:00: root bus resource [bus 00-01]
pci_bus 0000:00: busn_res: [bus 00-01] end is updated to ff
pci 0000:00:00.0: [1957:0830] type 01 class 0x0b2000
pci 0000:00:00.0: [Firmware Bug]: reg 0x10: invalid BAR (can't size)
pci 0000:00:00.0: reg 0x38: [mem 0xc20000000-0xc20ffffff pref]
pci 0000:00:00.0: supports D1 D2
pci 0000:00:00.0: PME# supported from D0 D1 D2 D3hot
pci 0000:00:00.0: PCI bridge to [bus 01-ff]
pci 0000:00:00.0:   bridge window [mem 0xc20000000-0xc20ffffff]
pci_bus 0000:01: busn_res: [bus 01-ff] end is updated to 01
pci_bus 0000:00: busn_res: [bus 00-ff] end is updated to 01
fsl-pci ffe270000.pcie: PCI host bridge to bus 0001:00
pci_bus 0001:00: root bus resource [io  0x8000080000021000-0x8000080000030fff] (bus address [0x0000-0xffff])
pci_bus 0001:00: root bus resource [mem 0xc40000000-0xc5fffffff] (bus address [0xe0000000-0xffffffff])
pci_bus 0001:00: root bus resource [bus 00]
pci_bus 0001:00: busn_res: [bus 00] end is updated to ff
pci 0001:00:00.0: [1957:0830] type 01 class 0x0b2000
pci 0001:00:00.0: reg 0x10: [io  0xdf000004-0xdf000007]
pci 0001:00:00.0: reg 0x38: [mem 0x00000000-0x00ffffff pref]
pci 0001:00:00.0: supports D1 D2
pci 0001:00:00.0: PME# supported from D0 D1 D2 D3hot
pci 0001:00:00.0: bridge configuration invalid ([bus 00-00]), reconfiguring
pci 0001:00:00.0: PCI bridge to [bus 01-ff]
pci 0001:00:00.0:   bridge window [io  0x8000080000021000-0x8000080000021fff]
pci 0001:00:00.0:   bridge window [mem 0x00000000-0x000fffff]
pci 0001:00:00.0:   bridge window [mem 0x00000000-0x000fffff 64bit pref]
pci_bus 0001:01: busn_res: [bus 01-ff] end is updated to 01
pci_bus 0001:00: busn_res: [bus 00-ff] end is updated to 01
PCI: Cannot allocate resource region 6 of device 0000:00:00.0, will remap
PCI: Cannot allocate resource region 0 of device 0001:00:00.0, will remap
pci 0000:00:00.0: BAR 6: no space for [mem size 0x01000000 pref]
pci 0000:00:00.0: BAR 6: failed to assign [mem size 0x01000000 pref]
pci 0000:00:00.0: PCI bridge to [bus 01]
pci 0000:00:00.0:   bridge window [io  0x8000080000010000-0x800008000001ffff]
pci 0000:00:00.0:   bridge window [mem 0xc20000000-0xc2fffffff]
pci_bus 0000:00: resource 4 [io  0x8000080000010000-0x800008000001ffff]
pci_bus 0000:00: resource 5 [mem 0xc20000000-0xc2fffffff]
pci_bus 0000:01: resource 0 [io  0x8000080000010000-0x800008000001ffff]
pci_bus 0000:01: resource 1 [mem 0xc20000000-0xc2fffffff]
pci 0001:00:00.0: BAR 6: no space for [mem size 0x01000000 pref]
pci 0001:00:00.0: BAR 6: failed to assign [mem size 0x01000000 pref]
pci 0001:00:00.0: BAR 0: no space for [io  size 0x0004]
pci 0001:00:00.0: BAR 0: failed to assign [io  size 0x0004]
pci 0001:00:00.0: PCI bridge to [bus 01]
pci 0001:00:00.0:   bridge window [io  0x8000080000021000-0x8000080000030fff]
pci 0001:00:00.0:   bridge window [mem 0xc40000000-0xc5fffffff]
pci_bus 0001:00: Some PCI device resources are unassigned, try booting with pci=realloc
pci_bus 0001:00: resource 4 [io  0x8000080000021000-0x8000080000030fff]
pci_bus 0001:00: resource 5 [mem 0xc40000000-0xc5fffffff]
pci_bus 0001:01: resource 0 [io  0x8000080000021000-0x8000080000030fff]
pci_bus 0001:01: resource 1 [mem 0xc40000000-0xc5fffffff]
Setting up RapidIO peer-to-peer network /rapidio@ffe0c0000
fsl-of-rio ffe0c0000.rapidio: Of-device full name /rapidio@ffe0c0000
fsl-of-rio ffe0c0000.rapidio: Regs: [mem 0xffe0c0000-0xffe0d0fff]
fsl-of-rio ffe0c0000.rapidio: No valid fsl,srio-rmu-handle property
fsl-of-rio: probe of ffe0c0000.rapidio failed with error -2
raid6: altivecx8 gen()  4543 MB/s
raid6: altivecx4 gen()  4645 MB/s
raid6: altivecx2 gen()  4457 MB/s
raid6: altivecx1 gen()  3786 MB/s
raid6: int64x8  gen()  2126 MB/s
raid6: int64x8  xor()  1153 MB/s
raid6: int64x4  gen()  2345 MB/s
raid6: int64x4  xor()  1187 MB/s
raid6: int64x2  gen()  2046 MB/s
raid6: int64x2  xor()   999 MB/s
raid6: int64x1  gen()  1656 MB/s
raid6: int64x1  xor()   760 MB/s
raid6: using algorithm altivecx4 gen() 4645 MB/s
raid6: using intx1 recovery algorithm
Freescale Elo series DMA driver
fsl-elo-dma ffe100300.dma: #0 (fsl,eloplus-dma-channel), irq 28
fsl-elo-dma ffe100300.dma: #1 (fsl,eloplus-dma-channel), irq 29
fsl-elo-dma ffe100300.dma: #2 (fsl,eloplus-dma-channel), irq 30
fsl-elo-dma ffe100300.dma: #3 (fsl,eloplus-dma-channel), irq 31
fsl-elo-dma ffe100300.dma: #4 (fsl,eloplus-dma-channel), irq 76
fsl-elo-dma ffe100300.dma: #5 (fsl,eloplus-dma-channel), irq 77
fsl-elo-dma ffe100300.dma: #6 (fsl,eloplus-dma-channel), irq 78
fsl-elo-dma ffe100300.dma: #7 (fsl,eloplus-dma-channel), irq 79
fsl-elo-dma ffe101300.dma: #0 (fsl,eloplus-dma-channel), irq 32
fsl-elo-dma ffe101300.dma: #1 (fsl,eloplus-dma-channel), irq 33
fsl-elo-dma ffe101300.dma: #2 (fsl,eloplus-dma-channel), irq 34
fsl-elo-dma ffe101300.dma: #3 (fsl,eloplus-dma-channel), irq 35
fsl-elo-dma ffe101300.dma: #4 (fsl,eloplus-dma-channel), irq 80
fsl-elo-dma ffe101300.dma: #5 (fsl,eloplus-dma-channel), irq 81
fsl-elo-dma ffe101300.dma: #6 (fsl,eloplus-dma-channel), irq 82
fsl-elo-dma ffe101300.dma: #7 (fsl,eloplus-dma-channel), irq 83
fsl-elo-dma ffe102300.dma: #0 (fsl,eloplus-dma-channel), irq 464
fsl-elo-dma ffe102300.dma: #1 (fsl,eloplus-dma-channel), irq 465
fsl-elo-dma ffe102300.dma: #2 (fsl,eloplus-dma-channel), irq 466
fsl-elo-dma ffe102300.dma: #3 (fsl,eloplus-dma-channel), irq 467
fsl-elo-dma ffe102300.dma: #4 (fsl,eloplus-dma-channel), irq 473
fsl-elo-dma ffe102300.dma: #5 (fsl,eloplus-dma-channel), irq 474
fsl-elo-dma ffe102300.dma: #6 (fsl,eloplus-dma-channel), irq 475
fsl-elo-dma ffe102300.dma: #7 (fsl,eloplus-dma-channel), irq 476
vgaarb: loaded
SCSI subsystem initialized
usbcore: registered new interface driver usbfs
usbcore: registered new interface driver hub
usbcore: registered new device driver usb
pps_core: LinuxPPS API ver. 1 registered
pps_core: Software ver. 5.3.6 - Copyright 2005-2007 Rodolfo Giometti <giometti@linux.it>
PTP clock support registered
EDAC MC: Ver: 3.0.0
Advanced Linux Sound Architecture Driver Initialized.
NET: Registered protocol family 8
NET: Registered protocol family 20
clocksource: Switched to clocksource timebase
FS-Cache: Loaded
*** VALIDATE ramfs ***
CacheFiles: Loaded
NET: Registered protocol family 2
tcp_listen_portaddr_hash hash table entries: 2048 (order: 3, 32768 bytes, linear)
TCP established hash table entries: 32768 (order: 6, 262144 bytes, linear)
TCP bind hash table entries: 32768 (order: 7, 524288 bytes, linear)
TCP: Hash tables configured (established 32768 bind 32768)
UDP hash table entries: 2048 (order: 4, 65536 bytes, linear)
UDP-Lite hash table entries: 2048 (order: 4, 65536 bytes, linear)
NET: Registered protocol family 1
RPC: Registered named UNIX socket transport module.
RPC: Registered udp transport module.
RPC: Registered tcp transport module.
RPC: Registered tcp NFSv4.1 backchannel transport module.
PCI: CLS 32 bytes, default 64
Initialise system trusted keyrings
workingset: timestamp_bits=62 max_order=20 bucket_order=0
zbud: loaded
squashfs: version 4.0 (2009/01/31) Phillip Lougher
*** VALIDATE nfs ***
Key type cifs.idmap registered
ntfs: driver 2.1.32 [Flags: R/W].
jffs2: version 2.2. (NAND) (SUMMARY)  Â© 2001-2006 Red Hat, Inc.
*** VALIDATE jffs2 ***
fuse: init (API version 7.31)
*** VALIDATE fuseblk ***
*** VALIDATE fuse ***
NET: Registered protocol family 38
async_tx: api initialized (async)
Key type asymmetric registered
Asymmetric key parser 'x509' registered
Block layer SCSI generic (bsg) driver version 0.4 loaded (major 248)
io scheduler mq-deadline registered
io scheduler kyber registered
crc32: CRC_LE_BITS = 64, CRC_BE BITS = 64
crc32: self tests passed, processed 225944 bytes in 314832 nsec
crc32c: CRC_LE_BITS = 64
crc32c: self tests passed, processed 225944 bytes in 145668 nsec
crc32_combine: 8373 self tests passed
crc32c_combine: 8373 self tests passed
pcieport 0000:00:00.0: Invalid size 0xfffff9 for dma-range
pcieport 0000:00:00.0: PME: Signaling with IRQ 21
pcieport 0000:00:00.0: AER: enabled with IRQ 21
pcieport 0001:00:00.0: Invalid size 0xfffff9 for dma-range
pcieport 0001:00:00.0: PME: Signaling with IRQ 23
pcieport 0001:00:00.0: AER: enabled with IRQ 23
bman_portal ff4000000.bman-portal: Portal initialised, cpu 0
bman_portal ff4004000.bman-portal: Portal initialised, cpu 1
bman_portal ff4008000.bman-portal: Portal initialised, cpu 2
bman_portal ff400c000.bman-portal: Portal initialised, cpu 3
qman_portal ff6000000.qman-portal: Portal initialised, cpu 0
qman_portal ff6004000.qman-portal: Portal initialised, cpu 1
qman_portal ff6008000.qman-portal: Portal initialised, cpu 2
qman_portal ff600c000.qman-portal: Portal initialised, cpu 3
Serial: 8250/16550 driver, 4 ports, IRQ sharing enabled
printk: console [ttyS0] disabled
serial8250.0: ttyS0 at MMIO 0xffe11c500 (irq = 36, base_baud = 18748125) is a 16550A
printk: console [ttyS0] enabled
printk: console [ttyS0] enabled
printk: bootconsole [udbg0] disabled
printk: bootconsole [udbg0] disabled
serial8250.0: ttyS1 at MMIO 0xffe11c600 (irq = 36, base_baud = 18748125) is a 16550A
serial8250.0: ttyS2 at MMIO 0xffe11d500 (irq = 37, base_baud = 18748125) is a 16550A
serial8250.0: ttyS3 at MMIO 0xffe11d600 (irq = 37, base_baud = 18748125) is a 16550A
ePAPR hypervisor byte channel driver
[drm] radeon kernel modesetting enabled.
brd: module loaded
loop: module loaded
zram: Added device: zram0
fsl-sata ffe220000.sata: Sata FSL Platform/CSB Driver init
scsi host0: sata_fsl
ata1: SATA max UDMA/133 irq 68
fsl-sata ffe221000.sata: Sata FSL Platform/CSB Driver init
scsi host1: sata_fsl
ata2: SATA max UDMA/133 irq 69
fsl_espi ffe110000.spi: cs=0, init_csmode=0x100008
spi-nor spi0.0: found n25q512ax3, expected n25q512a
spi-nor spi0.0: n25q512ax3 (65536 Kbytes)
random: fast init done
ftl_cs: FTL header not found.
fsl_espi ffe110000.spi: at 0x(____ptrval____) (irq = 53)
libphy: Fixed MDIO Bus: probed
libphy: Freescale XGMAC MDIO Bus: probed
libphy: Freescale XGMAC MDIO Bus: probed
libphy: Freescale XGMAC MDIO Bus: probed
libphy: Freescale XGMAC MDIO Bus: probed
libphy: Freescale XGMAC MDIO Bus: probed
libphy: Freescale XGMAC MDIO Bus: probed
libphy: Freescale XGMAC MDIO Bus: probed
libphy: Freescale XGMAC MDIO Bus: probed
libphy: Freescale XGMAC MDIO Bus: probed
libphy: Freescale XGMAC MDIO Bus: probed
fsl_dpaa_mac ffe4e0000.ethernet: of_get_mac_address(/soc@ffe000000/fman@400000/ethernet@e0000) failed
fsl_dpaa_mac: probe of ffe4e0000.ethernet failed with error -22
fsl_dpaa_mac ffe4e2000.ethernet: of_get_mac_address(/soc@ffe000000/fman@400000/ethernet@e2000) failed
fsl_dpaa_mac: probe of ffe4e2000.ethernet failed with error -22
fsl_dpaa_mac ffe4e4000.ethernet: of_count_phandle_with_args(/soc@ffe000000/fman@400000/ethernet@e4000, fsl,fman-ports) failed
fsl_dpaa_mac: probe of ffe4e4000.ethernet failed with error -2
fsl_dpaa_mac ffe4e6000.ethernet: of_count_phandle_with_args(/soc@ffe000000/fman@400000/ethernet@e6000, fsl,fman-ports) failed
fsl_dpaa_mac: probe of ffe4e6000.ethernet failed with error -2
fsl_dpaa_mac ffe4f0000.ethernet: of_get_mac_address(/soc@ffe000000/fman@400000/ethernet@f0000) failed
fsl_dpaa_mac: probe of ffe4f0000.ethernet failed with error -22
fsl_dpaa_mac ffe4f2000.ethernet: of_get_mac_address(/soc@ffe000000/fman@400000/ethernet@f2000) failed
fsl_dpaa_mac: probe of ffe4f2000.ethernet failed with error -22
e1000: Intel(R) PRO/1000 Network Driver - version 7.3.21-k8-NAPI
e1000: Copyright (c) 1999-2006 Intel Corporation.
e1000e: Intel(R) PRO/1000 Network Driver - 3.2.6-k
e1000e: Copyright(c) 1999 - 2015 Intel Corporation.
PPP generic driver version 2.4.2
PPP BSD Compression module registered
PPP Deflate Compression module registered
PPP MPPE Compression module registered
NET: Registered protocol family 24
ehci_hcd: USB 2.0 'Enhanced' Host Controller (EHCI) Driver
ehci-pci: EHCI PCI platform driver
ohci_hcd: USB 1.1 'Open' Host Controller (OHCI) Driver
ohci-pci: OHCI PCI platform driver
ehci-fsl: Freescale EHCI Host controller driver
fsl-ehci fsl-ehci.0: Freescale On-Chip EHCI Host Controller
fsl-ehci fsl-ehci.0: new USB bus registered, assigned bus number 1
fsl-ehci fsl-ehci.0: irq 44, io mem 0xffe210000
fsl-ehci fsl-ehci.0: USB 2.0 started, EHCI 1.00
usb usb1: New USB device found, idVendor=1d6b, idProduct=0002, bcdDevice= 5.06
usb usb1: New USB device strings: Mfr=3, Product=2, SerialNumber=1
usb usb1: Product: Freescale On-Chip EHCI Host Controller
usb usb1: Manufacturer: Linux 5.6.15_T2080RDB ehci_hcd
usb usb1: SerialNumber: fsl-ehci.0
hub 1-0:1.0: USB hub found
hub 1-0:1.0: 1 port detected
fsl-ehci fsl-ehci.1: Freescale On-Chip EHCI Host Controller
fsl-ehci fsl-ehci.1: new USB bus registered, assigned bus number 2
fsl-ehci fsl-ehci.1: irq 45, io mem 0xffe211000
fsl-ehci fsl-ehci.1: USB 2.0 started, EHCI 1.00
usb usb2: New USB device found, idVendor=1d6b, idProduct=0002, bcdDevice= 5.06
usb usb2: New USB device strings: Mfr=3, Product=2, SerialNumber=1
usb usb2: Product: Freescale On-Chip EHCI Host Controller
usb usb2: Manufacturer: Linux 5.6.15_T2080RDB ehci_hcd
usb usb2: SerialNumber: fsl-ehci.1
hub 2-0:1.0: USB hub found
hub 2-0:1.0: 1 port detected
usbcore: registered new interface driver usblp
usbcore: registered new interface driver usb-storage
usbcore: registered new interface driver usbserial_generic
usbserial: USB Serial support registered for generic
usbcore: registered new interface driver ftdi_sio
usbserial: USB Serial support registered for FTDI USB Serial Device
mousedev: PS/2 mouse device common for all mice
i2c /dev entries driver
mpc-i2c ffe118000.i2c: timeout 1000000 us
rtc-ds1307 0-0068: SET TIME!
rtc-ds1307 0-0068: registered as rtc0
mpc-i2c ffe118100.i2c: timeout 1000000 us
mpc-i2c ffe119000.i2c: timeout 1000000 us
mpc-i2c ffe119100.i2c: timeout 1000000 us
i2c i2c-1: Added multiplexed i2c bus 4
i2c i2c-1: Added multiplexed i2c bus 5
i2c i2c-1: Added multiplexed i2c bus 6
i2c i2c-1: Added multiplexed i2c bus 7
pca954x 1-0077: registered 4 multiplexed busses for I2C switch pca9546
device-mapper: ioctl: 4.42.0-ioctl (2020-02-27) initialised: dm-devel@redhat.com
sdhci: Secure Digital Host Controller Interface driver
sdhci: Copyright(c) Pierre Ossman
sdhci-pltfm: SDHCI platform and OF driver helper
ata1: Signature Update detected @ 507 msecs
ata2: No Device OR PHYRDY change,Hstatus = 0xa0000000
ata2: SATA link down (SStatus 10 SControl 300)
mmc0: SDHCI controller on ffe114000.sdhc [ffe114000.sdhc] using ADMA 64-bit
ledtrig-cpu: registered to indicate activity on CPUs
hid: raw HID events driver (C) Jiri Kosina
usbcore: registered new interface driver usbhid
usbhid: USB HID core driver
Freescale hypervisor management driver
fsl-hv: no hypervisor found
usbcore: registered new interface driver snd-usb-audio
usbcore: registered new interface driver snd-ua101
usbcore: registered new interface driver snd-usb-usx2y
ipip: IPv4 and MPLS over IPv4 tunneling driver
IPv4 over IPsec tunneling driver
Initializing XFRM netlink socket
NET: Registered protocol family 10
Segment Routing with IPv6
mip6: Mobile IPv6
sit: IPv6, IPv4 and MPLS over IPv4 tunneling driver
NET: Registered protocol family 17
NET: Registered protocol family 15
mmc0: new high speed SDHC card at address e624
lec:lane_module_init: lec.c: initialized
mmcblk0: mmc0:e624 SU16G 14.8 GiB 
mpoa:atm_mpoa_init: mpc.c: initialized
l2tp_core: L2TP core driver, V2.0
 mmcblk0: p1
DCCP: Activated CCID 2 (TCP-like)
DCCP: Activated CCID 3 (TCP-Friendly Rate Control)
sctp: Hash tables configured (bind 256/256)
NET: Registered protocol family 21
Registered RDS/tcp transport
tipc: Activated (version 2.0.0)
NET: Registered protocol family 30
usb 1-1: new high-speed USB device number 2 using fsl-ehci
tipc: Started in single node mode
Key type dns_resolver registered
ata1: SATA link up 3.0 Gbps (SStatus 123 SControl 300)
batman_adv: B.A.T.M.A.N. advanced 2020.0 (compatibility version 15) loaded
ata1.00: supports DRM functions and may not be fully accessible
drmem: No dynamic reconfiguration memory found
ata1.00: ATA-9: Samsung SSD 850 PRO 512GB, EXM02B6Q, max UDMA/133
Loading compiled-in X.509 certificates
ata1.00: 1000215216 sectors, multi 1: LBA48 NCQ (depth 16/32)
zswap: loaded using pool lzo/zbud
ata1.00: ATA Identify Device Log not supported
Key type ._fscrypt registered
ata1.00: Security Log not supported
Key type .fscrypt registered
Key type fscrypt-provisioning registered
ata1.00: supports DRM functions and may not be fully accessible
Btrfs loaded, crc32c=crc32c-generic
ata1.00: ATA Identify Device Log not supported
Key type encrypted registered
ata1.00: Security Log not supported
ata1.00: configured for UDMA/133
rtc-ds1307 0-0068: setting system clock to 2000-01-01T00:00:15 UTC (946684815)
scsi 0:0:0:0: Direct-Access     ATA      Samsung SSD 850  2B6Q PQ: 0 ANSI: 5
ALSA device list:
sd 0:0:0:0: Attached scsi generic sg0 type 0
sd 0:0:0:0: [sda] 1000215216 512-byte logical blocks: (512 GB/477 GiB)
sd 0:0:0:0: [sda] Write Protect is off
sd 0:0:0:0: [sda] Write cache: enabled, read cache: enabled, doesn't support DPO or FUA
  #0: Virtual MIDI Card 1
 sda: sda1 sda2
Waiting 5 sec before mounting root device...
sd 0:0:0:0: [sda] Attached SCSI disk
usb 1-1: New USB device found, idVendor=2109, idProduct=2811, bcdDevice=90.40
usb 1-1: New USB device strings: Mfr=1, Product=2, SerialNumber=0
usb 1-1: Product: USB2.0 Hub             
usb 1-1: Manufacturer: VIA Labs, Inc.         
hub 1-1:1.0: USB hub found
hub 1-1:1.0: 4 ports detected
usb 1-1.1: new high-speed USB device number 3 using fsl-ehci
usb 1-1.1: New USB device found, idVendor=0781, idProduct=558b, bcdDevice= 1.00
usb 1-1.1: New USB device strings: Mfr=1, Product=2, SerialNumber=3
usb 1-1.1: Product: Extreme
usb 1-1.1: Manufacturer: SanDisk
usb 1-1.1: SerialNumber: 4C530001210315100573
usb-storage 1-1.1:1.0: USB Mass Storage device detected
scsi host2: usb-storage 1-1.1:1.0
usb 1-1.3: new low-speed USB device number 4 using fsl-ehci
usb 1-1.3: New USB device found, idVendor=046d, idProduct=c018, bcdDevice=43.01
usb 1-1.3: New USB device strings: Mfr=1, Product=2, SerialNumber=0
usb 1-1.3: Product: USB Optical Mouse
usb 1-1.3: Manufacturer: Logitech
input: Logitech USB Optical Mouse as /devices/platform/ffe000000.soc/ffe210000.usb/fsl-ehci.0/usb1/1-1/1-1.3/1-1.3:1.0/0003:046D:C018.0001/input/input0
hid-generic 0003:046D:C018.0001: input,hidraw0: USB HID v1.11 Mouse [Logitech USB Optical Mouse] on usb-fsl-ehci.0-1.3/input0
usb 1-1.4: new low-speed USB device number 5 using fsl-ehci
usb 1-1.4: New USB device found, idVendor=046d, idProduct=c31c, bcdDevice=64.00
usb 1-1.4: New USB device strings: Mfr=1, Product=2, SerialNumber=0
usb 1-1.4: Product: USB Keyboard
usb 1-1.4: Manufacturer: Logitech
input: Logitech USB Keyboard as /devices/platform/ffe000000.soc/ffe210000.usb/fsl-ehci.0/usb1/1-1/1-1.4/1-1.4:1.0/0003:046D:C31C.0002/input/input1
hid-generic 0003:046D:C31C.0002: input,hidraw1: USB HID v1.10 Keyboard [Logitech USB Keyboard] on usb-fsl-ehci.0-1.4/input0
input: Logitech USB Keyboard Consumer Control as /devices/platform/ffe000000.soc/ffe210000.usb/fsl-ehci.0/usb1/1-1/1-1.4/1-1.4:1.1/0003:046D:C31C.0003/input/input2
input: Logitech USB Keyboard System Control as /devices/platform/ffe000000.soc/ffe210000.usb/fsl-ehci.0/usb1/1-1/1-1.4/1-1.4:1.1/0003:046D:C31C.0003/input/input3
hid-generic 0003:046D:C31C.0003: input,hidraw2: USB HID v1.10 Device [Logitech USB Keyboard] on usb-fsl-ehci.0-1.4/input1
scsi 2:0:0:0: Direct-Access     SanDisk  Extreme          1.00 PQ: 0 ANSI: 6
sd 2:0:0:0: Attached scsi generic sg1 type 0
sd 2:0:0:0: [sdb] 122552320 512-byte logical blocks: (62.7 GB/58.4 GiB)
sd 2:0:0:0: [sdb] Write Protect is off
sd 2:0:0:0: [sdb] Write cache: disabled, read cache: enabled, doesn't support DPO or FUA
 sdb: sdb1 sdb2
sd 2:0:0:0: [sdb] Attached SCSI removable disk
md: Waiting for all devices to be available before autodetect
md: If you don't use raid, use raid=noautodetect
md: Autodetecting RAID arrays.
md: autorun ...
md: ... autorun DONE.
EXT4-fs (sda1): mounted filesystem with ordered data mode. Opts: (null)
VFS: Mounted root (ext4 filesystem) on device 8:1.
devtmpfs: mounted
Freeing unused kernel memory: 504K
This architecture does not have kernel memory protection.
Run /sbin/init as init process
systemd[1]: System time before build time, advancing clock.
systemd[1]: systemd 245.5-3 running in system mode. (+PAM +AUDIT +SELINUX +IMA +APPARMOR +SMACK +SYSVINIT +UTMP +LIBCRYPTSETUP +GCRYPT +GNUTLS +ACL +XZ +LZ4 +SECCOMP +BLKID +ELFUTILS +KMOD +IDN2 -IDN +PCRE2 default-hierarchy=hybrid)
systemd[1]: Detected architecture ppc64.

Welcome toDebian GNU/Linux bullseye/sid!

systemd[1]: Set hostname to <t2080rdb>.
systemd[1]: /lib/systemd/system/dbus.socket:5: ListenStream= references a path below legacy directory /var/run/, updating /var/run/dbus/system_bus_socket â /run/dbus/system_bus_socket; please update the unit file accordingly.
random: systemd: uninitialized urandom read (16 bytes read)
systemd[1]: system-getty.slice: unit configures an IP firewall, but the local system does not support BPF/cgroup firewalling.
systemd[1]: (This warning is only shown for the first unit using IP firewalling.)
systemd[1]: Created slice system-getty.slice.
[  OK  ]  Created slice system-getty.slice.
random: systemd: uninitialized urandom read (16 bytes read)
systemd[1]: Created slice system-modprobe.slice.
[  OK  ]  Created slice system-modprobe.slice.
random: systemd: uninitialized urandom read (16 bytes read)
systemd[1]: Created slice system-serial\x2dgetty.slice.
[  OK  ]  Created slice system-serial\x2dgetty.slice.
systemd[1]: Created slice User and Session Slice.
[  OK  ]  Created slice User and Session Slice.
systemd[1]: Started Forward Password Requests to Wall Directory Watch.
[  OK  ]  Started Forward Password Ruests to Wall Directory Watch.
systemd[1]: Set up automount Arbitrary Executable File Formats File System Automount Point.
[  OK  ]  Set up automount Arbitrarys File System Automount Point.
systemd[1]: Reached target User and Group Name Lookups.
[  OK  ]  Reached target User and Group Name Lookups.
systemd[1]: Reached target Remote File Systems.
[  OK  ]  Reached target Remote File Systems.
systemd[1]: Reached target Slices.
[  OK  ]  Reached target Slices.
systemd[1]: Listening on multipathd control socket.
[  OK  ]  Listening on multipathd control socket.
systemd[1]: Listening on Syslog Socket.
[  OK  ]  Listening on Syslog Socket.
systemd[1]: Listening on fsck to fsckd communication Socket.
[  OK  ]  Listening on fsck to fsckd communication Socket.
systemd[1]: Listening on initctl Compatibility Named Pipe.
[  OK  ]  Listening on initctl Compatibility Named Pipe.
systemd[1]: Condition check resulted in Journal Audit Socket being skipped.
systemd[1]: Listening on Journal Socket (/dev/log).
[  OK  ]  Listening on Journal Socket (/dev/log).
systemd[1]: Listening on Journal Socket.
[  OK  ]  Listening on Journal Socket.
systemd[1]: Listening on udev Control Socket.
[  OK  ]  Listening on udev Control Socket.
systemd[1]: Listening on udev Kernel Socket.
[  OK  ]  Listening on udev Kernel Socket.
systemd[1]: Condition check resulted in Huge Pages File System being skipped.
systemd[1]: Mounting POSIX Message Queue File System...
         Mounting POSIX Message Queue File System...
systemd[1]: Mounting Kernel Debug File System...
         Mounting Kernel Debug File System...
systemd[1]: Condition check resulted in Kernel Trace File System being skipped.
systemd[1]: Starting Set the console keyboard layout...
         Starting Set the console keyboard layout...
systemd[1]: Starting Create list of static device nodes for the current kernel...
         Starting Create list of stodes for the current kernel...
systemd[1]: Condition check resulted in Load Kernel Module drm being skipped.
systemd[1]: Condition check resulted in Set Up Additional Binary Formats being skipped.
systemd[1]: Condition check resulted in File System Check on Root Device being skipped.
systemd[1]: Starting Journal Service...
         Starting Journal Service...
systemd[1]: Starting Load Kernel Modules...
         Starting Load Kernel Modules...
systemd[1]: Starting Remount Root and Kernel File Systems...
         Starting Remount Root and Kernel File Systems...
systemd[1]: Starting udev Coldplug all Devices...
         Starting udev Coldplug all Devices...
systemd[1]: Mounted POSIX Message Queue File System.
[  OK  ]  Mounted POSIX Message Queue File System.
systemd[1]: Mounted Kernel Debug File System.
[  OK  ]  Mounted Kernel Debug File System.
systemd[1]: Finished Create list of static device nodes for the current kernel.
[  OK  ]  Finished Create list of st nodes for the current kernel.
systemd[1]: Finished Set the console keyboard layout.
[  OK  ]  Finished Set the console keyboard layout.
systemd[1]: Finished Load Kernel Modules.
[  OK  ]  Finished Load Kernel Modules.
systemd[1]: Mounting FUSE Control File System...
         Mounting FUSE Control File System...
systemd[1]: Mounting Kernel Configuration File System...
         Mounting Kernel Configuration File System...
systemd[1]: Starting Apply Kernel Variables...
         Starting Apply Kernel Variables...
systemd[1]: Mounted FUSE Control File System.
[  OK  ]  Mounted FUSE Control File System.
systemd[1]: Mounted Kernel Configuration File System.
[  OK  ]  Mounted Kernel Configuration File System.
systemd[1]: Finished Apply Kernel Variables.
[  OK  ]  Finished Apply Kernel Variables.
random: crng init done
random: 7 urandom warning(s) missed due to ratelimiting
systemd[1]: Finished udev Coldplug all Devices.
[  OK  ]  Finished udev Coldplug all Devices.
systemd[1]: Starting Helper to synchronize boot up for ifupdown...
         Starting Helper to synchronize boot up for ifupdown...
systemd[1]: Starting udev Wait for Complete Device Initialization...
         Starting udev Wait for Complete Device Initialization...
systemd[1]: Finished Helper to synchronize boot up for ifupdown.
[  OK  ]  Finished Helper to synchronize boot up for ifupdown.
systemd[1]: Started Journal Service.
[  OK  ]  Started Journal Service.
EXT4-fs (sda1): re-mounted. Opts: errors=remount-ro
[  OK  ]  Finished Remount Root and Kernel File Systems.
         Starting Flush Journal to Persistent Storage...
         Starting Load/Save Random Seed...
         Starting Create System Users...
systemd-journald[2398]: Received client request to flush runtime journal.
systemd-journald[2398]: File /var/log/journal/ae7a26de747946b6aef72b962574d4f2/system.journal corrupted or uncleanly shut down, renaming and replacing.
[  OK  ]  Finished Load/Save Random Seed.
[  OK  ]  Finished Create System Users.
         Starting Create Static Device Nodes in /dev...
[  OK  ]  Finished Create Static Device Nodes in /dev.
         Starting udev Kernel Device Manager...
[  OK  ]  Finished Flush Journal to Persistent Storage.
[  OK  ]  Started udev Kernel Device Manager.
         Starting Show Plymouth Boot Screen...
[  OK  ]  Started Show Plymouth Boot Screen.
[  OK  ]  Started Forward Password Rs to Plymouth Directory Watch.
[  OK  ]  Reached target Local Encrypted Volumes.
usbcore: registered new interface driver uas
[  OK  ]  Found device /dev/ttyS0.
[  OK  ]  Listening on Load/Save RF itch Status /dev/rfkill Watch.
[  OK  ]  Found device Samsung_SSD_850 2.
         Activating swap /dev/disk/1a9c-410e-9f89-faac9fbb2501...
Adding 8388604k swap on /dev/sda2.  Priority:-2 extents:1 across:8388604k SSFS
[  OK  ]  Activated swap /dev/disk/b4-1a9c-410e-9f89-faac9fbb2501.
[  OK  ]  Finished udev Wait for Complete Device Initialization.
[  OK  ]  Reached target Swap.
         Starting Device-Mapper Multipath Device Controller...
[ FAILED ] Failed to start Device-Mapr Multipath Device Controller.
See 'systemctl status multipathd.service' for details.
         Starting Device-Mapper Multipath Device Controller...
[ FAILED ] Failed to start Device-Mapr Multipath Device Controller.
See 'systemctl status multipathd.service' for details.
         Starting Device-Mapper Multipath Device Controller...
[ FAILED ] Failed to start Device-Mapr Multipath Device Controller.
See 'systemctl status multipathd.service' for details.
         Starting Device-Mapper Multipath Device Controller...
[ FAILED ] Failed to start Device-Mapr Multipath Device Controller.
See 'systemctl status multipathd.service' for details.
         Starting Device-Mapper Multipath Device Controller...
[ FAILED ] Failed to start Device-Mapr Multipath Device Controller.
See 'systemctl status multipathd.service' for details.
[ FAILED ] Failed to start Device-Mapr Multipath Device Controller.
See 'systemctl status multipathd.service' for details.
[  OK  ]  Reached target Local File Systems (Pre).
[  OK  ]  Reached target Local File Systems.
         Starting Enable support fol executable binary formats...
         Starting Set console font and keymap...
         Starting Raise network interfaces...
         Starting Tell Plymouth To Write Out Runtime Data...
         Starting Create Volatile Files and Directories...
         Mounting Arbitrary Executable File Formats File System...
[  OK  ]  Finished Set console font and keymap.
[  OK  ]  Finished Tell Plymouth To Write Out Runtime Data.
[  OK  ]  Mounted Arbitrary Executable File Formats File System.
[  OK  ]  Finished Enable support fonal executable binary formats.
[  OK  ]  Finished Create Volatile Files and Directories.
[  OK  ]  Started Entropy Daemon based on the HAVEGE algorithm.
         Starting Network Time Synchronization...
         Starting Update UTMP about System Boot/Shutdown...
[  OK  ]  Finished Update UTMP about System Boot/Shutdown.
[  OK  ]  Finished Raise network interfaces.
[  OK  ]  Started Network Time Synchronization.
[  OK  ]  Reached target System Initialization.
[  OK  ]  Started ACPI Events Check.
[  OK  ]  Started CUPS Scheduler.
[  OK  ]  Started Daily Cleanup of Temporary Directories.
[  OK  ]  Reached target Paths.
[  OK  ]  Reached target System Time Set.
[  OK  ]  Reached target System Time Synchronized.
[  OK  ]  Started Trigger anacron every hour.
[  OK  ]  Started Daily apt download activities.
systemd-journald[2398]: Failed to read journal file /var/log/journal/ae7a26de747946b6aef72b962574d4f2/user-1000.journal for rotation, trying to move it out of the way: Text file busy
[  OK  ]  Started Daily apt upgrade and clean activities.
[  OK  ]  Started Periodic ext4 Onliata Check for All Filesystems.
[  OK  ]  Started Daily exim4-base housekeeping.
[  OK  ]  Started Daily rotation of log files.
[  OK  ]  Started Daily man-db regeneration.
[  OK  ]  Reached target Timers.
[  OK  ]  Listening on ACPID Listen Socket.
[  OK  ]  Listening on Avahi mDNS/DNS-SD Stack Activation Socket.
[  OK  ]  Listening on CUPS Scheduler.
[  OK  ]  Listening on D-Bus System Message Bus Socket.
[  OK  ]  Listening on Activation so for spice guest agent daemon.
[  OK  ]  Reached target Sockets.
[  OK  ]  Reached target Basic System.
         Starting Accounts Service...
[  OK  ]  Started ACPI event daemon.
         Starting Save/Restore Sound Card State...
[  OK  ]  Started Run anacron jobs.
         Starting Deferred execution scheduler...
         Starting Avahi mDNS/DNS-SD Stack...
         Starting Bluetooth management mechanism...
[  OK  ]  Started Regular background program processing daemon.
[  OK  ]  Started CUPS Scheduler.
[  OK  ]  Started D-Bus System Message Bus.
         Starting Network Manager...
         Starting Remove Stale Onlit4 Metadata Check Snapshots...
         Starting Initialize hardware monitoring sensors...
         Starting LSB: LVM2 poll daemon...
         Starting LSB: handle speci hotkeys of Apple computers...
         Starting Authorization Manager...
         Starting Restore /etc/reso the ppp link was shut down...
         Starting LSB: Adaptive readahead daemon...
         Starting System Logging Service...
[  OK  ]  Started 3Dconnexion Input Devices Userspace Driver.
         Starting Login Service...
         Starting Disk Manager...
         Starting WPA supplicant...
[  OK  ]  Finished Save/Restore Sound Card State.
[  OK  ]  Started Deferred execution scheduler.
[  OK  ]  Started LSB: handle special hotkeys of Apple computers.
[  OK  ]  Finished Restore /etc/resore the ppp link was shut down.
[  OK  ]  Finished Initialize hardware monitoring sensors.
[  OK  ]  Started System Logging Service.
[  OK  ]  Reached target Sound Card.
[  OK  ]  Started LSB: LVM2 poll daemon.
[  OK  ]  Started LSB: Adaptive readahead daemon.
[  OK  ]  Finished Remove Stale Onliext4 Metadata Check Snapshots.
[  OK  ]  Started Avahi mDNS/DNS-SD Stack.
[  OK  ]  Started tipc: TX() has been purged, node left!
Make remote CUPS printers available locally.
[  OK  ]  Started WPA supplicant.
[  OK  ]  Started Network Manager.
[  OK  ]  Reached target Network.
         Starting Network Manager Wait Online...
[  OK  ]  Started Snapcast client.
         Starting OpenBSD Secure Shell server...
         Starting Permit User Sessions...
         Starting xrdp session manager...
[  OK  ]  Started Authorization Manager.
         Starting Modem Manager...
         Starting Manage, Install and Generate Color Profiles...
[  OK  ]  Started xrdp session manager.
[  OK  ]  Started Accounts Service.
         Starting Hostname Service...
         Starting xrdp daemon...
[  OK  ]  Finished Permit User Sessions.
         Starting Light Display Manager...
         Starting Hold until boot process finishes up...
[  OK  ]  Started Manage, Install and Generate Color Profiles.
[  OK  ]  Started OpenBSD Secure Shell server.
[  OK  ]  Started Modem Manager.
[  OK  ]  Started Disk Manager.
[  OK  ]  Started Bluetooth management mechanism.
[  OK  ]  Started xrdp daemon.
[  OK  ]  Started Login Service.
[  OK  ]  Started Unattended Upgrades Shutdown.
Debian GNU/Linux bullseye/sid t2080rdb ttyS0
t2080rdb login: ppc64
Password: 
Linux t2080rdb 5.6.15_T2080RDB #1 SMP PREEMPT Sat May 30 22:31:40 CEST 2020 ppc64
4 updates could not be installed automatically. For more details,
see /var/log/unattended-upgrades/unattended-upgrades.log
The programs included with the Debian GNU/Linux system are free software;
the exact distribution terms for each program are described in the
individual files in /usr/share/doc/*/copyright.
Debian GNU/Linux comes with ABSOLUTELY NO WARRANTY, to the extent
permitted by applicable law.
Last login: Sat May 23 09:52:03 CEST 2020 on ttyS0
You have new mail.
ppc64@t2080rdb:~$ sudo poweroff
[sudo] password for ppc64:
tipc: TX() has been purged, node left!
tipc: TX() has been purged, node left!
[  OK  ]  Stopped target Network is Online.
[  OK  ]  Stopped Network Manager Wait Online.
[  OK  ]  Stopped CUPS Scheduler.
[  OK  ]  Stopped Save/Restore Sound Card State.
[  OK  ]  Started Show Plymouth Power Off Screen.
[  OK  ]  Stopped xrdp session manager.
[  OK  ]  Stopped User Manager for UID 1000.
         Stopping User Runtime Directory /run/user/1000...
[  OK  ]  Unmounted /run/user/1000.
[  OK  ]  Stopped User Runtime Directory /run/user/1000.
[  OK  ]  Removed slice User Slice of UID 1000.
         Stopping Permit User Sessions...
[  OK  ]  Stopped Login Service.
[  OK  ]  Stopped Permit User Sessions.
[  OK  ]  Stopped target Network.
[  OK  ]  Stopped target User and Group Name Lookups.
         Stopping Network Manager...
         Stopping Raise network interfaces...
         Stopping WPA supplicant...
[  OK  ]  Stopped WPA supplicant.
[  OK  ]  Stopped Raise network interfaces.
[  OK  ]  Stopped Network Manager.
         Stopping D-Bus System Message Bus...
[  OK  ]  Stopped D-Bus System Message Bus.
[  OK  ]  Stopped LSB: Adaptive readahead daemon.
[  OK  ]  Stopped target Basic System.
[  OK  ]  Stopped Forward Password Rs to Plymouth Directory Watch.
[  OK  ]  Stopped target Paths.
[  OK  ]  Stopped ACPI Events Check.
[  OK  ]  Stopped CUPS Scheduler.
[  OK  ]  Stopped target Remote File Systems.
[  OK  ]  Stopped target Slices.
[  OK  ]  Removed slice User and Session Slice.
[  OK  ]  Stopped target Sockets.
[  OK  ]  Stopped target System Time Synchronized.
[  OK  ]  Stopped target System Time Set.
[  OK  ]  Closed ACPID Listen Socket.
[  OK  ]  Closed Avahi mDNS/DNS-SD Stack Activation Socket.
[  OK  ]  Closed CUPS Scheduler.
[  OK  ]  Closed D-Bus System Message Bus Socket.
[  OK  ]  Closed Activation socket for spice guest agent daemon.
[  OK  ]  Stopped target System Initialization.
[  OK  ]  Stopped target Local Encrypted Volumes.
[  OK  ]  Stopped Forward Password Ruests to Wall Directory Watch.
[  OK  ]  Stopped target Swap.
[  OK  ]  Closed Syslog Socket.
         Deactivating swap /dev/dis512GB_S39FNWAH921721V-part2...
[  OK  ]  Stopped Apply Kernel Variables.
[  OK  ]  Stopped Load Kernel Modules.
         Stopping Network Time Synchronization...
systemd-shutdown[1]: Syncing filesystems and block devices.
         Stopping Update UTMP about System Boot/Shutdown...
[  OK  ]  Stopped Network Time Synchronization.
[  OK  ]  Deactivated swap /dev/disk/wwn-0x5002538d703965c3-part2.
[  OK  ]  Deactivated swap /dev/diskSSD_850_S39FNWAH921721V-part2.
[  OK  ]  Deactivated swap /dev/disk/scsi-35002538d703965c3-part2.
[  OK  ]  Deactivated swap /dev/disk/by-partuuid/83bd1d8c-02.
systemd-shutdown[1]: Sending SIGTERM to remaining processes...
[  OK  ]  Deactivated swap /dev/disk_512GB_S39FNWAH921721V-part2.
systemd-journald[2398]: Received SIGTERM from PID 1 (systemd-shutdow).
[  OK  ]  Deactivated swap /dev/diskSSD_850_S39FNWAH921721V-part2.
[  OK  ]  Deactivated swap /dev/diskO_512GB_S39FNWAH921721V-part2.
systemd-shutdown[1]: Sending SIGKILL to remaining processes...
[  OK  ]  Deactivated swap /dev/diskrm-ffe220000.sata-[6904]: Remounting '/' read-only in with options 'errors=remount-ro,stripe=8191'.
systemd-shutdown[1]: Unmounting file systems.
ata-1-part2.tipc: TX() has been purged, node left!
[  OK  ]  Deactivated swap /dev/sda2.
[  OK  ]  Deactivated swap /dev/disk4-1a9c-410e-9f89-faaEXT4-fs (sda1): re-mounted. Opts: errors=remount-ro,stripe=8191c9fbb2501.
[  OK  ]  Reached target Unmount All Filesystems.
[  OK  ]  Stopped Update UTMP about System Boot/Shutdown.
[  OK  ]  Stopped Create Volatile Files and Directories.
[  OK  ]  Stopped target Local File Systems.
[  OK  ]  Stopped target Local File Systems (Pre).
[  OK  ]  Stopped Create Static Device Nodes in /dev.
systemd-shutdown[1]: All filesystems unmounted.
systemd-shutdown[1]: Deactivating swaps.
systemd-shutdown[1]: All swaps deactivated.
systemd-shutdown[1]: Detaching loop devices.
systemd-shutdown[1]: All loop devices detached. Create System Users.
systemd-shutdown[1]: Detaching DM devices.
systemd-shutdown[1]: All DM devices detached.
[  OK  ]  Stopped Remount Root and Kernel File Systems.
systemd-shutdown[1]: Syncing filesystems and block devices.
systemd-shutdown[1]: All filesystems, swaps, loop devices and DM devices detached.
[  OK  ]  Reached target Shutdown.
systemd-shutdown[1]: Powering off.
[  OK  ]  Reached target Final Step.
[  OK  ]  Finished Power-Off.
[  OK  ]  Reached target Power-Off.
kvm: exiting hardware virtualization
sd 0:0:0:0: [sda] Synchronizing SCSI cache
sd 0:0:0:0: [sda] Stopping disk
reboot: System halted
System Halted, OK to turn off power
