SD boot...
Initializing....using SPD
2 GiB left unmapped


U-Boot 2016.092.0+ga06b209 (Jul 12 2018 - 23:44:34 +0200)

CPU0:  T2080E, Version: 1.1, (0x85380011)
Core:  e6500, Version: 2.0, (0x80400120)
Clock Configuration:
       CPU0:1799.820 MHz, CPU1:1799.820 MHz, CPU2:1799.820 MHz, CPU3:1799.820 MHz, 
       CCB:599.940 MHz,
       DDR:933.310 MHz (1866.620 MT/s data rate) (Asynchronous), IFC:599.940 MHz
       FMAN1: 699.930 MHz
       QMAN:  299.970 MHz
       PME:   599.940 MHz
L1:    D-cache 32 KiB enabled
       I-cache 32 KiB enabled
Reset Configuration Word (RCW):
       00000000: 1207001b 15000000 00000000 00000000
       00000010: 66150002 00000000 68104000 c1000000
       00000020: 00800000 00000000 00000000 000307fc
       00000030: 00000000 00000000 00000000 00000004
Board: T2080RDB, Board rev: 0x01 CPLD ver: 0x03, boot from SD/MMC
SERDES Reference Clocks:
SD1_CLK1=156.25MHZ, SD1_CLK2=100.00MHZ
SD2_CLK1=100.00MHZ, SD2_CLK2=100.00MHZ
I2C:   ready
SPI:   ready
DRAM:  Detected UDIMM D3XP56082XL10AA   
2 GiB left unmapped
4 GiB (DDR3, 64-bit, CL=13, ECC on)
       DDR Chip-Select Interleaving Mode: CS0+CS1
Flash: 128 MiB
L2:    2 MiB enabled
Corenet Platform Cache: 512 KiB enabled
Using SERDES1 Protocol: 102 (0x66)
Using SERDES2 Protocol: 21 (0x15)
SEC0: RNG instantiated
NAND:  512 MiB
MMC:   FSL_SDHC: 0
EEPROM: Invalid ID (ff ff ff ff)
PCIe1: Endpoint, undetermined, regs @ 0xfe240000
PCIe1: Bus 00 - 00
PCIe2: Root Complex, x1 gen1, regs @ 0xfe250000
PCIe2: Bus 01 - 02
PCIe3: disabled
PCIe4: Root Complex, x4 gen1, regs @ 0xfe270000
  04:00.0     - 1002:68f9 - Display controller
  04:00.1     - 1002:aa68 - Multimedia device
PCIe4: Bus 03 - 04
Video: ATI Radeon video card (1002, 68f9) found @(4:0:0)
videoboot: Booting PCI video card bus 4, function 0, device 0
videoboot: Video ROM failed to map!
No radeon video card found!
In:    serial
Out:   serial
Err:   serial
Net:   
MMC read: dev # 0, block # 2080, count 128 ...
Fman1: Data at 7fb28c78 is not a firmware
No ethernet found.
Hit any key to stop autoboot: 10  9  8  7  6  5  4  3  2  1  0 
Device: FSL_SDHC
Manufacturer ID: 3
OEM: 5344
Name: SU08G 
Tran Speed: 50000000
Rd Block Len: 512
SD version 3.0
High Capacity: Yes
Capacity: 7.4 GiB
Bus Width: 4-bit
Erase Group Size: 512 Bytes
17259345 bytes read in 896 ms (18.4 MiB/s)
36545 bytes read in 156 ms (228.5 KiB/s)
WARNING: adjusting available memory to 30000000
## Booting kernel from Legacy Image at 03000000 ...
   Image Name:   Linux-4.18.9
   Image Type:   PowerPC Linux Kernel Image (gzip compressed)
   Data Size:    17259281 Bytes = 16.5 MiB
   Load Address: 00000000
   Entry Point:  00000000
   Verifying Checksum ... OK
## Flattened Device Tree blob at 05000000
   Booting using the fdt blob at 0x5000000
   Uncompressing Kernel Image ... OK
   Loading Device Tree to 03fe4000, end 03fffec0 ... OK
[    0.000000] OF: reserved mem: initialized node qman-fqd, compatible id fsl,qman-fqd
[    0.000000] OF: reserved mem: initialized node qman-pfdr, compatible id fsl,qman-pfdr
[    0.000000] OF: reserved mem: initialized node bman-fbpr, compatible id fsl,bman-fbpr
[    0.000000] MMU: Supported page sizes
[    0.000000]          4 KB as direct
[    0.000000]       2048 KB as direct & indirect
[    0.000000]       4096 KB as direct
[    0.000000]      16384 KB as direct
[    0.000000]      65536 KB as direct
[    0.000000]     262144 KB as direct
[    0.000000]    1048576 KB as direct
[    0.000000] MMU: Book3E HW tablewalk enabled
[    0.000000] Linux version 4.18.9 (mario@mario-HP-EliteBook-840-G1) (gcc version 7.3.0 (Ubuntu 7.3.0-16ubuntu3)) #1 SMP Thu Sep 20 08:02:24 CEST 2018
[    0.000000] Using CoreNet Generic machine description
[    0.000000] bootconsole [udbg0] enabled
[    0.000000] CPU maps initialized for 2 threads per core
[    0.000000] -----------------------------------------------------
[    0.000000] phys_mem_size     = 0xdac00000
[    0.000000] dcache_bsize      = 0x40
[    0.000000] icache_bsize      = 0x40
[    0.000000] cpu_features      = 0x00000003009003b6
[    0.000000]   possible        = 0x00000003009003b6
[    0.000000]   always          = 0x00000003008003b4
[    0.000000] cpu_user_features = 0xdc008000 0x08000000
[    0.000000] mmu_features      = 0x000a0010
[    0.000000] firmware_features = 0x0000000000000000
[    0.000000] -----------------------------------------------------
[    0.000000] numa:   NODE_DATA [mem 0xdab1a040-0xdab23fff]
[    0.000000] CoreNet Generic board
[    0.000000] Zone ranges:
[    0.000000]   DMA      [mem 0x0000000000000000-0x000000007fffffff]
[    0.000000]   DMA32    empty
[    0.000000]   Normal   [mem 0x0000000080000000-0x00000000dabfffff]
[    0.000000] Movable zone start for each node
[    0.000000] Early memory node ranges
[    0.000000]   node   0: [mem 0x0000000000000000-0x00000000dabfffff]
[    0.000000] Initmem setup node 0 [mem 0x0000000000000000-0x00000000dabfffff]
[    0.000000] MMU: Allocated 2112 bytes of context maps for 255 contexts
[    0.000000] percpu: Embedded 24 pages/cpu @(____ptrval____) s58128 r0 d40176 u131072
[    0.000000] Built 1 zonelists, mobility grouping on.  Total pages: 882000
[    0.000000] Policy zone: Normal
[    0.000000] Kernel command line: root=/dev/sda3 rw rootdelay=5 video=fbdev:dev=vga,1366x768M@60,if=RGB24,monitor=vga mem=3500M console=ttyS0,115200
[    0.000000] log_buf_len individual max cpu contribution: 4096 bytes
[    0.000000] log_buf_len total cpu_extra contributions: 28672 bytes
[    0.000000] log_buf_len min size: 16384 bytes
[    0.000000] log_buf_len: 65536 bytes
[    0.000000] early log buf free: 12280(74%)
[    0.000000] Memory: 3415648K/3584000K available (26748K kernel code, 4732K rwdata, 9296K rodata, 864K init, 2014K bss, 168352K reserved, 0K cma-reserved)
[    0.000000] random: get_random_u64 called from .cache_random_seq_create+0x64/0x180 with crng_init=0
[    0.000000] SLUB: HWalign=64, Order=0-3, MinObjects=0, CPUs=8, Nodes=1
[    0.000000] Hierarchical RCU implementation.
[    0.000000] 	RCU event tracing is enabled.
[    0.000000] 	RCU restricting CPUs from NR_CPUS=24 to nr_cpu_ids=8.
[    0.000000] RCU: Adjusting geometry for rcu_fanout_leaf=16, nr_cpu_ids=8
[    0.000000] NR_IRQS: 512, nr_irqs: 512, preallocated irqs: 16
[    0.000000] mpic: Setting up MPIC " OpenPIC  " version 1.2 at ffe040000, max 8 CPUs
[    0.000000] mpic: ISU size: 512, shift: 9, mask: 1ff
[    0.000000] mpic: Initializing for 512 sources
[    0.000003] clocksource: timebase: mask: 0xffffffffffffffff max_cycles: 0x8a5d528ca, max_idle_ns: 440795203517 ns
[    0.010181] clocksource: timebase mult[1aab5972] shift[24] registered
[    0.017886] Console: colour dummy device 80x25
[    0.022286] pid_max: default: 32768 minimum: 301
[    0.028013] Dentry cache hash table entries: 524288 (order: 10, 4194304 bytes)
[    0.035803] Inode-cache hash table entries: 262144 (order: 9, 2097152 bytes)
[    0.042864] Mount-cache hash table entries: 8192 (order: 4, 65536 bytes)
[    0.049497] Mountpoint-cache hash table entries: 8192 (order: 4, 65536 bytes)
[    0.057389] e6500 family performance monitor hardware support registered
[    0.064059] Hierarchical SRCU implementation.
[    0.071180] smp: Bringing up secondary CPUs ...
[    0.078742] smp: Brought up 1 node, 8 CPUs
[    0.082757] Using shared cache scheduler topology
[    0.088015] devtmpfs: initialized
[    0.095262] clocksource: jiffies: mask: 0xffffffff max_cycles: 0xffffffff, max_idle_ns: 1911260446275000 ns
[    0.104947] futex hash table entries: 2048 (order: 5, 131072 bytes)
[    0.111305] xor: measuring software checksum speed
[    0.126033]    8regs     :  3508.000 MB/sec
[    0.140150]    8regs_prefetch:  3188.000 MB/sec
[    0.154614]    32regs    :  2848.000 MB/sec
[    0.168732]    32regs_prefetch:  2684.000 MB/sec
[    0.183284]    altivec   :  5704.000 MB/sec
[    0.187378] xor: using function: altivec (5704.000 MB/sec)
[    0.193112] NET: Registered protocol family 16
[    0.197904] audit: initializing netlink subsys (disabled)
[    0.203281] audit: type=2000 audit(0.084:1): state=initialized audit_enabled=0 res=1
[    0.210980] cpuidle: using governor ladder
[    0.215115] cpuidle: using governor menu
[    0.232412] Machine: fsl,T2080RDB
[    0.235645] SoC family: QorIQ T2080
[    0.239121] SoC ID: svr:0x85380011, Revision: 1.1
[    0.246610] Found FSL PCI host bridge at 0x0000000ffe250000. Firmware bus number: 0->1
[    0.254447] PCI host bridge /pcie@ffe250000  ranges:
[    0.259405]  MEM 0x0000000c20000000..0x0000000c2fffffff -> 0x00000000e0000000 
[    0.266619]   IO 0x0000000ff8010000..0x0000000ff801ffff -> 0x0000000000000000
[    0.273763] /pcie@ffe250000: PCICSRBAR @ 0xff000007
[    0.278616] setup_pci_atmu: end of DRAM dac00000
[    0.283229] /pcie@ffe250000: Setting PCI inbound window greater than memory size
[    0.290885] Found FSL PCI host bridge at 0x0000000ffe270000. Firmware bus number: 0->1
[    0.298720] PCI host bridge /pcie@ffe270000  ranges:
[    0.303678]  MEM 0x0000000c40000000..0x0000000c5fffffff -> 0x00000000e0000000 
[    0.310892]   IO 0x0000000ff8030000..0x0000000ff803ffff -> 0x0000000000000000
[    0.318031] /pcie@ffe270000: PCICSRBAR @ 0xdf000007
[    0.322888] setup_pci_atmu: end of DRAM dac00000
[    0.327502] /pcie@ffe270000: Setting PCI inbound window greater than memory size
[    0.336669] iommu: Adding device ff6000000.qman-portal to group 0
[    0.342696] iommu: Adding device ff6004000.qman-portal to group 1
[    0.348785] iommu: Adding device ff6008000.qman-portal to group 2
[    0.354868] iommu: Adding device ff600c000.qman-portal to group 3
[    0.360951] iommu: Adding device ff6010000.qman-portal to group 4
[    0.367037] iommu: Adding device ff6014000.qman-portal to group 5
[    0.373123] iommu: Adding device ff6018000.qman-portal to group 6
[    0.379211] iommu: Adding device ff601c000.qman-portal to group 7
[    0.385295] iommu: Adding device ff6020000.qman-portal to group 8
[    0.391384] iommu: Adding device ff6024000.qman-portal to group 9
[    0.397467] iommu: Adding device ff6028000.qman-portal to group 10
[    0.403640] iommu: Adding device ff602c000.qman-portal to group 11
[    0.409815] iommu: Adding device ff6030000.qman-portal to group 12
[    0.415986] iommu: Adding device ff6034000.qman-portal to group 13
[    0.422158] iommu: Adding device ff6038000.qman-portal to group 14
[    0.428331] iommu: Adding device ff603c000.qman-portal to group 15
[    0.434510] iommu: Adding device ff6040000.qman-portal to group 16
[    0.440677] iommu: Adding device ff6044000.qman-portal to group 17
[    0.446860] iommu: Adding device ffe114000.sdhc to group 18
[    0.452446] iommu: Adding device ffe488000.port to group 19
[    0.457984] iommu: Adding device ffe489000.port to group 20
[    0.463545] iommu: Adding device ffe48a000.port to group 21
[    0.469109] iommu: Adding device ffe48b000.port to group 22
[    0.474674] iommu: Adding device ffe48c000.port to group 23
[    0.480238] iommu: Adding device ffe48d000.port to group 24
[    0.485804] iommu: Adding device ffe490000.port to group 25
[    0.491367] iommu: Adding device ffe491000.port to group 26
[    0.496951] iommu: Adding device ffe100300.dma to group 27
[    0.502406] iommu: Adding device ffe101300.dma to group 28
[    0.507888] iommu: Adding device ffe102300.dma to group 29
[    0.513370] iommu: Adding device ffe210000.usb to group 30
[    0.518838] iommu: Adding device ffe211000.usb to group 31
[    0.524318] iommu: Adding device ffe316000.pme to group 32
[    0.529796] iommu: Adding device ffe31a000.bman to group 33
[    0.535357] iommu: Adding device ffe318000.qman to group 34
[    0.540922] iommu: Adding device ffe220000.sata to group 35
[    0.546484] iommu: Adding device ffe221000.sata to group 36
[    0.552051] iommu: Adding device ffe240000.pcie to group 37
[    0.557614] iommu: Adding device ffe250000.pcie to group 38
[    0.563180] iommu: Adding device ffe270000.pcie to group 39
[    0.584716] PCI: Probing PCI hardware
[    0.588392] fsl-pci ffe250000.pcie: PCI host bridge to bus 0000:00
[    0.594492] pci_bus 0000:00: root bus resource [io  0x8000080000010000-0x800008000001ffff] (bus address [0x0000-0xffff])
[    0.605358] pci_bus 0000:00: root bus resource [mem 0xc20000000-0xc2fffffff] (bus address [0xe0000000-0xefffffff])
[    0.615703] pci_bus 0000:00: root bus resource [bus 00-01]
[    0.621225] pci 0000:00:00.0: [Firmware Bug]: reg 0x10: invalid BAR (can't size)
[    0.628734] iommu: Removing device ffe250000.pcie from group 38
[    0.634591] iommu: Adding device 0000:00:00.0 to group 40
[    0.644267] pci 0000:00:00.0: PCI bridge to [bus 01-ff]
[    0.649506] fsl-pci ffe270000.pcie: PCI host bridge to bus 0001:00
[    0.655604] pci_bus 0001:00: root bus resource [io  0x8000080000021000-0x8000080000030fff] (bus address [0x0000-0xffff])
[    0.666471] pci_bus 0001:00: root bus resource [mem 0xc40000000-0xc5fffffff] (bus address [0xe0000000-0xffffffff])
[    0.676816] pci_bus 0001:00: root bus resource [bus 00-01]
[    0.682466] iommu: Removing device ffe270000.pcie from group 39
[    0.688317] iommu: Adding device 0001:00:00.0 to group 38
[    0.695960] pci 0001:01:00.0: enabling Extended Tags
[    0.701008] iommu: Adding device 0001:01:00.0 to group 38
[    0.706460] pci 0001:01:00.1: enabling Extended Tags
[    0.711504] iommu: Adding device 0001:01:00.1 to group 38
[    0.721909] pci 0001:00:00.0: PCI bridge to [bus 01-ff]
[    0.727156] PCI: Cannot allocate resource region 6 of device 0000:00:00.0, will remap
[    0.734907] PCI: Cannot allocate resource region 0 of device 0001:00:00.0, will remap
[    0.742728] PCI: Cannot allocate resource region 6 of device 0001:00:00.0, will remap
[    0.750556] PCI: Cannot allocate resource region 2 of device 0001:01:00.0, will remap
[    0.758382] PCI: Cannot allocate resource region 0 of device 0001:01:00.1, will remap
[    0.766230] pci 0000:00:00.0: BAR 6: no space for [mem size 0x01000000 pref]
[    0.773246] pci 0000:00:00.0: BAR 6: failed to assign [mem size 0x01000000 pref]
[    0.780636] pci 0000:00:00.0: PCI bridge to [bus 01]
[    0.785592] pci 0000:00:00.0:   bridge window [io  0x8000080000010000-0x800008000001ffff]
[    0.793764] pci 0000:00:00.0:   bridge window [mem 0xc20000000-0xc2fffffff]
[    0.800739] pci 0001:00:00.0: BAR 15: no space for [mem size 0x10000000 pref]
[    0.807848] pci 0001:00:00.0: BAR 15: failed to assign [mem size 0x10000000 pref]
[    0.815326] pci 0001:00:00.0: BAR 6: no space for [mem size 0x01000000 pref]
[    0.822367] pci 0001:00:00.0: BAR 6: failed to assign [mem size 0x01000000 pref]
[    0.829758] pci 0001:00:00.0: BAR 0: no space for [io  size 0x0004]
[    0.836017] pci 0001:00:00.0: BAR 0: failed to assign [io  size 0x0004]
[    0.842628] pci 0001:01:00.0: BAR 0: assigned [mem 0xc40000000-0xc4fffffff 64bit pref]
[    0.850547] pci 0001:01:00.0: BAR 2: assigned [mem 0xc50020000-0xc5003ffff 64bit]
[    0.858024] pci 0001:01:00.1: BAR 0: assigned [mem 0xc50040000-0xc50043fff 64bit]
[    0.865500] pci 0001:00:00.0: PCI bridge to [bus 01]
[    0.870447] pci 0001:00:00.0:   bridge window [io  0x8000080000021000-0x8000080000030fff]
[    0.878620] pci 0001:00:00.0:   bridge window [mem 0xc40000000-0xc5fffffff]
[    0.885576] pci_bus 0001:00: Some PCI device resources are unassigned, try booting with pci=realloc
[    0.897141] Setting up RapidIO peer-to-peer network /rapidio@ffe0c0000
[    0.903590] fsl-of-rio ffe0c0000.rapidio: Of-device full name /rapidio@ffe0c0000
[    0.910975] fsl-of-rio ffe0c0000.rapidio: Regs: [mem 0xffe0c0000-0xffe0d0fff]
[    0.918109] fsl-of-rio ffe0c0000.rapidio: No valid fsl,srio-rmu-handle property
[    0.925417] fsl-of-rio: probe of ffe0c0000.rapidio failed with error -2
[    0.949567] HugeTLB registered 4.00 MiB page size, pre-allocated 0 pages
[    0.956201] HugeTLB registered 16.0 MiB page size, pre-allocated 0 pages
[    0.962882] HugeTLB registered 64.0 MiB page size, pre-allocated 0 pages
[    0.969576] HugeTLB registered 256 MiB page size, pre-allocated 0 pages
[    0.976184] HugeTLB registered 1.00 GiB page size, pre-allocated 0 pages
[    1.000297] raid6: altivecx1 gen()  1738 MB/s
[    1.021362] raid6: altivecx2 gen()  2109 MB/s
[    1.042427] raid6: altivecx4 gen()  2988 MB/s
[    1.063478] raid6: altivecx8 gen()  3167 MB/s
[    1.084566] raid6: int64x1  gen()   578 MB/s
[    1.105605] raid6: int64x1  xor()   728 MB/s
[    1.126694] raid6: int64x2  gen()   933 MB/s
[    1.147727] raid6: int64x2  xor()   929 MB/s
[    1.168801] raid6: int64x4  gen()  1363 MB/s
[    1.189815] raid6: int64x4  xor()  1007 MB/s
[    1.210887] raid6: int64x8  gen()  1628 MB/s
[    1.231942] raid6: int64x8  xor()   998 MB/s
[    1.236123] raid6: using algorithm altivecx8 gen() 3167 MB/s
[    1.241774] raid6: using intx1 recovery algorithm
[    1.246603] Freescale Elo series DMA driver
[    1.251436] fsl-elo-dma ffe100300.dma: #0 (fsl,eloplus-dma-channel), irq 28
[    1.258359] fsl-elo-dma ffe100300.dma: #1 (fsl,eloplus-dma-channel), irq 29
[    1.265322] fsl-elo-dma ffe100300.dma: #2 (fsl,eloplus-dma-channel), irq 30
[    1.272268] fsl-elo-dma ffe100300.dma: #3 (fsl,eloplus-dma-channel), irq 31
[    1.279220] fsl-elo-dma ffe100300.dma: #4 (fsl,eloplus-dma-channel), irq 76
[    1.286175] fsl-elo-dma ffe100300.dma: #5 (fsl,eloplus-dma-channel), irq 77
[    1.293131] fsl-elo-dma ffe100300.dma: #6 (fsl,eloplus-dma-channel), irq 78
[    1.300088] fsl-elo-dma ffe100300.dma: #7 (fsl,eloplus-dma-channel), irq 79
[    1.307435] fsl-elo-dma ffe101300.dma: #0 (fsl,eloplus-dma-channel), irq 32
[    1.314354] fsl-elo-dma ffe101300.dma: #1 (fsl,eloplus-dma-channel), irq 33
[    1.321307] fsl-elo-dma ffe101300.dma: #2 (fsl,eloplus-dma-channel), irq 34
[    1.328262] fsl-elo-dma ffe101300.dma: #3 (fsl,eloplus-dma-channel), irq 35
[    1.335221] fsl-elo-dma ffe101300.dma: #4 (fsl,eloplus-dma-channel), irq 80
[    1.342173] fsl-elo-dma ffe101300.dma: #5 (fsl,eloplus-dma-channel), irq 81
[    1.349133] fsl-elo-dma ffe101300.dma: #6 (fsl,eloplus-dma-channel), irq 82
[    1.356084] fsl-elo-dma ffe101300.dma: #7 (fsl,eloplus-dma-channel), irq 83
[    1.363421] fsl-elo-dma ffe102300.dma: #0 (fsl,eloplus-dma-channel), irq 464
[    1.370450] fsl-elo-dma ffe102300.dma: #1 (fsl,eloplus-dma-channel), irq 465
[    1.377467] fsl-elo-dma ffe102300.dma: #2 (fsl,eloplus-dma-channel), irq 466
[    1.384509] fsl-elo-dma ffe102300.dma: #3 (fsl,eloplus-dma-channel), irq 467
[    1.391551] fsl-elo-dma ffe102300.dma: #4 (fsl,eloplus-dma-channel), irq 473
[    1.398596] fsl-elo-dma ffe102300.dma: #5 (fsl,eloplus-dma-channel), irq 474
[    1.405636] fsl-elo-dma ffe102300.dma: #6 (fsl,eloplus-dma-channel), irq 475
[    1.412678] fsl-elo-dma ffe102300.dma: #7 (fsl,eloplus-dma-channel), irq 476
[    1.420505] pci 0001:01:00.0: vgaarb: VGA device added: decodes=io+mem,owns=none,locks=none
[    1.428779] pci 0001:01:00.0: vgaarb: bridge control possible
[    1.434514] pci 0001:01:00.0: vgaarb: setting as boot device (VGA legacy resources not available)
[    1.443382] vgaarb: loaded
[    1.446319] SCSI subsystem initialized
[    1.450267] usbcore: registered new interface driver usbfs
[    1.455702] usbcore: registered new interface driver hub
[    1.461025] usbcore: registered new device driver usb
[    1.466280] pps_core: LinuxPPS API ver. 1 registered
[    1.471160] pps_core: Software ver. 5.3.6 - Copyright 2005-2007 Rodolfo Giometti <giometti@linux.it>
[    1.480299] PTP clock support registered
[    1.484313] EDAC MC: Ver: 3.0.0
[    1.487676] fsl-ifc ffe124000.localbus: Freescale Integrated Flash Controller
[    1.494744] fsl-ifc ffe124000.localbus: IFC version 1.3, 8 banks
[    1.501200] NET: Registered protocol family 8
[    1.505470] NET: Registered protocol family 20
[    1.510517] clocksource: Switched to clocksource timebase
[    1.573867] VFS: Disk quotas dquot_6.6.0
[    1.577746] VFS: Dquot-cache hash table entries: 512 (order 0, 4096 bytes)
[    1.584652] FS-Cache: Loaded
[    1.587633] CacheFiles: Loaded
[    1.595172] NET: Registered protocol family 2
[    1.599736] tcp_listen_portaddr_hash hash table entries: 2048 (order: 3, 32768 bytes)
[    1.607546] TCP established hash table entries: 32768 (order: 6, 262144 bytes)
[    1.614855] TCP bind hash table entries: 32768 (order: 7, 524288 bytes)
[    1.621588] TCP: Hash tables configured (established 32768 bind 32768)
[    1.628105] UDP hash table entries: 2048 (order: 4, 65536 bytes)
[    1.634076] UDP-Lite hash table entries: 2048 (order: 4, 65536 bytes)
[    1.640592] NET: Registered protocol family 1
[    1.645134] RPC: Registered named UNIX socket transport module.
[    1.650977] RPC: Registered udp transport module.
[    1.655665] RPC: Registered tcp transport module.
[    1.660360] RPC: Registered tcp NFSv4.1 backchannel transport module.
[    1.667034] NET: Registered protocol family 44
[    1.671460] pci 0001:01:00.1: Linked as a consumer to 0001:01:00.0
[    1.680259] Initialise system trusted keyrings
[    1.684684] workingset: timestamp_bits=38 max_order=20 bucket_order=0
[    1.695359] zbud: loaded
[    1.699550] FS-Cache: Netfs 'nfs' registered for caching
[    1.705117] NFS: Registering the id_resolver key type
[    1.710094] Key type id_resolver registered
[    1.714256] Key type id_legacy registered
[    1.718260] nfs4filelayout_init: NFSv4 File Layout Driver Registering...
[    1.725169] FS-Cache: Netfs 'cifs' registered for caching
[    1.730668] Key type cifs.spnego registered
[    1.734769] Key type cifs.idmap registered
[    1.738854] ntfs: driver 2.1.32 [Flags: R/W].
[    1.743316] jffs2: version 2.2. (NAND) (SUMMARY)  Â© 2001-2006 Red Hat, Inc.
[    1.750574] romfs: ROMFS MTD (C) 2007 Red Hat, Inc.
[    1.755582] JFS: nTxBlock = 8192, nTxLock = 65536
[    1.762808] SGI XFS with ACLs, security attributes, no debug enabled
[    1.770227] NILFS version 2 loaded
[    1.774425] gfs2: GFS2 installed
[    1.780936] NET: Registered protocol family 38
[    1.785336] async_tx: api initialized (async)
[    1.789647] Key type asymmetric registered
[    1.793729] Asymmetric key parser 'x509' registered
[    1.798655] Block layer SCSI generic (bsg) driver version 0.4 loaded (major 247)
[    1.806070] io scheduler noop registered
[    1.809907] io scheduler deadline registered
[    1.814249] io scheduler cfq registered (default)
[    1.818869] io scheduler mq-deadline registered
[    1.823388] io scheduler kyber registered
[    1.827451] io scheduler bfq registered
[    1.831869] crc32: CRC_LE_BITS = 64, CRC_BE BITS = 64
[    1.836834] crc32: self tests passed, processed 225944 bytes in 306990 nsec
[    1.844104] crc32c: CRC_LE_BITS = 64
[    1.847591] crc32c: self tests passed, processed 225944 bytes in 153776 nsec
[    1.884519] crc32_combine: 8373 self tests passed
[    1.919665] crc32c_combine: 8373 self tests passed
[    1.925934] pcieport 0000:00:00.0: AER enabled with IRQ 21
[    1.931374] pcieport 0001:00:00.0: AER enabled with IRQ 23
[    1.936852] pcieport 0000:00:00.0: Signaling PME with IRQ 21
[    1.942489] pcieport 0001:00:00.0: Signaling PME with IRQ 23
[    1.953936] bman_portal ff4000000.bman-portal: Portal initialised, cpu 0
[    1.960620] bman_portal ff4004000.bman-portal: Portal initialised, cpu 1
[    1.967310] bman_portal ff4008000.bman-portal: Portal initialised, cpu 2
[    1.974007] bman_portal ff400c000.bman-portal: Portal initialised, cpu 3
[    1.980698] bman_portal ff4010000.bman-portal: Portal initialised, cpu 4
[    1.987397] bman_portal ff4014000.bman-portal: Portal initialised, cpu 5
[    1.994090] bman_portal ff4018000.bman-portal: Portal initialised, cpu 6
[    2.000782] bman_portal ff401c000.bman-portal: Portal initialised, cpu 7
[    2.008197] qman_portal ff6000000.qman-portal: Portal initialised, cpu 0
[    2.014893] qman_portal ff6004000.qman-portal: Portal initialised, cpu 1
[    2.021587] qman_portal ff6008000.qman-portal: Portal initialised, cpu 2
[    2.028277] qman_portal ff600c000.qman-portal: Portal initialised, cpu 3
[    2.034976] qman_portal ff6010000.qman-portal: Portal initialised, cpu 4
[    2.041666] qman_portal ff6014000.qman-portal: Portal initialised, cpu 5
[    2.048368] qman_portal ff6018000.qman-portal: Portal initialised, cpu 6
[    2.055145] qman_portal ff601c000.qman-portal: Portal initialised, cpu 7
[    2.091147] Serial: 8250/16550 driver, 4 ports, IRQ sharing enabled
[    2.098425] console [ttyS0] disabled
[    2.101949] serial8250.0: ttyS0 at MMIO 0xffe11c500 (irq = 36, base_baud = 18748125) is a 16550A
[    2.110712] console [ttyS0] enabled
[    2.110712] console [ttyS0] enabled
[    2.117654] bootconsole [udbg0] disabled
[    2.117654] bootconsole [udbg0] disabled
[    2.125940] serial8250.0: ttyS1 at MMIO 0xffe11c600 (irq = 36, base_baud = 18748125) is a 16550A
[    2.135111] serial8250.0: ttyS2 at MMIO 0xffe11d500 (irq = 37, base_baud = 18748125) is a 16550A
[    2.144287] serial8250.0: ttyS3 at MMIO 0xffe11d600 (irq = 37, base_baud = 18748125) is a 16550A
[    2.154225] console [ttyS0] disabled
[    2.157844] console [ttyS0] enabled
[    2.161790] ffe11c600.serial: ttyS1 at MMIO 0xffe11c600 (irq = 36, base_baud = 18748125) is a 16550
[    2.171285] ffe11d500.serial: ttyS2 at MMIO 0xffe11d500 (irq = 37, base_baud = 18748125) is a 16550
[    2.180795] ffe11d600.serial: ttyS3 at MMIO 0xffe11d600 (irq = 37, base_baud = 18748125) is a 16550
[    2.190368] ePAPR hypervisor byte channel driver
[    2.195300] [drm] radeon kernel modesetting enabled.
[    2.200594] [drm] initializing kernel modesetting (CEDAR 0x1002:0x68F9 0x1682:0x304A 0x00).
[    2.340483] ATOM BIOS: DDR3
[    2.343346] [drm] GPU not posted. posting now...
[    2.351578] radeon 0001:01:00.0: VRAM: 1024M 0x0000000000000000 - 0x000000003FFFFFFF (1024M used)
[    2.360460] radeon 0001:01:00.0: GTT: 1024M 0x0000000040000000 - 0x000000007FFFFFFF
[    2.368121] [drm] Detected VRAM RAM=1024M, BAR=256M
[    2.373000] [drm] RAM width 64bits DDR
[    2.376820] [TTM] Zone  kernel: Available graphics memory: 1741310 kiB
[    2.383354] [TTM] Initializing pool allocator
[    2.387718] [TTM] Initializing DMA pool allocator
[    2.392463] [drm] radeon: 1024M of VRAM memory ready
[    2.397430] [drm] radeon: 1024M of GTT memory ready.
[    2.402411] [drm] Loading CEDAR Microcode
[    2.406430] [drm] Internal thermal controller without fan control
[    2.416133] [drm] radeon: dpm initialized
[    2.420193] [drm] GART: num cpu pages 262144, num gpu pages 262144
[    2.427979] [drm] enabling PCIE gen 2 link speeds, disable with radeon.pcie_gen2=0
[    2.461117] [drm] PCIE GART of 1024M enabled (table at 0x000000000014C000).
[    2.468267] radeon 0001:01:00.0: WB enabled
[    2.472458] radeon 0001:01:00.0: fence driver on ring 0 use gpu addr 0x0000000040000c00 and cpu addr 0x(____ptrval____)
[    2.483252] radeon 0001:01:00.0: fence driver on ring 3 use gpu addr 0x0000000040000c0c and cpu addr 0x(____ptrval____)
[    2.497905] radeon 0001:01:00.0: fence driver on ring 5 use gpu addr 0x000000000005c418 and cpu addr 0x(____ptrval____)
[    2.508698] [drm] Supports vblank timestamp caching Rev 2 (21.10.2013).
[    2.515316] [drm] Driver supports precise vblank timestamp query.
[    2.521413] radeon 0001:01:00.0: radeon: MSI limited to 32-bit
[    2.527320] radeon 0001:01:00.0: radeon: using MSI.
[    2.532234] [drm] radeon: irq initialized.
[    2.552905] [drm] ring test on 0 succeeded in 0 usecs
[    2.557966] [drm] ring test on 3 succeeded in 3 usecs
[    2.737799] [drm] ring test on 5 succeeded in 1 usecs
[    2.742860] [drm] UVD initialized successfully.
[    2.747676] [drm] ib test on ring 0 succeeded in 0 usecs
[    2.753058] [drm] ib test on ring 3 succeeded in 0 usecs
[    2.907581] [drm] ib test on ring 5 succeeded
[    2.912739] [drm] Radeon Display Connectors
[    2.916927] [drm] Connector 0:
[    2.919982] [drm]   HDMI-A-1
[    2.922861] [drm]   HPD2
[    2.925393] [drm]   DDC: 0x6460 0x6460 0x6464 0x6464 0x6468 0x6468 0x646c 0x646c
[    2.932793] [drm]   Encoders:
[    2.935759] [drm]     DFP1: INTERNAL_UNIPHY1
[    2.940029] [drm] Connector 1:
[    2.943081] [drm]   DVI-I-1
[    2.945873] [drm]   HPD4
[    2.948404] [drm]   DDC: 0x6440 0x6440 0x6444 0x6444 0x6448 0x6448 0x644c 0x644c
[    2.955804] [drm]   Encoders:
[    2.958769] [drm]     DFP2: INTERNAL_UNIPHY
[    2.962952] [drm]     CRT1: INTERNAL_KLDSCP_DAC1
[    2.967570] [drm] Connector 2:
[    2.970623] [drm]   VGA-1
[    2.973241] [drm]   DDC: 0x6430 0x6430 0x6434 0x6434 0x6438 0x6438 0x643c 0x643c
[    2.980641] [drm]   Encoders:
[    2.983606] [drm]     CRT2: INTERNAL_KLDSCP_DAC2
[    3.109642] [drm] fb mappable at 0xC4034D000
[    3.113913] [drm] vram apper at 0xC40000000
[    3.118097] [drm] size 8294400
[    3.121149] [drm] fb depth is 24
[    3.124375] [drm]    pitch is 7680
[    3.178305] Console: switching to colour frame buffer device 240x67
[    3.210312] radeon 0001:01:00.0: fb0: radeondrmfb frame buffer device
[    3.216868] [drm] Initialized radeon 2.50.0 20080528 for 0001:01:00.0 on minor 0
[    3.224418] [drm] amdgpu kernel modesetting enabled.
[    3.233730] brd: module loaded
[    3.240424] loop: module loaded
[    3.243809] zram: Added device: zram0
[    3.660628] pcieport 0001:00:00.0: AER: Corrected error received: 0001:00:00.0
[    3.667886] pcieport 0001:00:00.0: PCIe Bus Error: severity=Corrected, type=Physical Layer, (Receiver ID)
[    3.677468] pcieport 0001:00:00.0:   device [1957:0830] error status/mask=00000001/00006000
[    3.685844] pcieport 0001:00:00.0:    [ 0] Receiver Error         (First)
[    3.692649] pcieport 0001:00:00.0: AER: Corrected error received: 0001:00:00.0
[    4.235076] pcieport 0001:00:00.0: AER: Corrected error received: 0001:00:00.0
[    4.242316] pcieport 0001:00:00.0: PCIe Bus Error: severity=Corrected, type=Physical Layer, (Receiver ID)
[    4.251893] pcieport 0001:00:00.0:   device [1957:0830] error status/mask=00000001/00006000
[    4.260252] pcieport 0001:00:00.0:    [ 0] Receiver Error         (First)
[    4.305673] st: Version 20160209, fixed bufsize 32768, s/g segs 256
[    4.313062] fsl-sata ffe220000.sata: Sata FSL Platform/CSB Driver init
[    4.319940] scsi host0: sata_fsl
[    4.323325] ata1: SATA max UDMA/133 irq 68
[    4.327467] fsl-sata ffe221000.sata: Sata FSL Platform/CSB Driver init
[    4.334276] scsi host1: sata_fsl
[    4.337593] ata2: SATA max UDMA/133 irq 69
[    4.346364] fe8000000.nor: Found 1 x16 devices at 0x0 in 16-bit bank. Manufacturer ID 0x000089 Chip ID 0x00227e
[    4.356470] Amd/Fujitsu Extended Query Table at 0x0040
[    4.361624]   Amd/Fujitsu Extended Query version 1.3.
[    4.366680] number of CFI chips: 1
[    4.370504] ftl_cs: FTL header not found.
[    4.376664] nand: device found, Manufacturer ID: 0x2c, Chip ID: 0xac
[    4.383024] nand: Micron MT29F4G08ABBDAH4
[    4.387035] nand: 512 MiB, SLC, erase size: 128 KiB, page size: 2048, OOB size: 64
[    4.395049] Bad block table found at page 262080, version 0x01
[    4.401684] Bad block table found at page 262016, version 0x01
[    4.411370] ftl_cs: FTL header not found.
[    4.415667] fsl,ifc-nand fff800000.nand: IFC NAND device at 0xfff800000, bank 1
[    4.423272] fsl_espi ffe110000.spi: cs=0, init_csmode=0x100008
[    4.429379] m25p80 spi0.0: found n25q512ax3, expected n25q512a
[    4.435345] m25p80 spi0.0: n25q512ax3 (65536 Kbytes)
[    4.444051] random: fast init done
[    4.462383] ftl_cs: FTL header not found.
[    4.466702] fsl_espi ffe110000.spi: at 0x(____ptrval____) (irq = 53)
[    4.473465] Ethernet Channel Bonding Driver: v3.7.1 (April 27, 2011)
[    4.480958] MACsec IEEE 802.1AE
[    4.485732] libphy: Fixed MDIO Bus: probed
[    4.490170] tun: Universal TUN/TAP device driver, 1.6
[    4.495445] Atheros(R) L2 Ethernet Driver - version 2.2.3
[    4.500848] Copyright (c) 2007 Atheros Corporation.
[    4.506282] cnic: QLogic cnicDriver v2.5.22 (July 20, 2015)
[    4.511924] bnx2x: QLogic 5771x/578xx 10/20-Gigabit Ethernet Driver bnx2x 1.712.30-0 (2014/02/10)
[    4.521128] bna: QLogic BR-series 10G Ethernet driver - version: 3.2.25.1
[    4.527977] enic: Cisco VIC Ethernet NIC Driver, ver 2.3.0.53
[    4.534286] libphy: Freescale XGMAC MDIO Bus: probed
[    4.539893] libphy: Freescale XGMAC MDIO Bus: probed
[    4.548356] libphy: Freescale XGMAC MDIO Bus: probed
[    4.553409] libphy: Freescale XGMAC MDIO Bus: probed
[    4.558462] libphy: Freescale XGMAC MDIO Bus: probed
[    4.563519] libphy: Freescale XGMAC MDIO Bus: probed
[    4.568573] libphy: Freescale XGMAC MDIO Bus: probed
[    4.573624] libphy: Freescale XGMAC MDIO Bus: probed
[    4.578676] libphy: Freescale XGMAC MDIO Bus: probed
[    4.583725] libphy: Freescale XGMAC MDIO Bus: probed
[    4.597011] fsl_dpaa_mac ffe4e0000.ethernet: of_get_mac_address(/soc@ffe000000/fman@400000/ethernet@e0000) failed
[    4.607293] fsl_dpaa_mac: probe of ffe4e0000.ethernet failed with error -22
[    4.614306] fsl_dpaa_mac ffe4e2000.ethernet: of_get_mac_address(/soc@ffe000000/fman@400000/ethernet@e2000) failed
[    4.624585] fsl_dpaa_mac: probe of ffe4e2000.ethernet failed with error -22
[    4.631598] fsl_dpaa_mac ffe4e4000.ethernet: of_get_mac_address(/soc@ffe000000/fman@400000/ethernet@e4000) failed
[    4.641877] fsl_dpaa_mac: probe of ffe4e4000.ethernet failed with error -22
[    4.648890] fsl_dpaa_mac ffe4e6000.ethernet: of_get_mac_address(/soc@ffe000000/fman@400000/ethernet@e6000) failed
[    4.659169] fsl_dpaa_mac: probe of ffe4e6000.ethernet failed with error -22
[    4.666182] fsl_dpaa_mac ffe4f0000.ethernet: of_get_mac_address(/soc@ffe000000/fman@400000/ethernet@f0000) failed
[    4.676461] fsl_dpaa_mac: probe of ffe4f0000.ethernet failed with error -22
[    4.683474] fsl_dpaa_mac ffe4f2000.ethernet: of_get_mac_address(/soc@ffe000000/fman@400000/ethernet@f2000) failed
[    4.693752] fsl_dpaa_mac: probe of ffe4f2000.ethernet failed with error -22
[    4.700909] e100: Intel(R) PRO/100 Network Driver, 3.5.24-k2-NAPI
[    4.707012] e100: Copyright(c) 1999-2006 Intel Corporation
[    4.712557] e1000: Intel(R) PRO/1000 Network Driver - version 7.3.21-k8-NAPI
[    4.719611] e1000: Copyright (c) 1999-2006 Intel Corporation.
[    4.725391] e1000e: Intel(R) PRO/1000 Network Driver - 3.2.6-k
[    4.731228] e1000e: Copyright(c) 1999 - 2015 Intel Corporation.
[    4.737183] igb: Intel(R) Gigabit Ethernet Network Driver - version 5.4.0-k
[    4.744149] igb: Copyright (c) 2007-2014 Intel Corporation.
[    4.749753] igbvf: Intel(R) Gigabit Virtual Function Network Driver - version 2.4.0-k
[    4.757589] igbvf: Copyright (c) 2009 - 2012 Intel Corporation.
[    4.763544] ixgbe: Intel(R) 10 Gigabit PCI Express Network Driver - version 5.1.0-k
[    4.771206] ixgbe: Copyright (c) 1999-2016 Intel Corporation.
[    4.777054] ixgbevf: Intel(R) 10 Gigabit PCI Express Virtual Function Network Driver - version 4.1.0-k
[    4.786369] ixgbevf: Copyright (c) 2009 - 2015 Intel Corporation.
[    4.792542] i40e: Intel(R) Ethernet Connection XL710 Network Driver - version 2.3.2-k
[    4.800379] i40e: Copyright (c) 2013 - 2014 Intel Corporation.
[    4.806321] ixgb: Intel(R) PRO/10GbE Network Driver - version 1.0.135-k2-NAPI
[    4.813464] ixgb: Copyright (c) 1999-2008 Intel Corporation.
[    4.819153] i40evf: Intel(R) 40-10 Gigabit Virtual Function Network Driver - version 3.2.2-k
[    4.827599] Copyright (c) 2013 - 2015 Intel Corporation.
[    4.829198] ata1: No Device OR PHYRDY change,Hstatus = 0xa0000000
[    4.832989] Intel(R) Ethernet Switch Host Interface Driver - version 0.23.4-k
[    4.839023] ata1: SATA link down (SStatus 10 SControl 300)
[    4.846153] Copyright(c) 2013 - 2018 Intel Corporation.
[    4.846244] ice: Intel(R) Ethernet Connection E800 Series Linux Driver - version ice-0.7.0-k
[    4.852523] ata2: Signature Update detected @ 509 msecs
[    4.856869] ice: Copyright (c) 2018, Intel Corporation.
[    4.856941] jme: JMicron JMC2XX ethernet driver version 1.0.8
[    4.881750] sky2: driver version 1.30
[    4.885536] PPP generic driver version 2.4.2
[    4.889910] PPP BSD Compression module registered
[    4.894619] PPP Deflate Compression module registered
[    4.899687] PPP MPPE Compression module registered
[    4.904480] NET: Registered protocol family 24
[    4.909006] usbcore: registered new interface driver ath9k_htc
[    4.914906] Loaded prism54 driver, version 1.2
[    4.919461] usbcore: registered new interface driver zd1211rw
[    4.925237] usbcore: registered new interface driver zd1201
[    4.930813] VMware vmxnet3 virtual NIC driver - version 1.4.16.0-k-NAPI
[    4.937480] usbcore: registered new interface driver catc
[    4.942907] usbcore: registered new interface driver kaweth
[    4.948483] pegasus: v0.9.3 (2013/04/25), Pegasus/Pegasus II USB Ethernet driver
[    4.955906] usbcore: registered new interface driver pegasus
[    4.961591] usbcore: registered new interface driver rtl8150
[    4.967278] usbcore: registered new interface driver r8152
[    4.972792] usbcore: registered new interface driver lan78xx
[    4.978478] usbcore: registered new interface driver cdc_subset
[    4.984704] ehci_hcd: USB 2.0 'Enhanced' Host Controller (EHCI) Driver
[    4.991367] ehci-pci: EHCI PCI platform driver
[    4.995863] ehci-platform: EHCI generic platform driver
[    5.002117] ehci-fsl: Freescale EHCI Host controller driver
[    5.007773] fsl-ehci fsl-ehci.0: Freescale On-Chip EHCI Host Controller
[    5.014402] fsl-ehci fsl-ehci.0: new USB bus registered, assigned bus number 1
[    5.024533] ata2: SATA link up 1.5 Gbps (SStatus 113 SControl 300)
[    5.031545] fsl-ehci fsl-ehci.0: irq 44, io mem 0xffe210000
[    5.037144] ata2.00: CFA: SDCFXS-032G, HDX12.03, max UDMA7
[    5.042636] ata2.00: 62537328 sectors, multi 0: LBA48 
[    5.043523] fsl-ehci fsl-ehci.0: USB 2.0 started, EHCI 1.00
[    5.047780] ata2.00: applying bridge limits
[    5.053455] usb usb1: New USB device found, idVendor=1d6b, idProduct=0002, bcdDevice= 4.18
[    5.065814] usb usb1: New USB device strings: Mfr=3, Product=2, SerialNumber=1
[    5.073049] usb usb1: Product: Freescale On-Chip EHCI Host Controller
[    5.073057] ata2.00: configured for UDMA/100
[    5.079495] usb usb1: Manufacturer: Linux 4.18.9 ehci_hcd
[    5.079498] usb usb1: SerialNumber: fsl-ehci.0
[    5.084035] scsi 1:0:0:0: Direct-Access     ATA      SDCFXS-032G      2.03 PQ: 0 ANSI: 5
[    5.089389] hub 1-0:1.0: USB hub found
[    5.094048] sd 1:0:0:0: [sda] 62537328 512-byte logical blocks: (32.0 GB/29.8 GiB)
[    5.101723] hub 1-0:1.0: 1 port detected
[    5.105490] sd 1:0:0:0: [sda] Write Protect is off
[    5.113244] fsl-ehci fsl-ehci.1: Freescale On-Chip EHCI Host Controller
[    5.121765] fsl-ehci fsl-ehci.1: new USB bus registered, assigned bus number 2
[    5.128423] sd 1:0:0:0: [sda] Write cache: disabled, read cache: enabled, doesn't support DPO or FUA
[    5.145508] fsl-ehci fsl-ehci.1: irq 45, io mem 0xffe211000
[    5.146241] pcieport 0001:00:00.0: AER: Corrected error received: 0001:00:00.0
[    5.151418]  sda: [mac] sda1 sda2 sda3 sda4 sda5
[    5.157529] fsl-ehci fsl-ehci.1: USB 2.0 started, EHCI 1.00
[    5.157615] usb usb2: New USB device found, idVendor=1d6b, idProduct=0002, bcdDevice= 4.18
[    5.157618] usb usb2: New USB device strings: Mfr=3, Product=2, SerialNumber=1
[    5.157620] usb usb2: Product: Freescale On-Chip EHCI Host Controller
[    5.157622] usb usb2: Manufacturer: Linux 4.18.9 ehci_hcd
[    5.157623] usb usb2: SerialNumber: fsl-ehci.1
[    5.157822] hub 2-0:1.0: USB hub found
[    5.157837] hub 2-0:1.0: 1 port detected
[    5.158112] usbcore: registered new interface driver usb-storage
[    5.158358] pcieport 0001:00:00.0: PCIe Bus Error: severity=Corrected, type=Physical Layer, (Receiver ID)
[    5.158671] mousedev: PS/2 mouse device common for all mice
[    5.159161] i2c /dev entries driver
[    5.159968] mpc-i2c ffe118000.i2c: timeout 1000000 us
[    5.160929] rtc-ds1307 8-0068: SET TIME!
[    5.163797] sd 1:0:0:0: [sda] Attached SCSI removable disk
[    5.167006] rtc-ds1307 8-0068: registered as rtc0
[    5.167769] at24 8-0050: 32768 byte 24c256 EEPROM, writable, 1 bytes/write
[    5.167864] mpc-i2c ffe118100.i2c: timeout 1000000 us
[    5.168293] mpc-i2c ffe119000.i2c: timeout 1000000 us
[    5.168467] mpc-i2c ffe119100.i2c: timeout 1000000 us
[    5.168526] pcieport 0001:00:00.0:   device [1957:0830] error status/mask=00000001/00006000
[    5.169476] i2c i2c-9: Added multiplexed i2c bus 12
[    5.169606] i2c i2c-9: Added multiplexed i2c bus 13
[    5.169728] i2c i2c-9: Added multiplexed i2c bus 14
[    5.169851] i2c i2c-9: Added multiplexed i2c bus 15
[    5.169853] pca954x 9-0077: registered 4 multiplexed busses for I2C switch pca9546
[    5.171098] booke_wdt: powerpc book-e watchdog driver loaded
[    5.171625] device-mapper: uevent: version 1.0.3
[    5.171765] device-mapper: ioctl: 4.39.0-ioctl (2018-04-03) initialised: dm-devel@redhat.com
[    5.171767] Freescale(R) MPC85xx EDAC driver, (C) 2006 Montavista Software
[    5.172641] EDAC MC0: Giving out device to module fsl_ddr_edac controller fsl_mc_err: DEV fsl_mc_err (INTERRUPT)
[    5.172672] fsl_ddr_edac acquired irq 490 for MC
[    5.172673] fsl_ddr_edac MC err registered
[    5.173840] EDAC PCI0: Giving out device to module MPC85xx_edac controller mpc85xx_pci_err: DEV mpc85xx-pci-edac.0.auto (INTERRUPT)
[    5.173857] MPC85xx_edac acquired irq 21 for PCI Err
[    5.173858] MPC85xx_edac PCI err registered
[    5.173903] EDAC PCI1: Giving out device to module MPC85xx_edac controller mpc85xx_pci_err: DEV mpc85xx-pci-edac.1.auto (INTERRUPT)
[    5.173915] MPC85xx_edac acquired irq 23 for PCI Err
[    5.173916] MPC85xx_edac PCI err registered
[    5.174243] sdhci: Secure Digital Host Controller Interface driver
[    5.174244] sdhci: Copyright(c) Pierre Ossman
[    5.174322] sdhci-pltfm: SDHCI platform and OF driver helper
[    5.199521] mmc0: SDHCI controller on ffe114000.sdhc [ffe114000.sdhc] using ADMA 64-bit
[    5.200317] pcieport 0001:00:00.0:    [ 0] Receiver Error         (First)
[    5.254443] mmc0: new high speed SDHC card at address e624
[    5.258685] pcieport 0001:00:00.0: AER: Corrected error received: 0001:00:00.0
[    5.439588] ledtrig-cpu: registered to indicate activity on CPUs
[    5.439752] mmcblk0: mmc0:e624 SU08G 7.40 GiB 
[    5.446286] iommu: Adding device ffe301000.jr to group 39
[    5.453523] usb 1-1: new high-speed USB device number 2 using fsl-ehci
[    5.455751] iommu: Adding device ffe302000.jr to group 41
[    5.462068]  mmcblk0: p1 p2
[    5.467654] iommu: Adding device ffe303000.jr to group 42
[    5.475816] iommu: Adding device ffe304000.jr to group 43
[    5.481778] platform caam_qi: Linux CAAM Queue I/F driver initialised
[    5.488238] caam ffe300000.crypto: Instantiated RNG4 SH1
[    5.493555] caam ffe300000.crypto: device ID = 0x0a13020000000000 (Era 6)
[    5.500351] caam ffe300000.crypto: job rings = 4, qi = 1
[    5.509880] caam algorithms registered in /proc/crypto
[    5.517985] platform caam_qi: algorithms registered in /proc/crypto
[    5.525795] caam_jr ffe301000.jr: registering rng-caam
[    5.531119] caam ffe300000.crypto: caam pkc algorithms registered in /proc/crypto
[    5.538661] hidraw: raw HID events driver (C) Jiri Kosina
[    5.544175] usbcore: registered new interface driver usbhid
[    5.549750] usbhid: USB HID core driver
[    5.553823] NET: Registered protocol family 40
[    5.558326] Freescale hypervisor management driver
[    5.563133] fsl-hv: no hypervisor found
[    5.567538] ipip: IPv4 and MPLS over IPv4 tunneling driver
[    5.573272] gre: GRE over IPv4 demultiplexor driver
[    5.578155] ip_gre: GRE over IPv4 tunneling driver
[    5.583503] Initializing XFRM netlink socket
[    5.588073] NET: Registered protocol family 10
[    5.590166] usb 1-1: New USB device found, idVendor=1a40, idProduct=0101, bcdDevice= 1.11
[    5.593168] Segment Routing with IPv6
[    5.600708] usb 1-1: New USB device strings: Mfr=0, Product=1, SerialNumber=0
[    5.604407] mip6: Mobile IPv6
[    5.611507] usb 1-1: Product: USB 2.0 Hub
[    5.611839] hub 1-1:1.0: USB hub found
[    5.614753] sit: IPv6, IPv4 and MPLS over IPv4 tunneling driver
[    5.618540] hub 1-1:1.0: 4 ports detected
[    5.622694] NET: Registered protocol family 17
[    5.636626] NET: Registered protocol family 15
[    5.641102] lec:lane_module_init: lec.c: initialized
[    5.646074] mpoa:atm_mpoa_init: mpc.c: initialized
[    5.650878] l2tp_core: L2TP core driver, V2.0
[    5.655238] l2tp_netlink: L2TP netlink interface
[    5.659896] sctp: Hash tables configured (bind 256/256)
[    5.665481] NET: Registered protocol family 21
[    5.670020] Registered RDS/tcp transport
[    5.673945] lib80211: common routines for IEEE802.11 drivers
[    5.679616] tipc: Activated (version 2.0.0)
[    5.683832] NET: Registered protocol family 30
[    5.688318] tipc: Started in single node mode
[    5.692690] Key type dns_resolver registered
[    5.697150] batman_adv: B.A.T.M.A.N. advanced 2018.2 (compatibility version 15) loaded
[    5.705084] mpls_gso: MPLS GSO support
[    5.709071] drmem: No dynamic reconfiguration memory found
[    5.714839] registered taskstats version 1
[    5.718941] Loading compiled-in X.509 certificates
[    5.723798] zswap: loaded using pool lzo/zbud
[    5.728768] Btrfs loaded, crc32c=crc32c-generic
[    5.733623] Key type encrypted registered
[    5.738352] gtp: GTP module loaded (pdp ctx size 104 bytes)
[    5.745078] rtc-ds1307 8-0068: setting system clock to 2000-01-01 00:00:19 UTC (946684819)
[    5.753513] cfg80211: Loading compiled-in X.509 certificates for regulatory database
[    5.761830] cfg80211: Loaded X.509 cert 'sforshee: 00b28ddf47aef9cea7'
[    5.768422] platform regulatory.0: Direct firmware load for regulatory.db failed with error -2
[    5.777048] cfg80211: failed to load regulatory.db
[    5.782133] Waiting 5 sec before mounting root device...
[    5.916525] usb 1-1.1: new low-speed USB device number 3 using fsl-ehci
[    5.922524] usb 2-1: new high-speed USB device number 2 using fsl-ehci
[    6.017916] usb 1-1.1: New USB device found, idVendor=046d, idProduct=c018, bcdDevice=43.01
[    6.026278] usb 1-1.1: New USB device strings: Mfr=1, Product=2, SerialNumber=0
[    6.033595] usb 1-1.1: Product: USB Optical Mouse
[    6.038301] usb 1-1.1: Manufacturer: Logitech
[    6.045111] input: Logitech USB Optical Mouse as /devices/platform/ffe000000.soc/ffe210000.usb/fsl-ehci.0/usb1/1-1/1-1.1/1-1.1:1.0/0003:046D:C018.0001/input/input0
[    6.058262] usb 2-1: New USB device found, idVendor=0586, idProduct=3401, bcdDevice=48.10
[    6.059935] hid-generic 0003:046D:C018.0001: input,hidraw0: USB HID v1.11 Mouse [Logitech USB Optical Mouse] on usb-fsl-ehci.0-1.1/input0
[    6.067913] usb 2-1: New USB device strings: Mfr=16, Product=32, SerialNumber=0
[    6.067916] usb 2-1: Product: ZyAIR G-220
[    6.091598] usb 2-1: Manufacturer: ZyXEL
[    6.156524] usb 1-1.2: new low-speed USB device number 4 using fsl-ehci
[    6.211524] usb 2-1: reset high-speed USB device number 2 using fsl-ehci
[    6.258919] usb 1-1.2: New USB device found, idVendor=046d, idProduct=c31c, bcdDevice=64.00
[    6.267279] usb 1-1.2: New USB device strings: Mfr=1, Product=2, SerialNumber=0
[    6.274595] usb 1-1.2: Product: USB Keyboard
[    6.278867] usb 1-1.2: Manufacturer: Logitech
[    6.288319] input: Logitech USB Keyboard as /devices/platform/ffe000000.soc/ffe210000.usb/fsl-ehci.0/usb1/1-1/1-1.2/1-1.2:1.0/0003:046D:C31C.0002/input/input1
[    6.346537] zd1211rw 2-1:1.0: phy0
[    6.354899] hid-generic 0003:046D:C31C.0002: input,hidraw1: USB HID v1.10 Keyboard [Logitech USB Keyboard] on usb-fsl-ehci.0-1.2/input0
[    6.372987] input: Logitech USB Keyboard Consumer Control as /devices/platform/ffe000000.soc/ffe210000.usb/fsl-ehci.0/usb1/1-1/1-1.2/1-1.2:1.1/0003:046D:C31C.0003/input/input2
[    6.440648] input: Logitech USB Keyboard System Control as /devices/platform/ffe000000.soc/ffe210000.usb/fsl-ehci.0/usb1/1-1/1-1.2/1-1.2:1.1/0003:046D:C31C.0003/input/input3
[    6.456265] hid-generic 0003:046D:C31C.0003: input,hidraw2: USB HID v1.10 Device [Logitech USB Keyboard] on usb-fsl-ehci.0-1.2/input1
[   10.896544] md: Waiting for all devices to be available before autodetect
[   10.903343] md: If you don't use raid, use raid=noautodetect
[   10.909293] md: Autodetecting RAID arrays.
[   10.913393] md: autorun ...
[   10.916186] md: ... autorun DONE.
[   10.921062] EXT4-fs (sda3): mounting ext3 file system using the ext4 subsystem
[   10.954753] EXT4-fs (sda3): mounted filesystem with ordered data mode. Opts: (null)
[   10.962428] VFS: Mounted root (ext3 filesystem) on device 8:3.
[   10.969484] devtmpfs: mounted
[   10.973020] Freeing unused kernel memory: 864K
[   10.977467] This architecture does not have kernel memory protection.
[   11.227011] systemd[1]: System time before build time, advancing clock.
[   11.300213] systemd[1]: systemd 239 running in system mode. (+PAM +AUDIT +SELINUX +IMA +APPARMOR +SMACK +SYSVINIT +UTMP +LIBCRYPTSETUP +GCRYPT +GNUTLS +ACL +XZ +LZ4 +SECCOMP +BLKID +ELFUTILS +KMOD -IDN2 +IDN -PCRE2 default-hierarchy=hybrid)
[   11.323036] systemd[1]: Detected architecture ppc64.

Welcome to [1mDebian GNU/Linux buster/sid[0m!

[   11.340652] systemd[1]: Set hostname to <T2080RDB>.
[   11.634389] random: systemd: uninitialized urandom read (16 bytes read)
[   11.641205] systemd[1]: Started Dispatch Password Requests to Console Directory Watch.
[[0;32m  OK  [0m] Started Dispatch Password Requests to Console Directory Watch.
[   11.659600] random: systemd: uninitialized urandom read (16 bytes read)
[   11.666416] systemd[1]: Listening on udev Control Socket.
[[0;32m  OK  [0m] Listening on udev Control Socket.
[   11.679565] random: systemd: uninitialized urandom read (16 bytes read)
[   11.686381] systemd[1]: Listening on Journal Socket.
[[0;32m  OK  [0m] Listening on Journal Socket.
[   11.700895] systemd[1]: Mounting Kernel Debug File System...
         Mounting Kernel Debug File System...
[   11.713869] systemd[1]: Listening on fsck to fsckd communication Socket.
[[0;32m  OK  [0m] Listening on fsck to fsckd communication Socket.
[   11.729857] systemd[1]: Listening on Journal Audit Socket.
[[0;32m  OK  [0m] Listening on Journal Audit Socket.
[   11.743033] systemd[1]: Created slice User and Session Slice.
[[0;32m  OK  [0m] Created slice User and Session Slice.
         Mounting POSIX Message Queue File System...
[[0;32m  OK  [0m] Created slice system-serial\x2dgetty.slice.
         Starting Load Kernel Modules...
[[0;32m  OK  [0m] Listening on Journal Socket (/dev/log).
[[0;32m  OK  [0m] Started Forward Password Requests to Wall Directory Watch.
[[0;32m  OK  [0m] Reached target Local Encrypted Volumes.
[[0;32m  OK  [0m] Reached target Slices.
[[0;32m  OK  [0m] Listening on Syslog Socket.
         Starting Journal Service...
         Mounting Huge Pages File System...
         Starting Create list of required stâ¦ce nodes for the current kernel...
[[0;32m  OK  [0m] Set up automount Arbitrary Executabâ¦rmats File[   11.861258] random: crng init done
[   11.864791] random: 7 urandom warning(s) missed due to ratelimiting
 System Automount Point.
         Starting Remount Root and Kernel File Systems...
[[0;32m  OK  [0m] Reached target Remote File Systems.
[[0;32m  OK  [0m] Created slice system-getty.slice.
[[0;32m  OK  [0m] Listening on udev Kernel Socket.
         Starting udev Coldplug all Devices...
         Starting Set the console keyboard layout...
[[0;32m  OK  [0m] Listening on initctl Compatibility Named Pipe.
[[0;32m  OK  [0m] Mounted Kernel Debug File System.
[[0;32m  OK  [0m] Mounted POSIX Message Queue File System.
[[0;1;31mFAILED[0m] Failed to start Load Kernel Modules.
See 'systemctl status systemd-modules-load.service' for details.
[[0;32m  OK  [0m] Mounted Huge Pages File System.
[[0;32m  OK  [0m] Started Create list of required staâ¦vice nodes for the current kernel.
         Starting Apply Kernel Variables...
         Mounting Kernel Configuration File System...
[[0;32m  OK  [0m] Started Journal Service.
[[0;32m  OK  [0m] Started Apply Kernel Variables.
[[0;32m  OK  [0m] Mounted Kernel Configuration File System.
[[0;32m  OK  [0m] Started Set the console keyboard layout.
[[0;32m  OK  [0m] Started udev Coldplug all Devices.
         Starting Helper to synchronize boot up for ifupdown...
[[0;32m  OK  [0m] Started Helper to synchronize boot up for ifupdown.
[   13.647179] EXT4-fs (sda3): re-mounted. Opts: errors=remount-ro
[[0;32m  OK  [0m] Started Remount Root and Kernel File Systems.
         Starting Load/Save Random Seed...
         Starting Flush Journal to Persistent Storage...
         Starting Create System Users...
[[0;32m  OK  [0m] Started Load/Save Random Seed.
[   13.708860] systemd-journald[2752]: Received request to flush runtime journal from PID 1
[   13.727259] systemd-journald[2752]: File /var/log/journal/cc70563e9bb04926b54b0c9f2f3716d0/system.journal corrupted or uncleanly shut down, renaming and replacing.
[[0;32m  OK  [0m] Started Create System Users.
         Starting Create Static Device Nodes in /dev...
[[0;32m  OK  [0m] Started Create Static Device Nodes in /dev.
[[0;32m  OK  [0m] Reached target Local File Systems (Pre).
[[0;32m  OK  [0m] Reached target Local File Systems.
         Starting Set console font and keymap...
         Starting Raise network interfaces...
         Starting udev Kernel Device Manager...
[[0;32m  OK  [0m] Started Flush Journal to Persistent Storage.
         Starting Create Volatile Files and Directories...
[[0;32m  OK  [0m] Started Set console font and keymap.
[[0;32m  OK  [0m] Started Create Volatile Files and Directories.
         Starting Update UTMP about System Boot/Shutdown...
         Starting Network Time Synchronization...
[[0;32m  OK  [0m] Started Update UTMP about System Boot/Shutdown.
[[0;32m  OK  [0m] Started udev Kernel Device Manager.
[[0;32m  OK  [0m] Started Network Time Synchronization.
[[0;32m  OK  [0m] Reached target System Time Synchronized.
[   17.053997] pcieport 0001:00:00.0: AER: Corrected error received: 0001:00:00.0
[   17.061246] pcieport 0001:00:00.0: PCIe Bus Error: severity=Corrected, type=Physical Layer, (Receiver ID)
[   17.070834] pcieport 0001:00:00.0:   device [1957:0830] error status/mask=00000001/00006000
[   17.079199] pcieport 0001:00:00.0:    [ 0] Receiver Error         (First)
[[0;32m  OK  [0m] Started Raise network interfaces.
[   17.825450] sd 1:0:0:0: Attached scsi generic sg0 type 0
[[0;32m  OK  [0m] Found device /dev/ttyS0.
[[0;32m  OK  [0m] Listening on Load/Save RF Kill Switch Status /dev/rfkill Watch.
         Starting Load/Save RF Kill Switch Status...
[[0;32m  OK  [0m] Started Load/Save RF Kill Switch Status.
[[0;32m  OK  [0m] Found device SDCFXS-032G swap.
         Activating swap /dev/disk/by-uuid/2â¦3be-2517-44f4-b90f-423518ec566f...
[   19.418588] snd_hda_intel 0001:01:00.1: Force to snoop mode by module option
[   19.426322] Unable to find swap-space signature
[[0;1;31mFAILED[0m] Failed to activate swap /dev/disk/bâ¦823be-2517-44f4-b90f-423518ec566f.
See 'systemctl status "dev-disk-by\\x2dâ¦0f\\x2d423518ec566f.swap"' for details.
[[0;1;33mDEPEND[0m] Dependency failed for Swap.
[[0;32m  OK  [0m] Reached target System Initialization.
[[0;32m  OK  [0m] Started Daily apt download activities.
[[0;32m  OK  [0m] Started Daily Cleanup of Temporary Directories.
[   19.497207] input: HDA ATI HDMI HDMI/DP,pcm=3 as /devices/platform/ffe270000.pcie/pci0001:00/0001:00:00.0/0001:01:00.1/sound/card0/input4
[[0;32m  OK  [0m] Listening on CUPS Scheduler.
[[0;32m  OK  [0m] Listening on Avahi mDNS/DNS-SD Stack Activation Socket.
[[0;32m  OK  [0m] Started Trigger anacron every hour.
[[0;32m  OK  [0m] Started Daily apt upgrade and clean activities.
[[0;32m  OK  [0m] Started CUPS Scheduler.
[[0;32m  OK  [0m] Reached target Paths.
[[0;32m  OK  [0m] Listening on D-Bus System Message Bus Socket.
[[0;32m  OK  [0m] Reached target Sockets.
[[0;32m  OK  [0m] Reached target Basic System.
         Starting Avahi mDNS/DNS-SD Stack...
         Starting Restore /etc/resolv.conf iâ¦fore the ppp link was shut down...
[[0;32m  OK  [0m] Started Regular background program processing daemon.
         Starting Initialize hardware monitoring sensors...
         Starting Modem Manager...
[[0;32m  OK  [0m] Started CUPS Scheduler.
         Starting LSB: handle special hotkeys of Apple computers...
[[0;32m  OK  [0m] Started irqbalance daemon.
         Starting System Logging Service...
[[0;32m  OK  [0m] Started Run anacron jobs.
         Starting Login Service...
         Starting Disk Manager...
[[0;32m  OK  [0m] Started D-Bus System Message Bus.
         Starting Network Manager...
         Starting WPA supplicant...
         Starting Wicd a wireless and wired network manager for Linux...
[[0;32m  OK  [0m] Started Daily rotation of log files.
[[0;32m  OK  [0m] Reached target Timers.
[[0;32m  OK  [0m] Started Restore /etc/resolv.conf ifâ¦before the ppp link was shut down.
[[0;32m  OK  [0m] Started LSB: handle special hotkeys of Apple computers.
[[0;32m  OK  [0m] Started System Logging Service.
[[0;32m  OK  [0m] Reached target Sound Card.
[[0;32m  OK  [0m] Started Initialize hardware monitoring sensors.
[[0;32m  OK  [0m] Started Login Service.
[[0;32m  OK  [0m] Started Avahi mDNS/DNS-SD Stack.
[[0;32m  OK  [0m] Started WPA supplicant.
[[0;32m  OK  [0m] Started Make remote CUPS printers available locally.
         Starting Authorization Manager...
[[0;32m  OK  [0m] Started Network Manager.
         Starting Network Manager Wait Online...
         Starting Hostname Service...
[[0;32m  OK  [0m] Started Authorization Manager.
[   20.914868] pcieport 0001:00:00.0: AER: Corrected error received: 0001:00:00.0
[   20.922129] pcieport 0001:00:00.0: PCIe Bus Error: severity=Corrected, type=Physical Layer, (Receiver ID)
[   20.931746] pcieport 0001:00:00.0:   device [1957:0830] error status/mask=00000001/00006000
[   20.940123] pcieport 0001:00:00.0:    [ 0] Receiver Error         (First)
[[0;32m  OK  [0m] Started Modem Manager.
[[0;32m  OK  [0m] Started Hostname Service.
         Starting Network Manager Script Dispatcher Service...
[[0;32m  OK  [0m] Started Wicd a wireless and wired network manager for Linux.
[[0;32m  OK  [0m] Reached target Network.
         Starting Permit User Sessions...
         Starting OpenBSD Secure Shell server...
[[0;32m  OK  [0m] Started Network Manager Script Dispatcher Service.
[[0;32m  OK  [0m] Started Permit User Sessions.
[[0;32m  OK  [0m] Started Serial Getty on ttyS0.
         Starting Light Display Manager...
[[0;32m  OK  [0m] Started Getty on tty1.
[[0;32m  OK  [0m] Reached target Login Prompts.
[[0;32m  OK  [0m] Started Light Display Manager.
[[0;32m  OK  [0m] Started OpenBSD Secure Shell server.
[[0;32m  OK  [0m] Started Disk Manager.
[   22.301476] IPv6: ADDRCONF(NETDEV_UP): wlan0: link is not ready
[   22.328352] usb 2-1: firmware version 0x4330 and device bootcode version 0x4810 differ
[   22.423556] zd1211rw 2-1:1.0: firmware version 4605
[   22.469567] zd1211rw 2-1:1.0: zd1211 chip 0586:3401 v4810 high 00-a0-c5 AL2230_RF pa0 -----
[   22.507904] IPv6: ADDRCONF(NETDEV_UP): wlan0: link is not ready
[   22.546159] NET: Registered protocol family 3
[   22.597898] IPv6: ADDRCONF(NETDEV_UP): wlan0: link is not ready
[   22.723921] IPv6: ADDRCONF(NETDEV_UP): wlan0: link is not ready
[   22.887636] NET: Registered protocol family 5
[[0;32m  OK  [0m] Started Network Manager Wait Online.
[[0;32m  OK  [0m] Reached target Network is Online.
         Starting LSB: exim Mail Transport Agent...
         Starting Samba NMB Daemon...
[[0;32m  OK  [0m] Created slice system-user\x2druntime\x2ddir.slice.
[[0;32m  OK  [0m] Started /run/user/113 mount wrapper.
[[0;32m  OK  [0m] Created slice User Slice of UID 113.
         Starting User Manager for UID 113...
[[0;32m  OK  [0m] Started Session c1 of user lightdm.
[[0;32m  OK  [0m] Started LSB: exim Mail Transport Agent.
[[0;32m  OK  [0m] Started User Manager for UID 113.
[   26.766845] fuse init (API version 7.27)


Debian GNU/Linux buster/sid T2080RDB ttyS0

T2080RDB login: [   35.971461] pcieport 0001:00:00.0: AER: Corrected error received: 0001:00:00.0
[   35.978709] pcieport 0001:00:00.0: PCIe Bus Error: severity=Corrected, type=Physical Layer, (Receiver ID)
[   35.988301] pcieport 0001:00:00.0:   device [1957:0830] error status/mask=00000001/00006000
[   35.996669] pcieport 0001:00:00.0:    [ 0] Receiver Error         (First)
